Component: ARM Compiler 5.06 update 7 (build 960) Tool: armlink [4d3601]

==============================================================================

Section Cross References

    startup_stm32h723xx.o(STACK) refers (Special) to heapauxi.o(.text) for __use_two_region_memory
    startup_stm32h723xx.o(HEAP) refers (Special) to heapauxi.o(.text) for __use_two_region_memory
    startup_stm32h723xx.o(RESET) refers (Special) to heapauxi.o(.text) for __use_two_region_memory
    startup_stm32h723xx.o(RESET) refers to startup_stm32h723xx.o(STACK) for __initial_sp
    startup_stm32h723xx.o(RESET) refers to startup_stm32h723xx.o(.text) for Reset_Handler
    startup_stm32h723xx.o(RESET) refers to stm32h7xx_it.o(i.NMI_Handler) for NMI_Handler
    startup_stm32h723xx.o(RESET) refers to stm32h7xx_it.o(i.HardFault_Handler) for HardFault_Handler
    startup_stm32h723xx.o(RESET) refers to stm32h7xx_it.o(i.MemManage_Handler) for MemManage_Handler
    startup_stm32h723xx.o(RESET) refers to stm32h7xx_it.o(i.BusFault_Handler) for BusFault_Handler
    startup_stm32h723xx.o(RESET) refers to stm32h7xx_it.o(i.UsageFault_Handler) for UsageFault_Handler
    startup_stm32h723xx.o(RESET) refers to port.o(.emb_text) for SVC_Handler
    startup_stm32h723xx.o(RESET) refers to stm32h7xx_it.o(i.DebugMon_Handler) for DebugMon_Handler
    startup_stm32h723xx.o(RESET) refers to port.o(i.SysTick_Handler) for SysTick_Handler
    startup_stm32h723xx.o(RESET) refers to stm32h7xx_it.o(i.DMA1_Stream0_IRQHandler) for DMA1_Stream0_IRQHandler
    startup_stm32h723xx.o(RESET) refers to stm32h7xx_it.o(i.DMA1_Stream1_IRQHandler) for DMA1_Stream1_IRQHandler
    startup_stm32h723xx.o(RESET) refers to stm32h7xx_it.o(i.DMA1_Stream2_IRQHandler) for DMA1_Stream2_IRQHandler
    startup_stm32h723xx.o(RESET) refers to stm32h7xx_it.o(i.DMA1_Stream3_IRQHandler) for DMA1_Stream3_IRQHandler
    startup_stm32h723xx.o(RESET) refers to stm32h7xx_it.o(i.DMA1_Stream4_IRQHandler) for DMA1_Stream4_IRQHandler
    startup_stm32h723xx.o(RESET) refers to stm32h7xx_it.o(i.DMA1_Stream5_IRQHandler) for DMA1_Stream5_IRQHandler
    startup_stm32h723xx.o(RESET) refers to stm32h7xx_it.o(i.DMA1_Stream6_IRQHandler) for DMA1_Stream6_IRQHandler
    startup_stm32h723xx.o(RESET) refers to stm32h7xx_it.o(i.USART1_IRQHandler) for USART1_IRQHandler
    startup_stm32h723xx.o(RESET) refers to stm32h7xx_it.o(i.USART2_IRQHandler) for USART2_IRQHandler
    startup_stm32h723xx.o(RESET) refers to stm32h7xx_it.o(i.USART3_IRQHandler) for USART3_IRQHandler
    startup_stm32h723xx.o(RESET) refers to stm32h7xx_it.o(i.DMA1_Stream7_IRQHandler) for DMA1_Stream7_IRQHandler
    startup_stm32h723xx.o(RESET) refers to stm32h7xx_it.o(i.DMA2_Stream0_IRQHandler) for DMA2_Stream0_IRQHandler
    startup_stm32h723xx.o(RESET) refers to stm32h7xx_it.o(i.DMA2_Stream1_IRQHandler) for DMA2_Stream1_IRQHandler
    startup_stm32h723xx.o(RESET) refers to stm32h7xx_it.o(i.DMA2_Stream2_IRQHandler) for DMA2_Stream2_IRQHandler
    startup_stm32h723xx.o(RESET) refers to stm32h7xx_it.o(i.DMA2_Stream3_IRQHandler) for DMA2_Stream3_IRQHandler
    startup_stm32h723xx.o(RESET) refers to stm32h7xx_it.o(i.USART6_IRQHandler) for USART6_IRQHandler
    startup_stm32h723xx.o(RESET) refers to stm32h7xx_it.o(i.UART7_IRQHandler) for UART7_IRQHandler
    startup_stm32h723xx.o(RESET) refers to stm32h7xx_it.o(i.UART9_IRQHandler) for UART9_IRQHandler
    startup_stm32h723xx.o(RESET) refers to stm32h7xx_it.o(i.TIM23_IRQHandler) for TIM23_IRQHandler
    startup_stm32h723xx.o(.text) refers (Special) to heapauxi.o(.text) for __use_two_region_memory
    startup_stm32h723xx.o(.text) refers to system_stm32h7xx.o(i.SystemInit) for SystemInit
    startup_stm32h723xx.o(.text) refers to __main.o(!!!main) for __main
    startup_stm32h723xx.o(.text) refers to startup_stm32h723xx.o(HEAP) for Heap_Mem
    startup_stm32h723xx.o(.text) refers to startup_stm32h723xx.o(STACK) for Stack_Mem
    main.o(i.HAL_TIM_PeriodElapsedCallback) refers to stm32h7xx_hal.o(i.HAL_IncTick) for HAL_IncTick
    main.o(i.MPU_Config) refers to stm32h7xx_hal_cortex.o(i.HAL_MPU_Disable) for HAL_MPU_Disable
    main.o(i.MPU_Config) refers to stm32h7xx_hal_cortex.o(i.HAL_MPU_ConfigRegion) for HAL_MPU_ConfigRegion
    main.o(i.MPU_Config) refers to stm32h7xx_hal_cortex.o(i.HAL_MPU_Enable) for HAL_MPU_Enable
    main.o(i.SystemClock_Config) refers to rt_memclr_w.o(.text) for __aeabi_memclr4
    main.o(i.SystemClock_Config) refers to stm32h7xx_hal_pwr_ex.o(i.HAL_PWREx_ConfigSupply) for HAL_PWREx_ConfigSupply
    main.o(i.SystemClock_Config) refers to stm32h7xx_hal_rcc.o(i.HAL_RCC_OscConfig) for HAL_RCC_OscConfig
    main.o(i.SystemClock_Config) refers to main.o(i.Error_Handler) for Error_Handler
    main.o(i.SystemClock_Config) refers to stm32h7xx_hal_rcc.o(i.HAL_RCC_ClockConfig) for HAL_RCC_ClockConfig
    main.o(i.main) refers to main.o(i.MPU_Config) for MPU_Config
    main.o(i.main) refers to stm32h7xx_hal.o(i.HAL_Init) for HAL_Init
[...]
    __rt_lib_shutdown                        0x08000389   Thumb Code     0  libshutdown.o(.ARM.Collect$$libshutdown$$00000000)
    __rt_lib_shutdown_cpp_1                  0x0800038b   Thumb Code     0  libshutdown2.o(.ARM.Collect$$libshutdown$$00000004)
    __rt_lib_shutdown_fini_1                 0x0800038b   Thumb Code     0  libshutdown2.o(.ARM.Collect$$libshutdown$$00000002)
    __rt_lib_shutdown_fp_trap_1              0x0800038b   Thumb Code     0  libshutdown2.o(.ARM.Collect$$libshutdown$$00000009)
    __rt_lib_shutdown_heap_1                 0x0800038b   Thumb Code     0  libshutdown2.o(.ARM.Collect$$libshutdown$$00000011)
    __rt_lib_shutdown_return                 0x0800038b   Thumb Code     0  libshutdown2.o(.ARM.Collect$$libshutdown$$00000012)
    __rt_lib_shutdown_signal_1               0x0800038b   Thumb Code     0  libshutdown2.o(.ARM.Collect$$libshutdown$$0000000C)
    __rt_lib_shutdown_stdio_1                0x0800038b   Thumb Code     0  libshutdown2.o(.ARM.Collect$$libshutdown$$00000006)
    __rt_lib_shutdown_user_alloc_1           0x0800038b   Thumb Code     0  libshutdown2.o(.ARM.Collect$$libshutdown$$0000000E)
    __rt_entry                               0x0800038d   Thumb Code     0  __rtentry.o(.ARM.Collect$$rtentry$$00000000)
    __rt_entry_presh_1                       0x0800038d   Thumb Code     0  __rtentry2.o(.ARM.Collect$$rtentry$$00000002)
    __rt_entry_sh                            0x0800038d   Thumb Code     0  __rtentry4.o(.ARM.Collect$$rtentry$$00000004)
    __rt_entry_li                            0x08000393   Thumb Code     0  __rtentry2.o(.ARM.Collect$$rtentry$$0000000A)
    __rt_entry_postsh_1                      0x08000393   Thumb Code     0  __rtentry2.o(.ARM.Collect$$rtentry$$00000009)
    __rt_entry_main                          0x08000397   Thumb Code     0  __rtentry2.o(.ARM.Collect$$rtentry$$0000000D)
    __rt_entry_postli_1                      0x08000397   Thumb Code     0  __rtentry2.o(.ARM.Collect$$rtentry$$0000000C)
    __rt_exit                                0x0800039f   Thumb Code     0  rtexit.o(.ARM.Collect$$rtexit$$00000000)
    __rt_exit_ls                             0x080003a1   Thumb Code     0  rtexit2.o(.ARM.Collect$$rtexit$$00000003)
    __rt_exit_prels_1                        0x080003a1   Thumb Code     0  rtexit2.o(.ARM.Collect$$rtexit$$00000002)
    __rt_exit_exit                           0x080003a5   Thumb Code     0  rtexit2.o(.ARM.Collect$$rtexit$$00000004)
    SVC_Handler                              0x080003ad   Thumb Code    28  port.o(.emb_text)
    __asm___6_port_c_39a90d8d__prvStartFirstTask 0x080003cd   Thumb Code    36  port.o(.emb_text)
    __asm___6_port_c_39a90d8d__prvEnableVFP  0x080003f5   Thumb Code    16  port.o(.emb_text)
    PendSV_Handler                           0x08000409   Thumb Code    88  port.o(.emb_text)
    vPortGetIPSR                             0x08000465   Thumb Code     6  port.o(.emb_text)
    Reset_Handler                            0x0800046d   Thumb Code     8  startup_stm32h723xx.o(.text)
    ADC3_IRQHandler                          0x08000487   Thumb Code     0  startup_stm32h723xx.o(.text)
    ADC_IRQHandler                           0x08000487   Thumb Code     0  startup_stm32h723xx.o(.text)
    BDMA_Channel0_IRQHandler                 0x08000487   Thumb Code     0  startup_stm32h723xx.o(.text)
    BDMA_Channel1_IRQHandler                 0x08000487   Thumb Code     0  startup_stm32h723xx.o(.text)
    BDMA_Channel2_IRQHandler                 0x08000487   Thumb Code     0  startup_stm32h723xx.o(.text)
    BDMA_Channel3_IRQHandler                 0x08000487   Thumb Code     0  startup_stm32h723xx.o(.text)
    BDMA_Channel4_IRQHandler                 0x08000487   Thumb Code     0  startup_stm32h723xx.o(.text)
    BDMA_Channel5_IRQHandler                 0x08000487   Thumb Code     0  startup_stm32h723xx.o(.text)
    BDMA_Channel6_IRQHandler                 0x08000487   Thumb Code     0  startup_stm32h723xx.o(.text)
    BDMA_Channel7_IRQHandler                 0x08000487   Thumb Code     0  startup_stm32h723xx.o(.text)
    CEC_IRQHandler                           0x08000487   Thumb Code     0  startup_stm32h723xx.o(.text)
    COMP1_IRQHandler                         0x08000487   Thumb Code     0  startup_stm32h723xx.o(.text)
    CORDIC_IRQHandler                        0x08000487   Thumb Code     0  startup_stm32h723xx.o(.text)
    CRS_IRQHandler                           0x08000487   Thumb Code     0  startup_stm32h723xx.o(.text)
    DCMI_PSSI_IRQHandler                     0x08000487   Thumb Code     0  startup_stm32h723xx.o(.text)
    DFSDM1_FLT0_IRQHandler                   0x08000487   Thumb Code     0  startup_stm32h723xx.o(.text)
    DFSDM1_FLT1_IRQHandler                   0x08000487   Thumb Code     0  startup_stm32h723xx.o(.text)
    DFSDM1_FLT2_IRQHandler                   0x08000487   Thumb Code     0  startup_stm32h723xx.o(.text)
    DFSDM1_FLT3_IRQHandler                   0x08000487   Thumb Code     0  startup_stm32h723xx.o(.text)
    DMA2D_IRQHandler                         0x08000487   Thumb Code     0  startup_stm32h723xx.o(.text)
    DMA2_Stream4_IRQHandler                  0x08000487   Thumb Code     0  startup_stm32h723xx.o(.text)
    DMA2_Stream5_IRQHandler                  0x08000487   Thumb Code     0  startup_stm32h723xx.o(.text)
    DMA2_Stream6_IRQHandler                  0x08000487   Thumb Code     0  startup_stm32h723xx.o(.text)
    DMA2_Stream7_IRQHandler                  0x08000487   Thumb Code     0  startup_stm32h723xx.o(.text)
    DMAMUX1_OVR_IRQHandler                   0x08000487   Thumb Code     0  startup_stm32h723xx.o(.text)
    DMAMUX2_OVR_IRQHandler                   0x08000487   Thumb Code     0  startup_stm32h723xx.o(.text)
    DTS_IRQHandler                           0x08000487   Thumb Code     0  startup_stm32h723xx.o(.text)
    ECC_IRQHandler                           0x08000487   Thumb Code     0  startup_stm32h723xx.o(.text)
    ETH_IRQHandler                           0x08000487   Thumb Code     0  startup_stm32h723xx.o(.text)
    ETH_WKUP_IRQHandler                      0x08000487   Thumb Code     0  startup_stm32h723xx.o(.text)
    EXTI0_IRQHandler                         0x08000487   Thumb Code     0  startup_stm32h723xx.o(.text)
    EXTI15_10_IRQHandler                     0x08000487   Thumb Code     0  startup_stm32h723xx.o(.text)
    EXTI1_IRQHandler                         0x08000487   Thumb Code     0  startup_stm32h723xx.o(.text)
    EXTI2_IRQHandler                         0x08000487   Thumb Code     0  startup_stm32h723xx.o(.text)
    EXTI3_IRQHandler                         0x08000487   Thumb Code     0  startup_stm32h723xx.o(.text)
    EXTI4_IRQHandler                         0x08000487   Thumb Code     0  startup_stm32h723xx.o(.text)
    EXTI9_5_IRQHandler                       0x08000487   Thumb Code     0  startup_stm32h723xx.o(.text)
    FDCAN1_IT0_IRQHandler                    0x08000487   Thumb Code     0  startup_stm32h723xx.o(.text)
    FDCAN1_IT1_IRQHandler                    0x08000487   Thumb Code     0  startup_stm32h723xx.o(.text)
    FDCAN2_IT0_IRQHandler                    0x08000487   Thumb Code     0  startup_stm32h723xx.o(.text)
    FDCAN2_IT1_IRQHandler                    0x08000487   Thumb Code     0  startup_stm32h723xx.o(.text)
    FDCAN3_IT0_IRQHandler                    0x08000487   Thumb Code     0  startup_stm32h723xx.o(.text)
    FDCAN3_IT1_IRQHandler                    0x08000487   Thumb Code     0  startup_stm32h723xx.o(.text)
    FDCAN_CAL_IRQHandler                     0x08000487   Thumb Code     0  startup_stm32h723xx.o(.text)
    FLASH_IRQHandler                         0x08000487   Thumb Code     0  startup_stm32h723xx.o(.text)
    FMAC_IRQHandler                          0x08000487   Thumb Code     0  startup_stm32h723xx.o(.text)
    FMC_IRQHandler                           0x08000487   Thumb Code     0  startup_stm32h723xx.o(.text)
    FPU_IRQHandler                           0x08000487   Thumb Code     0  startup_stm32h723xx.o(.text)
    HSEM1_IRQHandler                         0x08000487   Thumb Code     0  startup_stm32h723xx.o(.text)
    I2C1_ER_IRQHandler                       0x08000487   Thumb Code     0  startup_stm32h723xx.o(.text)
    I2C1_EV_IRQHandler                       0x08000487   Thumb Code     0  startup_stm32h723xx.o(.text)
    I2C2_ER_IRQHandler                       0x08000487   Thumb Code     0  startup_stm32h723xx.o(.text)
    I2C2_EV_IRQHandler                       0x08000487   Thumb Code     0  startup_stm32h723xx.o(.text)
    I2C3_ER_IRQHandler                       0x08000487   Thumb Code     0  startup_stm32h723xx.o(.text)
    I2C3_EV_IRQHandler                       0x08000487   Thumb Code     0  startup_stm32h723xx.o(.text)
    I2C4_ER_IRQHandler                       0x08000487   Thumb Code     0  startup_stm32h723xx.o(.text)
    I2C4_EV_IRQHandler                       0x08000487   Thumb Code     0  startup_stm32h723xx.o(.text)
    I2C5_ER_IRQHandler                       0x08000487   Thumb Code     0  startup_stm32h723xx.o(.text)
    I2C5_EV_IRQHandler                       0x08000487   Thumb Code     0  startup_stm32h723xx.o(.text)
    LPTIM1_IRQHandler                        0x08000487   Thumb Code     0  startup_stm32h723xx.o(.text)
    LPTIM2_IRQHandler                        0x08000487   Thumb Code     0  startup_stm32h723xx.o(.text)
    LPTIM3_IRQHandler                        0x08000487   Thumb Code     0  startup_stm32h723xx.o(.text)
    LPTIM4_IRQHandler                        0x08000487   Thumb Code     0  startup_stm32h723xx.o(.text)
    LPTIM5_IRQHandler                        0x08000487   Thumb Code     0  startup_stm32h723xx.o(.text)
    LPUART1_IRQHandler                       0x08000487   Thumb Code     0  startup_stm32h723xx.o(.text)
    LTDC_ER_IRQHandler                       0x08000487   Thumb Code     0  startup_stm32h723xx.o(.text)
    LTDC_IRQHandler                          0x08000487   Thumb Code     0  startup_stm32h723xx.o(.text)
    MDIOS_IRQHandler                         0x08000487   Thumb Code     0  startup_stm32h723xx.o(.text)
    MDIOS_WKUP_IRQHandler                    0x08000487   Thumb Code     0  startup_stm32h723xx.o(.text)
    MDMA_IRQHandler                          0x08000487   Thumb Code     0  startup_stm32h723xx.o(.text)
    OCTOSPI1_IRQHandler                      0x08000487   Thumb Code     0  startup_stm32h723xx.o(.text)
    OCTOSPI2_IRQHandler                      0x08000487   Thumb Code     0  startup_stm32h723xx.o(.text)
    OTG_HS_EP1_IN_IRQHandler                 0x08000487   Thumb Code     0  startup_stm32h723xx.o(.text)
    OTG_HS_EP1_OUT_IRQHandler                0x08000487   Thumb Code     0  startup_stm32h723xx.o(.text)
    OTG_HS_IRQHandler                        0x08000487   Thumb Code     0  startup_stm32h723xx.o(.text)
    OTG_HS_WKUP_IRQHandler                   0x08000487   Thumb Code     0  startup_stm32h723xx.o(.text)
    PVD_AVD_IRQHandler                       0x08000487   Thumb Code     0  startup_stm32h723xx.o(.text)
    RCC_IRQHandler                           0x08000487   Thumb Code     0  startup_stm32h723xx.o(.text)
    RNG_IRQHandler                           0x08000487   Thumb Code     0  startup_stm32h723xx.o(.text)
    RTC_Alarm_IRQHandler                     0x08000487   Thumb Code     0  startup_stm32h723xx.o(.text)
    RTC_WKUP_IRQHandler                      0x08000487   Thumb Code     0  startup_stm32h723xx.o(.text)
    SAI1_IRQHandler                          0x08000487   Thumb Code     0  startup_stm32h723xx.o(.text)
    SAI4_IRQHandler                          0x08000487   Thumb Code     0  startup_stm32h723xx.o(.text)
    SDMMC1_IRQHandler                        0x08000487   Thumb Code     0  startup_stm32h723xx.o(.text)
    SDMMC2_IRQHandler                        0x08000487   Thumb Code     0  startup_stm32h723xx.o(.text)
    SPDIF_RX_IRQHandler                      0x08000487   Thumb Code     0  startup_stm32h723xx.o(.text)
    SPI1_IRQHandler                          0x08000487   Thumb Code     0  startup_stm32h723xx.o(.text)
    SPI2_IRQHandler                          0x08000487   Thumb Code     0  startup_stm32h723xx.o(.text)
    SPI3_IRQHandler                          0x08000487   Thumb Code     0  startup_stm32h723xx.o(.text)
    SPI4_IRQHandler                          0x08000487   Thumb Code     0  startup_stm32h723xx.o(.text)
    SPI5_IRQHandler                          0x08000487   Thumb Code     0  startup_stm32h723xx.o(.text)
    SPI6_IRQHandler                          0x08000487   Thumb Code     0  startup_stm32h723xx.o(.text)
    SWPMI1_IRQHandler                        0x08000487   Thumb Code     0  startup_stm32h723xx.o(.text)
    TAMP_STAMP_IRQHandler                    0x08000487   Thumb Code     0  startup_stm32h723xx.o(.text)
    TIM15_IRQHandler                         0x08000487   Thumb Code     0  startup_stm32h723xx.o(.text)
    TIM16_IRQHandler                         0x08000487   Thumb Code     0  startup_stm32h723xx.o(.text)
    TIM17_IRQHandler                         0x08000487   Thumb Code     0  startup_stm32h723xx.o(.text)
    TIM1_BRK_IRQHandler                      0x08000487   Thumb Code     0  startup_stm32h723xx.o(.text)
    TIM1_CC_IRQHandler                       0x08000487   Thumb Code     0  startup_stm32h723xx.o(.text)
    TIM1_TRG_COM_IRQHandler                  0x08000487   Thumb Code     0  startup_stm32h723xx.o(.text)
    TIM1_UP_IRQHandler                       0x08000487   Thumb Code     0  startup_stm32h723xx.o(.text)
    TIM24_IRQHandler                         0x08000487   Thumb Code     0  startup_stm32h723xx.o(.text)
    TIM2_IRQHandler                          0x08000487   Thumb Code     0  startup_stm32h723xx.o(.text)
    TIM3_IRQHandler                          0x08000487   Thumb Code     0  startup_stm32h723xx.o(.text)
    TIM4_IRQHandler                          0x08000487   Thumb Code     0  startup_stm32h723xx.o(.text)
    TIM5_IRQHandler                          0x08000487   Thumb Code     0  startup_stm32h723xx.o(.text)
    TIM6_DAC_IRQHandler                      0x08000487   Thumb Code     0  startup_stm32h723xx.o(.text)
    TIM7_IRQHandler                          0x08000487   Thumb Code     0  startup_stm32h723xx.o(.text)
    TIM8_BRK_TIM12_IRQHandler                0x08000487   Thumb Code     0  startup_stm32h723xx.o(.text)
    TIM8_CC_IRQHandler                       0x08000487   Thumb Code     0  startup_stm32h723xx.o(.text)
    TIM8_TRG_COM_TIM14_IRQHandler            0x08000487   Thumb Code     0  startup_stm32h723xx.o(.text)
    TIM8_UP_TIM13_IRQHandler                 0x08000487   Thumb Code     0  startup_stm32h723xx.o(.text)
    UART4_IRQHandler                         0x08000487   Thumb Code     0  startup_stm32h723xx.o(.text)
    UART5_IRQHandler                         0x08000487   Thumb Code     0  startup_stm32h723xx.o(.text)
    UART8_IRQHandler                         0x08000487   Thumb Code     0  startup_stm32h723xx.o(.text)
    USART10_IRQHandler                       0x08000487   Thumb Code     0  startup_stm32h723xx.o(.text)
    WAKEUP_PIN_IRQHandler                    0x08000487   Thumb Code     0  startup_stm32h723xx.o(.text)
    WWDG_IRQHandler                          0x08000487   Thumb Code     0  startup_stm32h723xx.o(.text)
    __user_initial_stackheap                 0x08000489   Thumb Code     0  startup_stm32h723xx.o(.text)
    __aeabi_uldivmod                         0x080004ad   Thumb Code     0  lludivv7m.o(.text)
    _ll_udiv                                 0x080004ad   Thumb Code   238  lludivv7m.o(.text)
    __aeabi_memcpy                           0x0800059b   Thumb Code     0  rt_memcpy_v6.o(.text)
    __rt_memcpy                              0x0800059b   Thumb Code   138  rt_memcpy_v6.o(.text)
    _memcpy_lastbytes                        0x08000601   Thumb Code     0  rt_memcpy_v6.o(.text)
    __aeabi_memcpy4                          0x08000625   Thumb Code     0  rt_memcpy_w.o(.text)
    __aeabi_memcpy8                          0x08000625   Thumb Code     0  rt_memcpy_w.o(.text)
    __rt_memcpy_w                            0x08000625   Thumb Code   100  rt_memcpy_w.o(.text)
    _memcpy_lastbytes_aligned                0x0800066d   Thumb Code     0  rt_memcpy_w.o(.text)
    __aeabi_memclr4                          0x08000689   Thumb Code     0  rt_memclr_w.o(.text)
    __aeabi_memclr8                          0x08000689   Thumb Code     0  rt_memclr_w.o(.text)
    __rt_memclr_w                            0x08000689   Thumb Code    78  rt_memclr_w.o(.text)
    _memset_w                                0x0800068d   Thumb Code     0  rt_memclr_w.o(.text)
    __use_two_region_memory                  0x080006d7   Thumb Code     2  heapauxi.o(.text)
    __rt_heap_escrow$2region                 0x080006d9   Thumb Code     2  heapauxi.o(.text)
    __rt_heap_expand$2region                 0x080006db   Thumb Code     2  heapauxi.o(.text)
    __read_errno                             0x080006dd   Thumb Code    10  _rserrno.o(.text)
    __set_errno                              0x080006e7   Thumb Code    12  _rserrno.o(.text)
    __aeabi_errno_addr                       0x080006f5   Thumb Code     8  rt_errno_addr_intlibspace.o(.text)
    __errno$intlibspace                      0x080006f5   Thumb Code     0  rt_errno_addr_intlibspace.o(.text)
    __rt_errno_addr$intlibspace              0x080006f5   Thumb Code     0  rt_errno_addr_intlibspace.o(.text)
    __user_libspace                          0x080006fd   Thumb Code     8  libspace.o(.text)
    __user_perproc_libspace                  0x080006fd   Thumb Code     0  libspace.o(.text)
    __user_perthread_libspace                0x080006fd   Thumb Code     0  libspace.o(.text)
    __user_setup_stackheap                   0x08000705   Thumb Code    74  sys_stackheap_outer.o(.text)
    exit                                     0x0800074f   Thumb Code    18  exit.o(.text)
    _sys_exit                                0x08000761   Thumb Code     8  sys_exit.o(.text)
    __I$use$semihosting                      0x0800076d   Thumb Code     0  use_no_semi.o(.text)
    __use_no_semihosting_swi                 0x0800076d   Thumb Code     2  use_no_semi.o(.text)
    __semihosting_library_function           0x0800076f   Thumb Code     0  indicate_semi.o(.text)
    App_Robot_Init                           0x08000945   Thumb Code    80  app_robot.o(i.App_Robot_Init)
    App_Robot_Loop1ms                        0x080009a9   Thumb Code   182  app_robot.o(i.App_Robot_Loop1ms)
    App_UpdateCurrentFootPosFromMotor        0x08000b7d   Thumb Code   168  app_robot.o(i.App_UpdateCurrentFootPosFromMotor)
    App_all_motor_claculate                  0x08000d8d   Thumb Code   212  app_robot.o(i.App_all_motor_claculate)
    App_motor_angle_calculate                0x08000e69   Thumb Code   576  app_robot.o(i.App_motor_angle_calculate)
    App_target_relative_to_absolute          0x080010dd   Thumb Code    48  app_robot.o(i.App_target_relative_to_absolute)
    App_vofa_Send                            0x08001111   Thumb Code    80  app_robot.o(i.App_vofa_Send)
    BusFault_Handler                         0x08001179   Thumb Code     4  stm32h7xx_it.o(i.BusFault_Handler)
    DMA1_Stream0_IRQHandler                  0x0800117d   Thumb Code    10  stm32h7xx_it.o(i.DMA1_Stream0_IRQHandler)
    DMA1_Stream1_IRQHandler                  0x0800118d   Thumb Code    10  stm32h7xx_it.o(i.DMA1_Stream1_IRQHandler)
    DMA1_Stream2_IRQHandler                  0x0800119d   Thumb Code    10  stm32h7xx_it.o(i.DMA1_Stream2_IRQHandler)
    DMA1_Stream3_IRQHandler                  0x080011ad   Thumb Code    10  stm32h7xx_it.o(i.DMA1_Stream3_IRQHandler)
    DMA1_Stream4_IRQHandler                  0x080011bd   Thumb Code    10  stm32h7xx_it.o(i.DMA1_Stream4_IRQHandler)
    DMA1_Stream5_IRQHandler                  0x080011cd   Thumb Code    10  stm32h7xx_it.o(i.DMA1_Stream5_IRQHandler)
    DMA1_Stream6_IRQHandler                  0x080011dd   Thumb Code    10  stm32h7xx_it.o(i.DMA1_Stream6_IRQHandler)
    DMA1_Stream7_IRQHandler                  0x080011ed   Thumb Code    10  stm32h7xx_it.o(i.DMA1_Stream7_IRQHandler)
    DMA2_Stream0_IRQHandler                  0x080011fd   Thumb Code    10  stm32h7xx_it.o(i.DMA2_Stream0_IRQHandler)
    DMA2_Stream1_IRQHandler                  0x0800120d   Thumb Code    10  stm32h7xx_it.o(i.DMA2_Stream1_IRQHandler)
    DMA2_Stream2_IRQHandler                  0x0800121d   Thumb Code    10  stm32h7xx_it.o(i.DMA2_Stream2_IRQHandler)
    DMA2_Stream3_IRQHandler                  0x0800122d   Thumb Code    10  stm32h7xx_it.o(i.DMA2_Stream3_IRQHandler)
    DebugMon_Handler                         0x080017a9   Thumb Code     2  stm32h7xx_it.o(i.DebugMon_Handler)
    Error_Handler                            0x080017ab   Thumb Code     6  main.o(i.Error_Handler)
    Gait_SetLegFootTargetM                   0x080017b1   Thumb Code    44  gait.o(i.Gait_SetLegFootTargetM)
    Gait_UpdateTargetAngleFromFootTarget     0x080017e1   Thumb Code   130  gait.o(i.Gait_UpdateTargetAngleFromFootTarget)
    HAL_DMA_Abort                            0x08001869   Thumb Code  1236  stm32h7xx_hal_dma.o(i.HAL_DMA_Abort)
    HAL_DMA_Abort_IT                         0x08001d45   Thumb Code   906  stm32h7xx_hal_dma.o(i.HAL_DMA_Abort_IT)
    HAL_DMA_GetError                         0x080020dd   Thumb Code     6  stm32h7xx_hal_dma.o(i.HAL_DMA_GetError)
    HAL_DMA_IRQHandler                       0x080020e5   Thumb Code  2798  stm32h7xx_hal_dma.o(i.HAL_DMA_IRQHandler)
    HAL_DMA_Init                             0x08002bdd   Thumb Code  1292  stm32h7xx_hal_dma.o(i.HAL_DMA_Init)
    HAL_DMA_Start_IT                         0x080030f1   Thumb Code   980  stm32h7xx_hal_dma.o(i.HAL_DMA_Start_IT)
    HAL_GPIO_Init                            0x080034d1   Thumb Code   446  stm32h7xx_hal_gpio.o(i.HAL_GPIO_Init)
    HAL_GPIO_WritePin                        0x080036c1   Thumb Code    12  stm32h7xx_hal_gpio.o(i.HAL_GPIO_WritePin)
    HAL_GetTick                              0x080036cd   Thumb Code     6  stm32h7xx_hal.o(i.HAL_GetTick)
    HAL_IncTick                              0x080036d9   Thumb Code    16  stm32h7xx_hal.o(i.HAL_IncTick)
    HAL_Init                                 0x080036f1   Thumb Code    80  stm32h7xx_hal.o(i.HAL_Init)
    HAL_InitTick                             0x08003751   Thumb Code   128  stm32h7xx_hal_timebase_tim.o(i.HAL_InitTick)
    HAL_MPU_ConfigRegion                     0x080037e5   Thumb Code    86  stm32h7xx_hal_cortex.o(i.HAL_MPU_ConfigRegion)
    HAL_MPU_Disable                          0x08003841   Thumb Code    38  stm32h7xx_hal_cortex.o(i.HAL_MPU_Disable)
    HAL_MPU_Enable                           0x0800386d   Thumb Code    58  stm32h7xx_hal_cortex.o(i.HAL_MPU_Enable)
    HAL_MspInit                              0x080038ad   Thumb Code    42  stm32h7xx_hal_msp.o(i.HAL_MspInit)
    HAL_NVIC_EnableIRQ                       0x080038dd   Thumb Code    40  stm32h7xx_hal_cortex.o(i.HAL_NVIC_EnableIRQ)
    HAL_NVIC_SetPriority                     0x08003905   Thumb Code   122  stm32h7xx_hal_cortex.o(i.HAL_NVIC_SetPriority)
    HAL_NVIC_SetPriorityGrouping             0x08003981   Thumb Code    32  stm32h7xx_hal_cortex.o(i.HAL_NVIC_SetPriorityGrouping)
    HAL_PWREx_ConfigSupply                   0x080039a9   Thumb Code    90  stm32h7xx_hal_pwr_ex.o(i.HAL_PWREx_ConfigSupply)
    HAL_RCCEx_GetD3PCLK1Freq                 0x08003a09   Thumb Code    26  stm32h7xx_hal_rcc_ex.o(i.HAL_RCCEx_GetD3PCLK1Freq)
    HAL_RCCEx_GetPLL2ClockFreq               0x08003a2d   Thumb Code   536  stm32h7xx_hal_rcc_ex.o(i.HAL_RCCEx_GetPLL2ClockFreq)
    HAL_RCCEx_GetPLL3ClockFreq               0x08003c5d   Thumb Code   536  stm32h7xx_hal_rcc_ex.o(i.HAL_RCCEx_GetPLL3ClockFreq)
    HAL_RCCEx_PeriphCLKConfig                0x08003e8d   Thumb Code  3272  stm32h7xx_hal_rcc_ex.o(i.HAL_RCCEx_PeriphCLKConfig)
    HAL_RCC_ClockConfig                      0x08004b55   Thumb Code   774  stm32h7xx_hal_rcc.o(i.HAL_RCC_ClockConfig)
    HAL_RCC_GetClockConfig                   0x08004e75   Thumb Code    98  stm32h7xx_hal_rcc.o(i.HAL_RCC_GetClockConfig)
    HAL_RCC_GetHCLKFreq                      0x08004ee1   Thumb Code    60  stm32h7xx_hal_rcc.o(i.HAL_RCC_GetHCLKFreq)
    HAL_RCC_GetPCLK1Freq                     0x08004f2d   Thumb Code    26  stm32h7xx_hal_rcc.o(i.HAL_RCC_GetPCLK1Freq)
    HAL_RCC_GetPCLK2Freq                     0x08004f51   Thumb Code    26  stm32h7xx_hal_rcc.o(i.HAL_RCC_GetPCLK2Freq)
    HAL_RCC_GetSysClockFreq                  0x08004f75   Thumb Code   524  stm32h7xx_hal_rcc.o(i.HAL_RCC_GetSysClockFreq)
    HAL_RCC_OscConfig                        0x080051a1   Thumb Code  1874  stm32h7xx_hal_rcc.o(i.HAL_RCC_OscConfig)
    HAL_TIMEx_Break2Callback                 0x080058fd   Thumb Code     2  stm32h7xx_hal_tim_ex.o(i.HAL_TIMEx_Break2Callback)
    HAL_TIMEx_BreakCallback                  0x080058ff   Thumb Code     2  stm32h7xx_hal_tim_ex.o(i.HAL_TIMEx_BreakCallback)
    HAL_TIMEx_CommutCallback                 0x08005901   Thumb Code     2  stm32h7xx_hal_tim_ex.o(i.HAL_TIMEx_CommutCallback)
    HAL_TIM_Base_Init                        0x08005903   Thumb Code   110  stm32h7xx_hal_tim.o(i.HAL_TIM_Base_Init)
    HAL_TIM_Base_MspInit                     0x08005971   Thumb Code     2  stm32h7xx_hal_tim.o(i.HAL_TIM_Base_MspInit)
    HAL_TIM_Base_Start_IT                    0x08005975   Thumb Code   162  stm32h7xx_hal_tim.o(i.HAL_TIM_Base_Start_IT)
    HAL_TIM_IC_CaptureCallback               0x08005a41   Thumb Code     2  stm32h7xx_hal_tim.o(i.HAL_TIM_IC_CaptureCallback)
    HAL_TIM_IRQHandler                       0x08005a43   Thumb Code   408  stm32h7xx_hal_tim.o(i.HAL_TIM_IRQHandler)
    HAL_TIM_OC_DelayElapsedCallback          0x08005bdb   Thumb Code     2  stm32h7xx_hal_tim.o(i.HAL_TIM_OC_DelayElapsedCallback)
    HAL_TIM_PWM_PulseFinishedCallback        0x08005bdd   Thumb Code     2  stm32h7xx_hal_tim.o(i.HAL_TIM_PWM_PulseFinishedCallback)
    HAL_TIM_PeriodElapsedCallback            0x08005be1   Thumb Code    18  main.o(i.HAL_TIM_PeriodElapsedCallback)
    HAL_TIM_TriggerCallback                  0x08005bf9   Thumb Code     2  stm32h7xx_hal_tim.o(i.HAL_TIM_TriggerCallback)
    HAL_UARTEx_DisableFifoMode               0x08005bfb   Thumb Code    78  stm32h7xx_hal_uart_ex.o(i.HAL_UARTEx_DisableFifoMode)
    HAL_UARTEx_ReceiveToIdle_DMA             0x08005c49   Thumb Code    98  stm32h7xx_hal_uart_ex.o(i.HAL_UARTEx_ReceiveToIdle_DMA)
    HAL_UARTEx_RxEventCallback               0x08005cad   Thumb Code    66  rx_callback.o(i.HAL_UARTEx_RxEventCallback)
    HAL_UARTEx_RxFifoFullCallback            0x08005cf9   Thumb Code     2  stm32h7xx_hal_uart_ex.o(i.HAL_UARTEx_RxFifoFullCallback)
    HAL_UARTEx_SetRxFifoThreshold            0x08005cfb   Thumb Code    94  stm32h7xx_hal_uart_ex.o(i.HAL_UARTEx_SetRxFifoThreshold)
    HAL_UARTEx_SetTxFifoThreshold            0x08005d59   Thumb Code    94  stm32h7xx_hal_uart_ex.o(i.HAL_UARTEx_SetTxFifoThreshold)
    HAL_UARTEx_TxFifoEmptyCallback           0x08005db7   Thumb Code     2  stm32h7xx_hal_uart_ex.o(i.HAL_UARTEx_TxFifoEmptyCallback)
    HAL_UARTEx_WakeupCallback                0x08005db9   Thumb Code     2  stm32h7xx_hal_uart_ex.o(i.HAL_UARTEx_WakeupCallback)
    HAL_UART_AbortReceive                    0x08005dbd   Thumb Code   220  stm32h7xx_hal_uart.o(i.HAL_UART_AbortReceive)
    HAL_UART_AbortTransmit                   0x08005e9d   Thumb Code   176  stm32h7xx_hal_uart.o(i.HAL_UART_AbortTransmit)
    HAL_UART_ErrorCallback                   0x08005f4d   Thumb Code   128  rx_callback.o(i.HAL_UART_ErrorCallback)
    HAL_UART_IRQHandler                      0x08005fe5   Thumb Code  1172  stm32h7xx_hal_uart.o(i.HAL_UART_IRQHandler)
    HAL_UART_Init                            0x08006479   Thumb Code   120  stm32h7xx_hal_uart.o(i.HAL_UART_Init)
    HAL_UART_MspInit                         0x080064f1   Thumb Code  1650  usart.o(i.HAL_UART_MspInit)
    HAL_UART_Receive_DMA                     0x08006b91   Thumb Code    88  stm32h7xx_hal_uart.o(i.HAL_UART_Receive_DMA)
    HAL_UART_RxCpltCallback                  0x08006bed   Thumb Code    84  rx_callback.o(i.HAL_UART_RxCpltCallback)
    HAL_UART_RxHalfCpltCallback              0x08006c51   Thumb Code     2  stm32h7xx_hal_uart.o(i.HAL_UART_RxHalfCpltCallback)
    HAL_UART_Transmit_DMA                    0x08006c55   Thumb Code   148  stm32h7xx_hal_uart.o(i.HAL_UART_Transmit_DMA)
    HAL_UART_TxCpltCallback                  0x08006cf5   Thumb Code    76  rx_callback.o(i.HAL_UART_TxCpltCallback)
    HAL_UART_TxHalfCpltCallback              0x08006d51   Thumb Code     2  stm32h7xx_hal_uart.o(i.HAL_UART_TxHalfCpltCallback)
    HT10A_process                            0x08006d55   Thumb Code   568  ht10a.o(i.HT10A_process)
    HardFault_Handler                        0x08006f91   Thumb Code     4  stm32h7xx_it.o(i.HardFault_Handler)
    MX_DMA_Init                              0x08006fed   Thumb Code   250  dma.o(i.MX_DMA_Init)
    MX_FREERTOS_Init                         0x080070ed   Thumb Code    78  freertos.o(i.MX_FREERTOS_Init)
    MX_GPIO_Init                             0x0800714d   Thumb Code   336  gpio.o(i.MX_GPIO_Init)
    MX_UART7_Init                            0x080072b1   Thumb Code    96  usart.o(i.MX_UART7_Init)
    MX_UART9_Init                            0x0800731d   Thumb Code    96  usart.o(i.MX_UART9_Init)
    MX_USART1_UART_Init                      0x08007389   Thumb Code   112  usart.o(i.MX_USART1_UART_Init)
    MX_USART2_UART_Init                      0x08007405   Thumb Code    96  usart.o(i.MX_USART2_UART_Init)
    MX_USART3_UART_Init                      0x08007471   Thumb Code    96  usart.o(i.MX_USART3_UART_Init)
    MX_USART6_UART_Init                      0x080074dd   Thumb Code    98  usart.o(i.MX_USART6_UART_Init)
    MemManage_Handler                        0x08007549   Thumb Code     4  stm32h7xx_it.o(i.MemManage_Handler)
    MotorBus_Process                         0x0800754d   Thumb Code   230  m8010.o(i.MotorBus_Process)
    MotorBus_Restart                         0x08007649   Thumb Code   368  m8010.o(i.MotorBus_Restart)
    NMI_Handler                              0x080077d1   Thumb Code     4  stm32h7xx_it.o(i.NMI_Handler)
    RobotMap_Init                            0x08007a9d   Thumb Code   220  robot_map.o(i.RobotMap_Init)
    RobotMap_InitLegRealSize                 0x08007b85   Thumb Code    28  robot_map.o(i.RobotMap_InitLegRealSize)
    SysTick_Handler                          0x08007bb1   Thumb Code    46  port.o(i.SysTick_Handler)
    SystemClock_Config                       0x08007be5   Thumb Code   180  main.o(i.SystemClock_Config)
    SystemInit                               0x08007c9d   Thumb Code   192  system_stm32h7xx.o(i.SystemInit)
    TIM23_IRQHandler                         0x08007d7d   Thumb Code    10  stm32h7xx_it.o(i.TIM23_IRQHandler)
    TIM_Base_SetConfig                       0x08007d8d   Thumb Code   198  stm32h7xx_hal_tim.o(i.TIM_Base_SetConfig)
    Teaching_Pendant_Restart                 0x08007e7d   Thumb Code   236  ht10a.o(i.Teaching_Pendant_Restart)
    Trajectory_InitDefault                   0x08008275   Thumb Code   174  trajectory.o(i.Trajectory_InitDefault)
    Trajectory_Reset                         0x08008349   Thumb Code    28  trajectory.o(i.Trajectory_Reset)
    Trajectory_SetBodyVelocity               0x080083c1   Thumb Code    92  trajectory.o(i.Trajectory_SetBodyVelocity)
    Trajectory_SetFrequency                  0x08008435   Thumb Code    30  trajectory.o(i.Trajectory_SetFrequency)
    Trajectory_SetFrontSwingHeightBias       0x08008459   Thumb Code    62  trajectory.o(i.Trajectory_SetFrontSwingHeightBias)
    Trajectory_SetNominalFoot                0x080084a1   Thumb Code    62  trajectory.o(i.Trajectory_SetNominalFoot)
    Trajectory_SetStepLength                 0x080084e1   Thumb Code    44  trajectory.o(i.Trajectory_SetStepLength)
    Trajectory_SetSwingHeight                0x08008515   Thumb Code    62  trajectory.o(i.Trajectory_SetSwingHeight)
    Trajectory_Update                        0x0800855d   Thumb Code   416  trajectory.o(i.Trajectory_Update)
    UART7_IRQHandler                         0x08008709   Thumb Code    10  stm32h7xx_it.o(i.UART7_IRQHandler)
    UART9_IRQHandler                         0x08008719   Thumb Code    10  stm32h7xx_it.o(i.UART9_IRQHandler)
    UART_AdvFeatureConfig                    0x08008781   Thumb Code   248  stm32h7xx_hal_uart.o(i.UART_AdvFeatureConfig)
    UART_CheckIdleState                      0x08008879   Thumb Code   234  stm32h7xx_hal_uart.o(i.UART_CheckIdleState)
    UART_SetConfig                           0x08008bed   Thumb Code  1558  stm32h7xx_hal_uart.o(i.UART_SetConfig)
    UART_Start_Receive_DMA                   0x08009215   Thumb Code   186  stm32h7xx_hal_uart.o(i.UART_Start_Receive_DMA)
    UART_WaitOnFlagUntilTimeout              0x080092dd   Thumb Code   172  stm32h7xx_hal_uart.o(i.UART_WaitOnFlagUntilTimeout)
    USART1_IRQHandler                        0x08009389   Thumb Code    10  stm32h7xx_it.o(i.USART1_IRQHandler)
    USART2_IRQHandler                        0x08009399   Thumb Code    10  stm32h7xx_it.o(i.USART2_IRQHandler)
    USART3_IRQHandler                        0x080093a9   Thumb Code    10  stm32h7xx_it.o(i.USART3_IRQHandler)
    USART6_IRQHandler                        0x080093b9   Thumb Code    10  stm32h7xx_it.o(i.USART6_IRQHandler)
    UsageFault_Handler                       0x080093c9   Thumb Code     4  stm32h7xx_it.o(i.UsageFault_Handler)
    VOFA_JF_DMA_Init                         0x080093cd   Thumb Code    24  vofa.o(i.VOFA_JF_DMA_Init)
    VOFA_JF_DMA_Send                         0x080093e5   Thumb Code    80  vofa.o(i.VOFA_JF_DMA_Send)
    __ARM_fpclassify                         0x08009439   Thumb Code    48  fpclassify.o(i.__ARM_fpclassify)
    __ARM_fpclassifyf                        0x08009469   Thumb Code    38  fpclassifyf.o(i.__ARM_fpclassifyf)
    __hardfp_acosf                           0x080094c9   Thumb Code   234  acosf.o(i.__hardfp_acosf)
    __hardfp_atan2f                          0x080095ed   Thumb Code   594  atan2f.o(i.__hardfp_atan2f)
    __hardfp_cos                             0x080098a1   Thumb Code   158  cos.o(i.__hardfp_cos)
    __hardfp_cosf                            0x08009951   Thumb Code   276  cosf.o(i.__hardfp_cosf)
    __hardfp_sin                             0x08009aa1   Thumb Code   158  sin.o(i.__hardfp_sin)
    __hardfp_sinf                            0x08009b51   Thumb Code   344  sinf.o(i.__hardfp_sinf)
    __hardfp_sqrtf                           0x08009ce5   Thumb Code    58  sqrtf.o(i.__hardfp_sqrtf)
    __ieee754_rem_pio2                       0x08009d21   Thumb Code   646  rred.o(i.__ieee754_rem_pio2)
    __kernel_cos                             0x0800a031   Thumb Code   182  cos_i.o(i.__kernel_cos)
    __kernel_poly                            0x0800a111   Thumb Code   112  poly.o(i.__kernel_poly)
    __kernel_sin                             0x0800a181   Thumb Code   144  sin_i.o(i.__kernel_sin)
    __mathlib_dbl_invalid                    0x0800a229   Thumb Code    10  dunder.o(i.__mathlib_dbl_invalid)
    __mathlib_dbl_underflow                  0x0800a241   Thumb Code    10  dunder.o(i.__mathlib_dbl_underflow)
    __mathlib_flt_infnan                     0x0800a259   Thumb Code     6  funder.o(i.__mathlib_flt_infnan)
    __mathlib_flt_infnan2                    0x0800a25f   Thumb Code     6  funder.o(i.__mathlib_flt_infnan2)
    __mathlib_flt_invalid                    0x0800a265   Thumb Code    10  funder.o(i.__mathlib_flt_invalid)
    __mathlib_flt_underflow                  0x0800a275   Thumb Code    10  funder.o(i.__mathlib_flt_underflow)
    __mathlib_rredf2                         0x0800a285   Thumb Code   316  rredf.o(i.__mathlib_rredf2)
    calculate                                0x0800a4d5   Thumb Code    16  freertos.o(i.calculate)
    cmd_init                                 0x0800a4e9   Thumb Code   164  m8010.o(i.cmd_init)
    cmd_init_2                               0x0800a595   Thumb Code   164  m8010.o(i.cmd_init_2)
    cmd_single_test_init                     0x0800a645   Thumb Code   568  m8010.o(i.cmd_single_test_init)
    crc_ccitt                                0x0800a88d   Thumb Code    34  m8010.o(i.crc_ccitt)
    crc_ccitt_byte                           0x0800a8b1   Thumb Code    20  m8010.o(i.crc_ccitt_byte)
    extract_data                             0x0800a8c9   Thumb Code   256  m8010.o(i.extract_data)
    fabs                                     0x0800a9d9   Thumb Code    24  fabs.o(i.fabs)
    gait_inverse_kinematics_core             0x0800a9fd   Thumb Code   444  gait.o(i.gait_inverse_kinematics_core)
    leg_forward_kinematics                   0x0800abc1   Thumb Code   258  gait.o(i.leg_forward_kinematics)
    main                                     0x0800acc9   Thumb Code    60  main.o(i.main)
    modify_data                              0x0800ad15   Thumb Code   522  m8010.o(i.modify_data)
    motor                                    0x0800af51   Thumb Code    14  freertos.o(i.motor)
    osDelay                                  0x0800af5f   Thumb Code    24  cmsis_os.o(i.osDelay)
    osKernelStart                            0x0800af77   Thumb Code    10  cmsis_os.o(i.osKernelStart)
    osThreadCreate                           0x0800af81   Thumb Code    94  cmsis_os.o(i.osThreadCreate)
    pvPortMalloc                             0x0800b461   Thumb Code   306  heap_4.o(i.pvPortMalloc)
    pxPortInitialiseStack                    0x0800b5ad   Thumb Code    38  port.o(i.pxPortInitialiseStack)
    send_data_all                            0x0800b5d9   Thumb Code   330  m8010.o(i.send_data_all)
    set_cmd_pos_by_index                     0x0800b735   Thumb Code    46  m8010.o(i.set_cmd_pos_by_index)
    sqrtf                                    0x0800b769   Thumb Code    62  sqrtf.o(i.sqrtf)
    uxListRemove                             0x0800b7d1   Thumb Code    40  list.o(i.uxListRemove)
    vApplicationGetIdleTaskMemory            0x0800b7f9   Thumb Code    14  freertos.o(i.vApplicationGetIdleTaskMemory)
    vListInitialise                          0x0800b811   Thumb Code    26  list.o(i.vListInitialise)
    vListInitialiseItem                      0x0800b82b   Thumb Code     6  list.o(i.vListInitialiseItem)
    vListInsert                              0x0800b831   Thumb Code    52  list.o(i.vListInsert)
    vListInsertEnd                           0x0800b865   Thumb Code    24  list.o(i.vListInsertEnd)
    vPortEnterCritical                       0x0800b87d   Thumb Code    76  port.o(i.vPortEnterCritical)
    vPortExitCritical                        0x0800b8d1   Thumb Code    56  port.o(i.vPortExitCritical)
    vPortFree                                0x0800b90d   Thumb Code   150  heap_4.o(i.vPortFree)
    vPortSetupTimerInterrupt                 0x0800b9b1   Thumb Code    36  port.o(i.vPortSetupTimerInterrupt)
    vTaskDelay                               0x0800b9d9   Thumb Code    82  tasks.o(i.vTaskDelay)
    vTaskStartScheduler                      0x0800ba35   Thumb Code   146  tasks.o(i.vTaskStartScheduler)
    vTaskSuspendAll                          0x0800bae5   Thumb Code    12  tasks.o(i.vTaskSuspendAll)
    vTaskSwitchContext                       0x0800baf5   Thumb Code   118  tasks.o(i.vTaskSwitchContext)
    vofa                                     0x0800bb81   Thumb Code    14  freertos.o(i.vofa)
    xPortStartScheduler                      0x0800bb91   Thumb Code   330  port.o(i.xPortStartScheduler)
    xTaskCreate                              0x0800bcf9   Thumb Code   100  tasks.o(i.xTaskCreate)
    xTaskCreateStatic                        0x0800bd5d   Thumb Code   186  tasks.o(i.xTaskCreateStatic)
    xTaskIncrementTick                       0x0800be19   Thumb Code   282  tasks.o(i.xTaskIncrementTick)
    xTaskResumeAll                           0x0800bf61   Thumb Code   224  tasks.o(i.xTaskResumeAll)
    _fp_init                                 0x0800c065   Thumb Code    10  fpinit.o(x$fpl$fpinit)
    __fplib_config_fpu_vfp                   0x0800c06d   Thumb Code     0  fpinit.o(x$fpl$fpinit)
    __fplib_config_pureend_doubles           0x0800c06d   Thumb Code     0  fpinit.o(x$fpl$fpinit)
    __I$use$fp                               0x0800c06e   Number         0  usenofp.o(x$fpl$usenofp)
    UARTPrescTable                           0x0800c0cc   Data          24  stm32h7xx_hal_uart.o(.constdata)
    D1CorePrescTable                         0x0800c0f4   Data          16  system_stm32h7xx.o(.constdata)
    crc_ccitt_table                          0x0800c104   Data         512  m8010.o(.constdata)
    Region$$Table$$Base                      0x0800c4a4   Number         0  anon$$obj.o(Region$$Table)
    Region$$Table$$Limit                     0x0800c4d4   Number         0  anon$$obj.o(Region$$Table)
    defaultTaskHandle                        0x24000000   Data           4  freertos.o(.data)
    myTask02Handle                           0x24000004   Data           4  freertos.o(.data)
    myTask03Handle                           0x24000008   Data           4  freertos.o(.data)
    uwTick                                   0x2400000c   Data           4  stm32h7xx_hal.o(.data)
    uwTickPrio                               0x24000010   Data           4  stm32h7xx_hal.o(.data)
    uwTickFreq                               0x24000014   Data           1  stm32h7xx_hal.o(.data)
    SystemCoreClock                          0x24000018   Data           4  system_stm32h7xx.o(.data)
    SystemD2Clock                            0x2400001c   Data           4  system_stm32h7xx.o(.data)
    pxCurrentTCB                             0x2400002c   Data           4  tasks.o(.data)
    sign                                     0x24000094   Data          48  robot_map.o(.data)
    g_joint_offset_rad                       0x240000c4   Data          48  robot_map.o(.data)
    g_joint_transmission_sign                0x240000f4   Data          48  robot_map.o(.data)
    g_app_ctrl                               0x24000124   Data          68  app_robot.o(.data)
    bios                                     0x24000170   Data           4  app_robot.o(.data)
    huart7                                   0x240003cc   Data         148  usart.o(.bss)
    huart9                                   0x24000460   Data         148  usart.o(.bss)
    huart1                                   0x240004f4   Data         148  usart.o(.bss)
    huart2                                   0x24000588   Data         148  usart.o(.bss)
    huart3                                   0x2400061c   Data         148  usart.o(.bss)
    huart6                                   0x240006b0   Data         148  usart.o(.bss)
    hdma_uart7_rx                            0x24000744   Data         120  usart.o(.bss)
    hdma_uart7_tx                            0x240007bc   Data         120  usart.o(.bss)
    hdma_uart9_rx                            0x24000834   Data         120  usart.o(.bss)
    hdma_uart9_tx                            0x240008ac   Data         120  usart.o(.bss)
    hdma_usart1_rx                           0x24000924   Data         120  usart.o(.bss)
    hdma_usart1_tx                           0x2400099c   Data         120  usart.o(.bss)
    hdma_usart2_rx                           0x24000a14   Data         120  usart.o(.bss)
    hdma_usart2_tx                           0x24000a8c   Data         120  usart.o(.bss)
    hdma_usart3_rx                           0x24000b04   Data         120  usart.o(.bss)
    hdma_usart3_tx                           0x24000b7c   Data         120  usart.o(.bss)
    hdma_usart6_rx                           0x24000bf4   Data         120  usart.o(.bss)
    hdma_usart6_tx                           0x24000c6c   Data         120  usart.o(.bss)
    htim23                                   0x24000ce4   Data          76  stm32h7xx_hal_timebase_tim.o(.bss)
    cmd                                      0x24000d30   Data         528  m8010.o(.bss)
    recv                                     0x24000f40   Data          72  m8010.o(.bss)
    hvofa                                    0x24000fc8   Data          72  vofa.o(.bss)
    Teaching_Pendant                         0x24001010   Data          36  ht10a.o(.bss)
    Teaching_Pendant_buffer                  0x24001034   Data          30  ht10a.o(.bss)
    legs                                     0x24001144   Data        1488  robot_map.o(.bss)
    leg_real_size                            0x24001714   Data          12  robot_map.o(.bss)
    Target_Angle                             0x240017a8   Data          48  app_robot.o(.bss)
    ch                                       0x240018a4   Data          64  app_robot.o(.bss)
    joint_pos                                0x240018e4   Data          12  app_robot.o(.bss)
    g_foot_target_m                          0x240018f0   Data          48  gait.o(.bss)
    g_foot_current_m                         0x24001920   Data          48  gait.o(.bss)
    __libspace_start                         0x24001950   Data          96  libspace.o(.bss)
    __temporary_stack_top$libspace           0x240019b0   Data           0  libspace.o(.bss)



==============================================================================

Memory Map of the image

  Image Entry point : 0x080002cd

  Load Region LR_IROM1 (Base: 0x08000000, Size: 0x0000c64c, Max: 0x00100000, ABSOLUTE, COMPRESSED[0x0000c538])

    Execution Region ER_IROM1 (Exec base: 0x08000000, Load base: 0x08000000, Size: 0x0000c4d4, Max: 0x00100000, ABSOLUTE)

    Exec Addr    Load Addr    Size         Type   Attr      Idx    E Section Name        Object

    0x08000000   0x08000000   0x000002cc   Data   RO            3    RESET               startup_stm32h723xx.o
    0x080002cc   0x080002cc   0x00000008   Code   RO         6913  * !!!main             c_w.l(__main.o)
    0x080002d4   0x080002d4   0x00000034   Code   RO         7235    !!!scatter          c_w.l(__scatter.o)
    0x08000308   0x08000308   0x0000005a   Code   RO         7233    !!dczerorl2         c_w.l(__dczerorl2.o)
    0x08000362   0x08000362   0x00000002   PAD
    0x08000364   0x08000364   0x0000001c   Code   RO         7237    !!handler_zi        c_w.l(__scatter_zi.o)
    0x08000380   0x08000380   0x00000002   Code   RO         7104    .ARM.Collect$$libinit$$00000000  c_w.l(libinit.o)
    0x08000382   0x08000382   0x00000004   Code   RO         7113    .ARM.Collect$$libinit$$00000001  c_w.l(libinit2.o)
    0x08000386   0x08000386   0x00000000   Code   RO         7116    .ARM.Collect$$libinit$$00000004  c_w.l(libinit2.o)
    0x08000386   0x08000386   0x00000000   Code   RO         7119    .ARM.Collect$$libinit$$0000000A  c_w.l(libinit2.o)
    0x08000386   0x08000386   0x00000000   Code   RO         7121    .ARM.Collect$$libinit$$0000000C  c_w.l(libinit2.o)
    0x08000386   0x08000386   0x00000000   Code   RO         7123    .ARM.Collect$$libinit$$0000000E  c_w.l(libinit2.o)
    0x08000386   0x08000386   0x00000000   Code   RO         7126    .ARM.Collect$$libinit$$00000011  c_w.l(libinit2.o)
    0x08000386   0x08000386   0x00000000   Code   RO         7128    .ARM.Collect$$libinit$$00000013  c_w.l(libinit2.o)
    0x08000386   0x08000386   0x00000000   Code   RO         7130    .ARM.Collect$$libinit$$00000015  c_w.l(libinit2.o)
    0x08000386   0x08000386   0x00000000   Code   RO         7132    .ARM.Collect$$libinit$$00000017  c_w.l(libinit2.o)
    0x08000386   0x08000386   0x00000000   Code   RO         7134    .ARM.Collect$$libinit$$00000019  c_w.l(libinit2.o)
    0x08000386   0x08000386   0x00000000   Code   RO         7136    .ARM.Collect$$libinit$$0000001B  c_w.l(libinit2.o)
    0x08000386   0x08000386   0x00000000   Code   RO         7138    .ARM.Collect$$libinit$$0000001D  c_w.l(libinit2.o)
    0x08000386   0x08000386   0x00000000   Code   RO         7140    .ARM.Collect$$libinit$$0000001F  c_w.l(libinit2.o)
    0x08000386   0x08000386   0x00000000   Code   RO         7142    .ARM.Collect$$libinit$$00000021  c_w.l(libinit2.o)
    0x08000386   0x08000386   0x00000000   Code   RO         7144    .ARM.Collect$$libinit$$00000023  c_w.l(libinit2.o)
    0x08000386   0x08000386   0x00000000   Code   RO         7146    .ARM.Collect$$libinit$$00000025  c_w.l(libinit2.o)
    0x08000386   0x08000386   0x00000000   Code   RO         7150    .ARM.Collect$$libinit$$0000002C  c_w.l(libinit2.o)
    0x08000386   0x08000386   0x00000000   Code   RO         7152    .ARM.Collect$$libinit$$0000002E  c_w.l(libinit2.o)
    0x08000386   0x08000386   0x00000000   Code   RO         7154    .ARM.Collect$$libinit$$00000030  c_w.l(libinit2.o)
    0x08000386   0x08000386   0x00000000   Code   RO         7156    .ARM.Collect$$libinit$$00000032  c_w.l(libinit2.o)
    0x08000386   0x08000386   0x00000002   Code   RO         7157    .ARM.Collect$$libinit$$00000033  c_w.l(libinit2.o)
    0x08000388   0x08000388   0x00000002   Code   RO         7188    .ARM.Collect$$libshutdown$$00000000  c_w.l(libshutdown.o)
    0x0800038a   0x0800038a   0x00000000   Code   RO         7214    .ARM.Collect$$libshutdown$$00000002  c_w.l(libshutdown2.o)
    0x0800038a   0x0800038a   0x00000000   Code   RO         7216    .ARM.Collect$$libshutdown$$00000004  c_w.l(libshutdown2.o)
    0x0800038a   0x0800038a   0x00000000   Code   RO         7218    .ARM.Collect$$libshutdown$$00000006  c_w.l(libshutdown2.o)
    0x0800038a   0x0800038a   0x00000000   Code   RO         7221    .ARM.Collect$$libshutdown$$00000009  c_w.l(libshutdown2.o)
    0x0800038a   0x0800038a   0x00000000   Code   RO         7224    .ARM.Collect$$libshutdown$$0000000C  c_w.l(libshutdown2.o)
    0x0800038a   0x0800038a   0x00000000   Code   RO         7226    .ARM.Collect$$libshutdown$$0000000E  c_w.l(libshutdown2.o)
    0x0800038a   0x0800038a   0x00000000   Code   RO         7229    .ARM.Collect$$libshutdown$$00000011  c_w.l(libshutdown2.o)
    0x0800038a   0x0800038a   0x00000002   Code   RO         7230    .ARM.Collect$$libshutdown$$00000012  c_w.l(libshutdown2.o)
    0x0800038c   0x0800038c   0x00000000   Code   RO         6999    .ARM.Collect$$rtentry$$00000000  c_w.l(__rtentry.o)
    0x0800038c   0x0800038c   0x00000000   Code   RO         7057    .ARM.Collect$$rtentry$$00000002  c_w.l(__rtentry2.o)
    0x0800038c   0x0800038c   0x00000006   Code   RO         7069    .ARM.Collect$$rtentry$$00000004  c_w.l(__rtentry4.o)
    0x08000392   0x08000392   0x00000000   Code   RO         7059    .ARM.Collect$$rtentry$$00000009  c_w.l(__rtentry2.o)
    0x08000392   0x08000392   0x00000004   Code   RO         7060    .ARM.Collect$$rtentry$$0000000A  c_w.l(__rtentry2.o)
    0x08000396   0x08000396   0x00000000   Code   RO         7062    .ARM.Collect$$rtentry$$0000000C  c_w.l(__rtentry2.o)
    0x08000396   0x08000396   0x00000008   Code   RO         7063    .ARM.Collect$$rtentry$$0000000D  c_w.l(__rtentry2.o)
    0x0800039e   0x0800039e   0x00000002   Code   RO         7105    .ARM.Collect$$rtexit$$00000000  c_w.l(rtexit.o)
    0x080003a0   0x080003a0   0x00000000   Code   RO         7161    .ARM.Collect$$rtexit$$00000002  c_w.l(rtexit2.o)
    0x080003a0   0x080003a0   0x00000004   Code   RO         7162    .ARM.Collect$$rtexit$$00000003  c_w.l(rtexit2.o)
    0x080003a4   0x080003a4   0x00000006   Code   RO         7163    .ARM.Collect$$rtexit$$00000004  c_w.l(rtexit2.o)
    0x080003aa   0x080003aa   0x00000002   PAD
    0x080003ac   0x080003ac   0x000000be   Code   RO         6435    .emb_text           port.o
    0x0800046a   0x0800046a   0x00000002   PAD
    0x0800046c   0x0800046c   0x00000040   Code   RO            4    .text               startup_stm32h723xx.o
    0x080004ac   0x080004ac   0x000000ee   Code   RO         6901    .text               c_w.l(lludivv7m.o)
    0x0800059a   0x0800059a   0x0000008a   Code   RO         6903    .text               c_w.l(rt_memcpy_v6.o)
    0x08000624   0x08000624   0x00000064   Code   RO         6905    .text               c_w.l(rt_memcpy_w.o)
    0x08000688   0x08000688   0x0000004e   Code   RO         6909    .text               c_w.l(rt_memclr_w.o)
    0x080006d6   0x080006d6   0x00000006   Code   RO         6911    .text               c_w.l(heapauxi.o)
    0x080006dc   0x080006dc   0x00000016   Code   RO         7004    .text               c_w.l(_rserrno.o)
    0x080006f2   0x080006f2   0x00000002   PAD
    0x080006f4   0x080006f4   0x00000008   Code   RO         7076    .text               c_w.l(rt_errno_addr_intlibspace.o)
    0x080006fc   0x080006fc   0x00000008   Code   RO         7088    .text               c_w.l(libspace.o)
    0x08000704   0x08000704   0x0000004a   Code   RO         7091    .text               c_w.l(sys_stackheap_outer.o)
    0x0800074e   0x0800074e   0x00000012   Code   RO         7093    .text               c_w.l(exit.o)
    0x08000760   0x08000760   0x0000000c   Code   RO         7158    .text               c_w.l(sys_exit.o)
    0x0800076c   0x0800076c   0x00000002   Code   RO         7177    .text               c_w.l(use_no_semi.o)
    0x0800076e   0x0800076e   0x00000000   Code   RO         7179    .text               c_w.l(indicate_semi.o)
    0x0800076e   0x0800076e   0x00000002   PAD
    0x08000770   0x08000770   0x000000a4   Code   RO         6557    i.App_GetFreeMoveVelocityCmd  app_robot.o
    0x08000814   0x08000814   0x00000040   Code   RO         6558    i.App_Get_Model_Joint_Angle  app_robot.o
    0x08000854   0x08000854   0x00000044   Code   RO         6559    i.App_HandleModeEntry  app_robot.o
    0x08000898   0x08000898   0x00000044   Code   RO         6560    i.App_Model_Joint_Angle_To_Motor_Rel  app_robot.o
    0x080008dc   0x080008dc   0x00000068   Code   RO         6561    i.App_ResetAllInterpolationState  app_robot.o
    0x08000944   0x08000944   0x00000064   Code   RO         6562    i.App_Robot_Init    app_robot.o
    0x080009a8   0x080009a8   0x000000d4   Code   RO         6563    i.App_Robot_Loop1ms  app_robot.o
    0x08000a7c   0x08000a7c   0x00000094   Code   RO         6568    i.App_SyncWalkNominalFromStandPose  app_robot.o
    0x08000b10   0x08000b10   0x0000006c   Code   RO         6569    i.App_UpdateCrawlFootTarget  app_robot.o
    0x08000b7c   0x08000b7c   0x000000b0   Code   RO         6570    i.App_UpdateCurrentFootPosFromMotor  app_robot.o
    0x08000c2c   0x08000c2c   0x00000070   Code   RO         6571    i.App_UpdateFreeMoveFootTarget  app_robot.o
    0x08000c9c   0x08000c9c   0x00000088   Code   RO         6572    i.App_UpdateStandFootTarget  app_robot.o
    0x08000d24   0x08000d24   0x00000068   Code   RO         6573    i.App_UpdateWalkFootTarget  app_robot.o
    0x08000d8c   0x08000d8c   0x000000dc   Code   RO         6574    i.App_all_motor_claculate  app_robot.o
    0x08000e68   0x08000e68   0x00000274   Code   RO         6575    i.App_motor_angle_calculate  app_robot.o
    0x080010dc   0x080010dc   0x00000034   Code   RO         6576    i.App_target_relative_to_absolute  app_robot.o
    0x08001110   0x08001110   0x00000068   Code   RO         6577    i.App_vofa_Send     app_robot.o
    0x08001178   0x08001178   0x00000004   Code   RO          565    i.BusFault_Handler  stm32h7xx_it.o
    0x0800117c   0x0800117c   0x00000010   Code   RO          566    i.DMA1_Stream0_IRQHandler  stm32h7xx_it.o
    0x0800118c   0x0800118c   0x00000010   Code   RO          567    i.DMA1_Stream1_IRQHandler  stm32h7xx_it.o
    0x0800119c   0x0800119c   0x00000010   Code   RO          568    i.DMA1_Stream2_IRQHandler  stm32h7xx_it.o
    0x080011ac   0x080011ac   0x00000010   Code   RO          569    i.DMA1_Stream3_IRQHandler  stm32h7xx_it.o
    0x080011bc   0x080011bc   0x00000010   Code   RO          570    i.DMA1_Stream4_IRQHandler  stm32h7xx_it.o
    0x080011cc   0x080011cc   0x00000010   Code   RO          571    i.DMA1_Stream5_IRQHandler  stm32h7xx_it.o
    0x080011dc   0x080011dc   0x00000010   Code   RO          572    i.DMA1_Stream6_IRQHandler  stm32h7xx_it.o
    0x080011ec   0x080011ec   0x00000010   Code   RO          573    i.DMA1_Stream7_IRQHandler  stm32h7xx_it.o
    0x080011fc   0x080011fc   0x00000010   Code   RO          574    i.DMA2_Stream0_IRQHandler  stm32h7xx_it.o
    0x0800120c   0x0800120c   0x00000010   Code   RO          575    i.DMA2_Stream1_IRQHandler  stm32h7xx_it.o
    0x0800121c   0x0800121c   0x00000010   Code   RO          576    i.DMA2_Stream2_IRQHandler  stm32h7xx_it.o
    0x0800122c   0x0800122c   0x00000010   Code   RO          577    i.DMA2_Stream3_IRQHandler  stm32h7xx_it.o
    0x0800123c   0x0800123c   0x000000ec   Code   RO         1678    i.DMA_CalcBaseAndBitshift  stm32h7xx_hal_dma.o
    0x08001328   0x08001328   0x000000c4   Code   RO         1679    i.DMA_CalcDMAMUXChannelBaseAndMask  stm32h7xx_hal_dma.o
    0x080013ec   0x080013ec   0x00000098   Code   RO         1680    i.DMA_CalcDMAMUXRequestGenBaseAndMask  stm32h7xx_hal_dma.o
    0x08001484   0x08001484   0x000000ae   Code   RO         1681    i.DMA_CheckFifoParam  stm32h7xx_hal_dma.o
    0x08001532   0x08001532   0x00000002   PAD
    0x08001534   0x08001534   0x00000274   Code   RO         1682    i.DMA_SetConfig     stm32h7xx_hal_dma.o
    0x080017a8   0x080017a8   0x00000002   Code   RO          578    i.DebugMon_Handler  stm32h7xx_it.o
    0x080017aa   0x080017aa   0x00000006   Code   RO           13    i.Error_Handler     main.o
    0x080017b0   0x080017b0   0x00000030   Code   RO         6735    i.Gait_SetLegFootTargetM  gait.o
    0x080017e0   0x080017e0   0x00000088   Code   RO         6736    i.Gait_UpdateTargetAngleFromFootTarget  gait.o
    0x08001868   0x08001868   0x000004dc   Code   RO         1683    i.HAL_DMA_Abort     stm32h7xx_hal_dma.o
    0x08001d44   0x08001d44   0x00000398   Code   RO         1684    i.HAL_DMA_Abort_IT  stm32h7xx_hal_dma.o
    0x080020dc   0x080020dc   0x00000006   Code   RO         1686    i.HAL_DMA_GetError  stm32h7xx_hal_dma.o
    0x080020e2   0x080020e2   0x00000002   PAD
    0x080020e4   0x080020e4   0x00000af8   Code   RO         1688    i.HAL_DMA_IRQHandler  stm32h7xx_hal_dma.o
    0x08002bdc   0x08002bdc   0x00000514   Code   RO         1689    i.HAL_DMA_Init      stm32h7xx_hal_dma.o
    0x080030f0   0x080030f0   0x000003e0   Code   RO         1693    i.HAL_DMA_Start_IT  stm32h7xx_hal_dma.o
    0x080034d0   0x080034d0   0x000001f0   Code   RO         1531    i.HAL_GPIO_Init     stm32h7xx_hal_gpio.o
    0x080036c0   0x080036c0   0x0000000c   Code   RO         1535    i.HAL_GPIO_WritePin  stm32h7xx_hal_gpio.o
    0x080036cc   0x080036cc   0x0000000c   Code   RO         2396    i.HAL_GetTick       stm32h7xx_hal.o
    0x080036d8   0x080036d8   0x00000018   Code   RO         2402    i.HAL_IncTick       stm32h7xx_hal.o
    0x080036f0   0x080036f0   0x00000060   Code   RO         2403    i.HAL_Init          stm32h7xx_hal.o
    0x08003750   0x08003750   0x00000094   Code   RO          761    i.HAL_InitTick      stm32h7xx_hal_timebase_tim.o
    0x080037e4   0x080037e4   0x0000005c   Code   RO          801    i.HAL_MPU_ConfigRegion  stm32h7xx_hal_cortex.o
    0x08003840   0x08003840   0x0000002c   Code   RO          802    i.HAL_MPU_Disable   stm32h7xx_hal_cortex.o
    0x0800386c   0x0800386c   0x00000040   Code   RO          804    i.HAL_MPU_Enable    stm32h7xx_hal_cortex.o
    0x080038ac   0x080038ac   0x00000030   Code   RO          737    i.HAL_MspInit       stm32h7xx_hal_msp.o
    0x080038dc   0x080038dc   0x00000028   Code   RO          808    i.HAL_NVIC_EnableIRQ  stm32h7xx_hal_cortex.o
    0x08003904   0x08003904   0x0000007a   Code   RO          814    i.HAL_NVIC_SetPriority  stm32h7xx_hal_cortex.o
    0x0800397e   0x0800397e   0x00000002   PAD
    0x08003980   0x08003980   0x00000028   Code   RO          815    i.HAL_NVIC_SetPriorityGrouping  stm32h7xx_hal_cortex.o
    0x080039a8   0x080039a8   0x00000060   Code   RO         2132    i.HAL_PWREx_ConfigSupply  stm32h7xx_hal_pwr_ex.o
    0x08003a08   0x08003a08   0x00000024   Code   RO         1074    i.HAL_RCCEx_GetD3PCLK1Freq  stm32h7xx_hal_rcc_ex.o
    0x08003a2c   0x08003a2c   0x00000230   Code   RO         1076    i.HAL_RCCEx_GetPLL2ClockFreq  stm32h7xx_hal_rcc_ex.o
    0x08003c5c   0x08003c5c   0x00000230   Code   RO         1077    i.HAL_RCCEx_GetPLL3ClockFreq  stm32h7xx_hal_rcc_ex.o
    0x08003e8c   0x08003e8c   0x00000cc8   Code   RO         1083    i.HAL_RCCEx_PeriphCLKConfig  stm32h7xx_hal_rcc_ex.o
    0x08004b54   0x08004b54   0x00000320   Code   RO          959    i.HAL_RCC_ClockConfig  stm32h7xx_hal_rcc.o
    0x08004e74   0x08004e74   0x0000006c   Code   RO          963    i.HAL_RCC_GetClockConfig  stm32h7xx_hal_rcc.o
    0x08004ee0   0x08004ee0   0x0000004c   Code   RO          964    i.HAL_RCC_GetHCLKFreq  stm32h7xx_hal_rcc.o
    0x08004f2c   0x08004f2c   0x00000024   Code   RO          966    i.HAL_RCC_GetPCLK1Freq  stm32h7xx_hal_rcc.o
    0x08004f50   0x08004f50   0x00000024   Code   RO          967    i.HAL_RCC_GetPCLK2Freq  stm32h7xx_hal_rcc.o
    0x08004f74   0x08004f74   0x0000022c   Code   RO          968    i.HAL_RCC_GetSysClockFreq  stm32h7xx_hal_rcc.o
    0x080051a0   0x080051a0   0x0000075c   Code   RO          971    i.HAL_RCC_OscConfig  stm32h7xx_hal_rcc.o
    0x080058fc   0x080058fc   0x00000002   Code   RO         4046    i.HAL_TIMEx_Break2Callback  stm32h7xx_hal_tim_ex.o
    0x080058fe   0x080058fe   0x00000002   Code   RO         4047    i.HAL_TIMEx_BreakCallback  stm32h7xx_hal_tim_ex.o
    0x08005900   0x08005900   0x00000002   Code   RO         4048    i.HAL_TIMEx_CommutCallback  stm32h7xx_hal_tim_ex.o
    0x08005902   0x08005902   0x0000006e   Code   RO         3321    i.HAL_TIM_Base_Init  stm32h7xx_hal_tim.o
    0x08005970   0x08005970   0x00000002   Code   RO         3323    i.HAL_TIM_Base_MspInit  stm32h7xx_hal_tim.o
    0x08005972   0x08005972   0x00000002   PAD
    0x08005974   0x08005974   0x000000cc   Code   RO         3326    i.HAL_TIM_Base_Start_IT  stm32h7xx_hal_tim.o
    0x08005a40   0x08005a40   0x00000002   Code   RO         3355    i.HAL_TIM_IC_CaptureCallback  stm32h7xx_hal_tim.o
    0x08005a42   0x08005a42   0x00000198   Code   RO         3369    i.HAL_TIM_IRQHandler  stm32h7xx_hal_tim.o
    0x08005bda   0x08005bda   0x00000002   Code   RO         3372    i.HAL_TIM_OC_DelayElapsedCallback  stm32h7xx_hal_tim.o
    0x08005bdc   0x08005bdc   0x00000002   Code   RO         3399    i.HAL_TIM_PWM_PulseFinishedCallback  stm32h7xx_hal_tim.o
    0x08005bde   0x08005bde   0x00000002   PAD
    0x08005be0   0x08005be0   0x00000018   Code   RO           14    i.HAL_TIM_PeriodElapsedCallback  main.o
    0x08005bf8   0x08005bf8   0x00000002   Code   RO         3412    i.HAL_TIM_TriggerCallback  stm32h7xx_hal_tim.o
    0x08005bfa   0x08005bfa   0x0000004e   Code   RO         4774    i.HAL_UARTEx_DisableFifoMode  stm32h7xx_hal_uart_ex.o
    0x08005c48   0x08005c48   0x00000062   Code   RO         4780    i.HAL_UARTEx_ReceiveToIdle_DMA  stm32h7xx_hal_uart_ex.o
    0x08005caa   0x08005caa   0x00000002   PAD
    0x08005cac   0x08005cac   0x0000004c   Code   RO         5032    i.HAL_UARTEx_RxEventCallback  rx_callback.o
    0x08005cf8   0x08005cf8   0x00000002   Code   RO         4782    i.HAL_UARTEx_RxFifoFullCallback  stm32h7xx_hal_uart_ex.o
    0x08005cfa   0x08005cfa   0x0000005e   Code   RO         4783    i.HAL_UARTEx_SetRxFifoThreshold  stm32h7xx_hal_uart_ex.o
    0x08005d58   0x08005d58   0x0000005e   Code   RO         4784    i.HAL_UARTEx_SetTxFifoThreshold  stm32h7xx_hal_uart_ex.o
    0x08005db6   0x08005db6   0x00000002   Code   RO         4786    i.HAL_UARTEx_TxFifoEmptyCallback  stm32h7xx_hal_uart_ex.o
    0x08005db8   0x08005db8   0x00000002   Code   RO         4787    i.HAL_UARTEx_WakeupCallback  stm32h7xx_hal_uart_ex.o
    0x08005dba   0x08005dba   0x00000002   PAD
    0x08005dbc   0x08005dbc   0x000000e0   Code   RO         4361    i.HAL_UART_AbortReceive  stm32h7xx_hal_uart.o
    0x08005e9c   0x08005e9c   0x000000b0   Code   RO         4364    i.HAL_UART_AbortTransmit  stm32h7xx_hal_uart.o
    0x08005f4c   0x08005f4c   0x00000098   Code   RO         5033    i.HAL_UART_ErrorCallback  rx_callback.o
    0x08005fe4   0x08005fe4   0x00000494   Code   RO         4377    i.HAL_UART_IRQHandler  stm32h7xx_hal_uart.o
    0x08006478   0x08006478   0x00000078   Code   RO         4378    i.HAL_UART_Init     stm32h7xx_hal_uart.o
    0x080064f0   0x080064f0   0x000006a0   Code   RO          494    i.HAL_UART_MspInit  usart.o
    0x08006b90   0x08006b90   0x0000005c   Code   RO         4382    i.HAL_UART_Receive_DMA  stm32h7xx_hal_uart.o
    0x08006bec   0x08006bec   0x00000064   Code   RO         5034    i.HAL_UART_RxCpltCallback  rx_callback.o
    0x08006c50   0x08006c50   0x00000002   Code   RO         4386    i.HAL_UART_RxHalfCpltCallback  stm32h7xx_hal_uart.o
    0x08006c52   0x08006c52   0x00000002   PAD
    0x08006c54   0x08006c54   0x000000a0   Code   RO         4388    i.HAL_UART_Transmit_DMA  stm32h7xx_hal_uart.o
    0x08006cf4   0x08006cf4   0x0000005c   Code   RO         5035    i.HAL_UART_TxCpltCallback  rx_callback.o
    0x08006d50   0x08006d50   0x00000002   Code   RO         4391    i.HAL_UART_TxHalfCpltCallback  stm32h7xx_hal_uart.o
    0x08006d52   0x08006d52   0x00000002   PAD
    0x08006d54   0x08006d54   0x0000023c   Code   RO         5133    i.HT10A_process     ht10a.o
    0x08006f90   0x08006f90   0x00000004   Code   RO          579    i.HardFault_Handler  stm32h7xx_it.o
    0x08006f94   0x08006f94   0x00000056   Code   RO           15    i.MPU_Config        main.o
    0x08006fea   0x08006fea   0x00000002   PAD
    0x08006fec   0x08006fec   0x00000100   Code   RO          445    i.MX_DMA_Init       dma.o
    0x080070ec   0x080070ec   0x00000060   Code   RO          375    i.MX_FREERTOS_Init  freertos.o
    0x0800714c   0x0800714c   0x00000164   Code   RO          244    i.MX_GPIO_Init      gpio.o
    0x080072b0   0x080072b0   0x0000006c   Code   RO          495    i.MX_UART7_Init     usart.o
    0x0800731c   0x0800731c   0x0000006c   Code   RO          496    i.MX_UART9_Init     usart.o
    0x08007388   0x08007388   0x0000007c   Code   RO          497    i.MX_USART1_UART_Init  usart.o
    0x08007404   0x08007404   0x0000006c   Code   RO          498    i.MX_USART2_UART_Init  usart.o
    0x08007470   0x08007470   0x0000006c   Code   RO          499    i.MX_USART3_UART_Init  usart.o
    0x080074dc   0x080074dc   0x0000006c   Code   RO          500    i.MX_USART6_UART_Init  usart.o
    0x08007548   0x08007548   0x00000004   Code   RO          580    i.MemManage_Handler  stm32h7xx_it.o
    0x0800754c   0x0800754c   0x000000fc   Code   RO         4934    i.MotorBus_Process  m8010.o
    0x08007648   0x08007648   0x00000188   Code   RO         4935    i.MotorBus_Restart  m8010.o
    0x080077d0   0x080077d0   0x00000004   Code   RO          581    i.NMI_Handler       stm32h7xx_it.o
    0x080077d4   0x080077d4   0x00000164   Code   RO         1086    i.RCCEx_PLL2_Config  stm32h7xx_hal_rcc_ex.o
    0x08007938   0x08007938   0x00000164   Code   RO         1087    i.RCCEx_PLL3_Config  stm32h7xx_hal_rcc_ex.o
    0x08007a9c   0x08007a9c   0x000000e8   Code   RO         6515    i.RobotMap_Init     robot_map.o
    0x08007b84   0x08007b84   0x0000002c   Code   RO         6516    i.RobotMap_InitLegRealSize  robot_map.o
    0x08007bb0   0x08007bb0   0x00000034   Code   RO         6436    i.SysTick_Handler   port.o
    0x08007be4   0x08007be4   0x000000b8   Code   RO           16    i.SystemClock_Config  main.o
    0x08007c9c   0x08007c9c   0x000000e0   Code   RO         4898    i.SystemInit        system_stm32h7xx.o
    0x08007d7c   0x08007d7c   0x00000010   Code   RO          582    i.TIM23_IRQHandler  stm32h7xx_it.o
    0x08007d8c   0x08007d8c   0x000000f0   Code   RO         3414    i.TIM_Base_SetConfig  stm32h7xx_hal_tim.o
    0x08007e7c   0x08007e7c   0x00000100   Code   RO         5134    i.Teaching_Pendant_Restart  ht10a.o
    0x08007f7c   0x08007f7c   0x000000a0   Code   RO         6795    i.Trajectory_ClampPlanarStep  trajectory.o
    0x0800801c   0x0800801c   0x00000034   Code   RO         6796    i.Trajectory_CycloidLift  trajectory.o
    0x08008050   0x08008050   0x00000030   Code   RO         6797    i.Trajectory_CycloidProgress  trajectory.o
    0x08008080   0x08008080   0x00000138   Code   RO         6798    i.Trajectory_GenerateNominalCenteredFoot  trajectory.o
    0x080081b8   0x080081b8   0x000000bc   Code   RO         6799    i.Trajectory_GetLegPhase  trajectory.o
    0x08008274   0x08008274   0x000000d4   Code   RO         6800    i.Trajectory_InitDefault  trajectory.o
    0x08008348   0x08008348   0x00000020   Code   RO         6801    i.Trajectory_Reset  trajectory.o
    0x08008368   0x08008368   0x00000058   Code   RO         6802    i.Trajectory_RuntimeInit  trajectory.o
    0x080083c0   0x080083c0   0x00000074   Code   RO         6803    i.Trajectory_SetBodyVelocity  trajectory.o
    0x08008434   0x08008434   0x00000024   Code   RO         6804    i.Trajectory_SetFrequency  trajectory.o
    0x08008458   0x08008458   0x00000048   Code   RO         6805    i.Trajectory_SetFrontSwingHeightBias  trajectory.o
    0x080084a0   0x080084a0   0x0000003e   Code   RO         6806    i.Trajectory_SetNominalFoot  trajectory.o
    0x080084de   0x080084de   0x00000002   PAD
    0x080084e0   0x080084e0   0x00000034   Code   RO         6807    i.Trajectory_SetStepLength  trajectory.o
    0x08008514   0x08008514   0x00000048   Code   RO         6808    i.Trajectory_SetSwingHeight  trajectory.o
    0x0800855c   0x0800855c   0x000001ac   Code   RO         6809    i.Trajectory_Update  trajectory.o
    0x08008708   0x08008708   0x00000010   Code   RO          583    i.UART7_IRQHandler  stm32h7xx_it.o
    0x08008718   0x08008718   0x00000010   Code   RO          584    i.UART9_IRQHandler  stm32h7xx_it.o
    0x08008728   0x08008728   0x00000058   Code   RO         4788    i.UARTEx_SetNbDataToProcess  stm32h7xx_hal_uart_ex.o
    0x08008780   0x08008780   0x000000f8   Code   RO         4392    i.UART_AdvFeatureConfig  stm32h7xx_hal_uart.o
    0x08008878   0x08008878   0x000000ea   Code   RO         4393    i.UART_CheckIdleState  stm32h7xx_hal_uart.o
    0x08008962   0x08008962   0x00000018   Code   RO         4394    i.UART_DMAAbortOnError  stm32h7xx_hal_uart.o
    0x0800897a   0x0800897a   0x0000005e   Code   RO         4395    i.UART_DMAError     stm32h7xx_hal_uart.o
    0x080089d8   0x080089d8   0x000000ae   Code   RO         4396    i.UART_DMAReceiveCplt  stm32h7xx_hal_uart.o
    0x08008a86   0x08008a86   0x00000026   Code   RO         4398    i.UART_DMARxHalfCplt  stm32h7xx_hal_uart.o
    0x08008aac   0x08008aac   0x00000054   Code   RO         4400    i.UART_DMATransmitCplt  stm32h7xx_hal_uart.o
    0x08008b00   0x08008b00   0x0000000e   Code   RO         4402    i.UART_DMATxHalfCplt  stm32h7xx_hal_uart.o
    0x08008b0e   0x08008b0e   0x00000002   PAD
    0x08008b10   0x08008b10   0x0000006c   Code   RO         4404    i.UART_EndRxTransfer  stm32h7xx_hal_uart.o
    0x08008b7c   0x08008b7c   0x00000030   Code   RO         4405    i.UART_EndTransmit_IT  stm32h7xx_hal_uart.o
    0x08008bac   0x08008bac   0x00000040   Code   RO         4406    i.UART_EndTxTransfer  stm32h7xx_hal_uart.o
    0x08008bec   0x08008bec   0x00000628   Code   RO         4411    i.UART_SetConfig    stm32h7xx_hal_uart.o
    0x08009214   0x08009214   0x000000c8   Code   RO         4412    i.UART_Start_Receive_DMA  stm32h7xx_hal_uart.o
    0x080092dc   0x080092dc   0x000000ac   Code   RO         4418    i.UART_WaitOnFlagUntilTimeout  stm32h7xx_hal_uart.o
    0x08009388   0x08009388   0x00000010   Code   RO          585    i.USART1_IRQHandler  stm32h7xx_it.o
    0x08009398   0x08009398   0x00000010   Code   RO          586    i.USART2_IRQHandler  stm32h7xx_it.o
    0x080093a8   0x080093a8   0x00000010   Code   RO          587    i.USART3_IRQHandler  stm32h7xx_it.o
    0x080093b8   0x080093b8   0x00000010   Code   RO          588    i.USART6_IRQHandler  stm32h7xx_it.o
    0x080093c8   0x080093c8   0x00000004   Code   RO          589    i.UsageFault_Handler  stm32h7xx_it.o
    0x080093cc   0x080093cc   0x00000018   Code   RO         5093    i.VOFA_JF_DMA_Init  vofa.o
    0x080093e4   0x080093e4   0x00000054   Code   RO         5094    i.VOFA_JF_DMA_Send  vofa.o
    0x08009438   0x08009438   0x00000030   Code   RO         7084    i.__ARM_fpclassify  m_wv.l(fpclassify.o)
    0x08009468   0x08009468   0x00000026   Code   RO         7026    i.__ARM_fpclassifyf  m_wv.l(fpclassifyf.o)
    0x0800948e   0x0800948e   0x00000002   PAD
    0x08009490   0x08009490   0x00000010   Code   RO          821    i.__NVIC_GetPriorityGrouping  stm32h7xx_hal_cortex.o
    0x080094a0   0x080094a0   0x00000028   Code   RO          822    i.__NVIC_SetPriority  stm32h7xx_hal_cortex.o
    0x080094c8   0x080094c8   0x00000124   Code   RO         6915    i.__hardfp_acosf    m_wv.l(acosf.o)
    0x080095ec   0x080095ec   0x000002b4   Code   RO         6927    i.__hardfp_atan2f   m_wv.l(atan2f.o)
    0x080098a0   0x080098a0   0x000000b0   Code   RO         6939    i.__hardfp_cos      m_wv.l(cos.o)
    0x08009950   0x08009950   0x00000150   Code   RO         6951    i.__hardfp_cosf     m_wv.l(cosf.o)
    0x08009aa0   0x08009aa0   0x000000b0   Code   RO         6963    i.__hardfp_sin      m_wv.l(sin.o)
    0x08009b50   0x08009b50   0x00000194   Code   RO         6975    i.__hardfp_sinf     m_wv.l(sinf.o)
    0x08009ce4   0x08009ce4   0x0000003a   Code   RO         6987    i.__hardfp_sqrtf    m_wv.l(sqrtf.o)
    0x08009d1e   0x08009d1e   0x00000002   PAD
    0x08009d20   0x08009d20   0x00000310   Code   RO         7042    i.__ieee754_rem_pio2  m_wv.l(rred.o)
    0x0800a030   0x0800a030   0x000000e0   Code   RO         7009    i.__kernel_cos      m_wv.l(cos_i.o)
    0x0800a110   0x0800a110   0x00000070   Code   RO         7086    i.__kernel_poly     m_wv.l(poly.o)
    0x0800a180   0x0800a180   0x000000a8   Code   RO         7050    i.__kernel_sin      m_wv.l(sin_i.o)
    0x0800a228   0x0800a228   0x00000018   Code   RO         7015    i.__mathlib_dbl_invalid  m_wv.l(dunder.o)
    0x0800a240   0x0800a240   0x00000018   Code   RO         7018    i.__mathlib_dbl_underflow  m_wv.l(dunder.o)
    0x0800a258   0x0800a258   0x00000006   Code   RO         7029    i.__mathlib_flt_infnan  m_wv.l(funder.o)
    0x0800a25e   0x0800a25e   0x00000006   Code   RO         7030    i.__mathlib_flt_infnan2  m_wv.l(funder.o)
    0x0800a264   0x0800a264   0x00000010   Code   RO         7031    i.__mathlib_flt_invalid  m_wv.l(funder.o)
    0x0800a274   0x0800a274   0x00000010   Code   RO         7034    i.__mathlib_flt_underflow  m_wv.l(funder.o)
    0x0800a284   0x0800a284   0x00000154   Code   RO         7047    i.__mathlib_rredf2  m_wv.l(rredf.o)
    0x0800a3d8   0x0800a3d8   0x0000002a   Code   RO         6578    i.app_clampf        app_robot.o
    0x0800a402   0x0800a402   0x00000002   PAD
    0x0800a404   0x0800a404   0x00000040   Code   RO         6579    i.app_get_real_dt_ms  app_robot.o
    0x0800a444   0x0800a444   0x00000090   Code   RO         6581    i.app_map_rc_axis_to_unit  app_robot.o
    0x0800a4d4   0x0800a4d4   0x00000014   Code   RO          376    i.calculate         freertos.o
    0x0800a4e8   0x0800a4e8   0x000000ac   Code   RO         4936    i.cmd_init          m8010.o
    0x0800a594   0x0800a594   0x000000b0   Code   RO         4937    i.cmd_init_2        m8010.o
    0x0800a644   0x0800a644   0x00000248   Code   RO         4938    i.cmd_single_test_init  m8010.o
    0x0800a88c   0x0800a88c   0x00000022   Code   RO         4939    i.crc_ccitt         m8010.o
    0x0800a8ae   0x0800a8ae   0x00000002   PAD
    0x0800a8b0   0x0800a8b0   0x00000018   Code   RO         4940    i.crc_ccitt_byte    m8010.o
    0x0800a8c8   0x0800a8c8   0x00000110   Code   RO         4941    i.extract_data      m8010.o
    0x0800a9d8   0x0800a9d8   0x00000018   Code   RO         7080    i.fabs              m_wv.l(fabs.o)
    0x0800a9f0   0x0800a9f0   0x0000000a   Code   RO         6582    i.fabsf             app_robot.o
    0x0800a9fa   0x0800a9fa   0x00000002   PAD
    0x0800a9fc   0x0800a9fc   0x000001c4   Code   RO         6737    i.gait_inverse_kinematics_core  gait.o
    0x0800abc0   0x0800abc0   0x00000108   Code   RO         6738    i.leg_forward_kinematics  gait.o
    0x0800acc8   0x0800acc8   0x0000003c   Code   RO           17    i.main              main.o
    0x0800ad04   0x0800ad04   0x0000000e   Code   RO         5998    i.makeFreeRtosPriority  cmsis_os.o
    0x0800ad12   0x0800ad12   0x00000002   PAD
    0x0800ad14   0x0800ad14   0x0000023c   Code   RO         4942    i.modify_data       m8010.o
    0x0800af50   0x0800af50   0x0000000e   Code   RO          377    i.motor             freertos.o
    0x0800af5e   0x0800af5e   0x00000018   Code   RO         6000    i.osDelay           cmsis_os.o
    0x0800af76   0x0800af76   0x0000000a   Code   RO         6003    i.osKernelStart     cmsis_os.o
    0x0800af80   0x0800af80   0x0000005e   Code   RO         6037    i.osThreadCreate    cmsis_os.o
    0x0800afde   0x0800afde   0x00000002   PAD
    0x0800afe0   0x0800afe0   0x00000098   Code   RO         5666    i.prvAddCurrentTaskToDelayedList  tasks.o
    0x0800b078   0x0800b078   0x000000b4   Code   RO         5667    i.prvAddNewTaskToReadyList  tasks.o
    0x0800b12c   0x0800b12c   0x00000048   Code   RO         5668    i.prvCheckTasksWaitingTermination  tasks.o
    0x0800b174   0x0800b174   0x00000050   Code   RO         5669    i.prvDeleteTCB      tasks.o
    0x0800b1c4   0x0800b1c4   0x0000007c   Code   RO         6368    i.prvHeapInit       heap_4.o
    0x0800b240   0x0800b240   0x00000028   Code   RO         5670    i.prvIdleTask       tasks.o
    0x0800b268   0x0800b268   0x000000b4   Code   RO         5671    i.prvInitialiseNewTask  tasks.o
    0x0800b31c   0x0800b31c   0x00000068   Code   RO         5672    i.prvInitialiseTaskLists  tasks.o
    0x0800b384   0x0800b384   0x00000068   Code   RO         6369    i.prvInsertBlockIntoFreeList  heap_4.o
    0x0800b3ec   0x0800b3ec   0x00000034   Code   RO         5673    i.prvResetNextTaskUnblockTime  tasks.o
    0x0800b420   0x0800b420   0x00000040   Code   RO         6437    i.prvTaskExitError  port.o
    0x0800b460   0x0800b460   0x0000014c   Code   RO         6370    i.pvPortMalloc      heap_4.o
    0x0800b5ac   0x0800b5ac   0x0000002c   Code   RO         6438    i.pxPortInitialiseStack  port.o
    0x0800b5d8   0x0800b5d8   0x0000015c   Code   RO         4943    i.send_data_all     m8010.o
    0x0800b734   0x0800b734   0x00000034   Code   RO         4944    i.set_cmd_pos_by_index  m8010.o
    0x0800b768   0x0800b768   0x0000003e   Code   RO         6989    i.sqrtf             m_wv.l(sqrtf.o)
    0x0800b7a6   0x0800b7a6   0x0000002a   Code   RO         6810    i.traj_clampf       trajectory.o
    0x0800b7d0   0x0800b7d0   0x00000028   Code   RO         5295    i.uxListRemove      list.o
    0x0800b7f8   0x0800b7f8   0x00000018   Code   RO          378    i.vApplicationGetIdleTaskMemory  freertos.o
    0x0800b810   0x0800b810   0x0000001a   Code   RO         5296    i.vListInitialise   list.o
    0x0800b82a   0x0800b82a   0x00000006   Code   RO         5297    i.vListInitialiseItem  list.o
    0x0800b830   0x0800b830   0x00000034   Code   RO         5298    i.vListInsert       list.o
    0x0800b864   0x0800b864   0x00000018   Code   RO         5299    i.vListInsertEnd    list.o
    0x0800b87c   0x0800b87c   0x00000054   Code   RO         6440    i.vPortEnterCritical  port.o
    0x0800b8d0   0x0800b8d0   0x0000003c   Code   RO         6441    i.vPortExitCritical  port.o
    0x0800b90c   0x0800b90c   0x000000a4   Code   RO         6371    i.vPortFree         heap_4.o
    0x0800b9b0   0x0800b9b0   0x00000028   Code   RO         6442    i.vPortSetupTimerInterrupt  port.o
    0x0800b9d8   0x0800b9d8   0x0000005c   Code   RO         5682    i.vTaskDelay        tasks.o
    0x0800ba34   0x0800ba34   0x000000b0   Code   RO         5695    i.vTaskStartScheduler  tasks.o
    0x0800bae4   0x0800bae4   0x00000010   Code   RO         5697    i.vTaskSuspendAll   tasks.o
    0x0800baf4   0x0800baf4   0x0000008c   Code   RO         5698    i.vTaskSwitchContext  tasks.o
    0x0800bb80   0x0800bb80   0x0000000e   Code   RO          379    i.vofa              freertos.o
    0x0800bb8e   0x0800bb8e   0x00000002   PAD
    0x0800bb90   0x0800bb90   0x00000168   Code   RO         6444    i.xPortStartScheduler  port.o
    0x0800bcf8   0x0800bcf8   0x00000064   Code   RO         5701    i.xTaskCreate       tasks.o
    0x0800bd5c   0x0800bd5c   0x000000ba   Code   RO         5702    i.xTaskCreateStatic  tasks.o
    0x0800be16   0x0800be16   0x00000002   PAD
    0x0800be18   0x0800be18   0x00000148   Code   RO         5709    i.xTaskIncrementTick  tasks.o
    0x0800bf60   0x0800bf60   0x00000104   Code   RO         5715    i.xTaskResumeAll    tasks.o
    0x0800c064   0x0800c064   0x0000000a   Code   RO         7173    x$fpl$fpinit        fz_wv.l(fpinit.o)
    0x0800c06e   0x0800c06e   0x00000000   Code   RO         7008    x$fpl$usenofp       fz_wv.l(usenofp.o)
    0x0800c06e   0x0800c06e   0x00000002   PAD
    0x0800c070   0x0800c070   0x00000054   Data   RO          381    .constdata          freertos.o
    0x0800c0c4   0x0800c0c4   0x00000008   Data   RO         1695    .constdata          stm32h7xx_hal_dma.o
    0x0800c0cc   0x0800c0cc   0x00000018   Data   RO         4419    .constdata          stm32h7xx_hal_uart.o
    0x0800c0e4   0x0800c0e4   0x00000010   Data   RO         4790    .constdata          stm32h7xx_hal_uart_ex.o
    0x0800c0f4   0x0800c0f4   0x00000010   Data   RO         4899    .constdata          system_stm32h7xx.o
    0x0800c104   0x0800c104   0x00000200   Data   RO         4946    .constdata          m8010.o
    0x0800c304   0x0800c304   0x00000004   Data   RO         5096    .constdata          vofa.o
    0x0800c308   0x0800c308   0x00000034   Data   RO         6518    .constdata          robot_map.o
    0x0800c33c   0x0800c33c   0x00000004   PAD
    0x0800c340   0x0800c340   0x00000030   Data   RO         7010    .constdata          m_wv.l(cos_i.o)
    0x0800c370   0x0800c370   0x000000c8   Data   RO         7044    .constdata          m_wv.l(rred.o)
    0x0800c438   0x0800c438   0x00000020   Data   RO         7048    .constdata          m_wv.l(rredf.o)
    0x0800c458   0x0800c458   0x00000028   Data   RO         7051    .constdata          m_wv.l(sin_i.o)
    0x0800c480   0x0800c480   0x00000024   Data   RO          382    .conststring        freertos.o
    0x0800c4a4   0x0800c4a4   0x00000030   Data   RO         7231    Region$$Table       anon$$obj.o


    Execution Region RW_IRAM1 (Exec base: 0x20000000, Load base: 0x0800c4d4, Size: 0x00003c00, Max: 0x00020000, ABSOLUTE)

    Exec Addr    Load Addr    Size         Type   Attr      Idx    E Section Name        Object

    0x20000000        -       0x00003c00   Zero   RW         6376    .bss                heap_4.o


    Execution Region RW_IRAM2 (Exec base: 0x24000000, Load base: 0x0800c4d4, Size: 0x00001fb0, Max: 0x00020000, ABSOLUTE, COMPRESSED[0x00000064])

    Exec Addr    Load Addr    Size         Type   Attr      Idx    E Section Name        Object

    0x24000000   COMPRESSED   0x0000000c   Data   RW          383    .data               freertos.o
    0x2400000c   COMPRESSED   0x00000009   Data   RW         2427    .data               stm32h7xx_hal.o
    0x24000015   COMPRESSED   0x00000003   PAD
    0x24000018   COMPRESSED   0x00000008   Data   RW         4900    .data               system_stm32h7xx.o
    0x24000020   COMPRESSED   0x0000000c   Data   RW         4947    .data               m8010.o
    0x2400002c   COMPRESSED   0x0000003c   Data   RW         5718    .data               tasks.o
    0x24000068   COMPRESSED   0x00000020   Data   RW         6377    .data               heap_4.o
    0x24000088   COMPRESSED   0x0000000c   Data   RW         6445    .data               port.o
    0x24000094   COMPRESSED   0x00000090   Data   RW         6519    .data               robot_map.o
    0x24000124   COMPRESSED   0x00000054   Data   RW         6584    .data               app_robot.o
    0x24000178        -       0x00000254   Zero   RW          380    .bss                freertos.o
    0x240003cc        -       0x00000918   Zero   RW          501    .bss                usart.o
    0x24000ce4        -       0x0000004c   Zero   RW          764    .bss                stm32h7xx_hal_timebase_tim.o
    0x24000d30        -       0x00000298   Zero   RW         4945    .bss                m8010.o
    0x24000fc8        -       0x00000048   Zero   RW         5095    .bss                vofa.o
    0x24001010        -       0x00000042   Zero   RW         5135    .bss                ht10a.o
    0x24001052   COMPRESSED   0x00000002   PAD
    0x24001054        -       0x000000f0   Zero   RW         5717    .bss                tasks.o
    0x24001144        -       0x000005dc   Zero   RW         6517    .bss                robot_map.o
    0x24001720        -       0x000001d0   Zero   RW         6583    .bss                app_robot.o
    0x240018f0        -       0x00000060   Zero   RW         6741    .bss                gait.o
    0x24001950        -       0x00000060   Zero   RW         7089    .bss                c_w.l(libspace.o)
    0x240019b0        -       0x00000200   Zero   RW            2    HEAP                startup_stm32h723xx.o
    0x24001bb0        -       0x00000400   Zero   RW            1    STACK               startup_stm32h723xx.o


==============================================================================

Image component sizes


      Code (inc. data)   RO Data    RW Data    ZI Data      Debug   Object Name

      2828        288          0         84        464      21660   app_robot.o
       142          0          0          0          0      25399   cmsis_os.o
         0          0          0          0          0       7352   croutine.o
       256          6          0          0          0        974   dma.o
         0          0          0          0          0      17816   event_groups.o
       168         32        120         12        596       4335   freertos.o
       900         24          0          0         96       4947   gait.o
       356         20          0          0          0    1165472   gpio.o
       724         74          0         32      15360       7419   heap_4.o
       828         24          0          0         66       2342   ht10a.o
       148          0          0          0          0       3586   list.o
      2878        176        512         12        664       9873   m8010.o
       360         10          0          0          0    1196618   main.o
       894         78          0         12          0      11076   port.o
       276         28         52        144       1500       4214   robot_map.o
       420         66          0          0          0       6094   rx_callback.o
        64         26        716          0       1536        828   startup_stm32h723xx.o
       132         30          0          9          0      22250   stm32h7xx_hal.o
       458         40          0          0          0      41368   stm32h7xx_hal_cortex.o
      8656        164          8          0          0      13845   stm32h7xx_hal_dma.o
       508         50          0          0          0       2180   stm32h7xx_hal_gpio.o
        48          6          0          0          0        910   stm32h7xx_hal_msp.o
        96          6          0          0          0        757   stm32h7xx_hal_pwr_ex.o
      3496        120          0          0          0       7477   stm32h7xx_hal_rcc.o
      5140        112          0          0          0       7233   stm32h7xx_hal_rcc_ex.o
       972         84          0          0          0       6642   stm32h7xx_hal_tim.o
         6          0          0          0          0       2284   stm32h7xx_hal_tim_ex.o
       148         20          0          0         76       1560   stm32h7xx_hal_timebase_tim.o
      5026        188         24          0          0      38369   stm32h7xx_hal_uart.o
       458         10         16          0          0       6341   stm32h7xx_hal_uart_ex.o
       326        114          0          0          0      12002   stm32h7xx_it.o
         0          0          0          0          0        384   stream_buffer.o
       224         32         16          8          0       1346   system_stm32h7xx.o
      2158        270          0         60        240      20261   tasks.o
         0          0          0          0          0       2472   timers.o
      1972        150          0          0          0      12727   trajectory.o
      2360        190          0          0       2328       6495   usart.o
       108          4          4          0         72       2454   vofa.o

    ----------------------------------------------------------------------
     43574       2442       1520        376      23000    2699362   Object Totals
         0          0         48          0          0          0   (incl. Generated)
        40          0          4          3          2          0   (incl. Padding)

    ----------------------------------------------------------------------

      Code (inc. data)   RO Data    RW Data    ZI Data      Debug   Library Member Name

        90          0          0          0          0          0   __dczerorl2.o
         8          0          0          0          0         68   __main.o
         0          0          0          0          0          0   __rtentry.o
        12          0          0          0          0          0   __rtentry2.o
         6          0          0          0          0          0   __rtentry4.o
        52          8          0          0          0          0   __scatter.o
        28          0          0          0          0          0   __scatter_zi.o
        22          0          0          0          0        100   _rserrno.o
        18          0          0          0          0         80   exit.o
         6          0          0          0          0        152   heapauxi.o
         0          0          0          0          0          0   indicate_semi.o
         2          0          0          0          0          0   libinit.o
         6          0          0          0          0          0   libinit2.o
         2          0          0          0          0          0   libshutdown.o
         2          0          0          0          0          0   libshutdown2.o
         8          4          0          0         96         68   libspace.o
       238          0          0          0          0        100   lludivv7m.o
         8          4          0          0          0         68   rt_errno_addr_intlibspace.o
        78          0          0          0          0         80   rt_memclr_w.o
       138          0          0          0          0         68   rt_memcpy_v6.o
       100          0          0          0          0         80   rt_memcpy_w.o
         2          0          0          0          0          0   rtexit.o
        10          0          0          0          0          0   rtexit2.o
        12          4          0          0          0         68   sys_exit.o
        74          0          0          0          0         80   sys_stackheap_outer.o
         2          0          0          0          0         68   use_no_semi.o
        10          0          0          0          0        116   fpinit.o
         0          0          0          0          0          0   usenofp.o
       292         58          0          0          0        176   acosf.o
       692         98          0          0          0        208   atan2f.o
       176         18          0          0          0        156   cos.o
       224         42         48          0          0        184   cos_i.o
       336         60          0          0          0        136   cosf.o
        48         28          0          0          0        232   dunder.o
        24          0          0          0          0        124   fabs.o
        48          0          0          0          0        124   fpclassify.o
        38          0          0          0          0        116   fpclassifyf.o
        44         12          0          0          0        464   funder.o
       112          0          0          0          0        116   poly.o
       784        138        200          0          0        172   rred.o
       340         24         32          0          0        160   rredf.o
       176         18          0          0          0        160   sin.o
       168         24         40          0          0        196   sin_i.o
       404         60          0          0          0        212   sinf.o
       120          0          0          0          0        272   sqrtf.o

    ----------------------------------------------------------------------
      4974        600        320          0         96       4404   Library Totals
        14          0          0          0          0          0   (incl. Padding)

    ----------------------------------------------------------------------

      Code (inc. data)   RO Data    RW Data    ZI Data      Debug   Library Name

       924         20          0          0         96       1080   c_w.l
        10          0          0          0          0        116   fz_wv.l
      4026        580        320          0          0       3208   m_wv.l

    ----------------------------------------------------------------------
      4974        600        320          0         96       4404   Library Totals

    ----------------------------------------------------------------------

==============================================================================


      Code (inc. data)   RO Data    RW Data    ZI Data      Debug   

     48548       3042       1840        376      23096    2679698   Grand Totals
     48548       3042       1840        100      23096    2679698   ELF Image Totals (compressed)
     48548       3042       1840        100          0          0   ROM Totals

==============================================================================

    Total RO  Size (Code + RO Data)                50388 (  49.21kB)
    Total RW  Size (RW Data + ZI Data)             23472 (  22.92kB)
    Total ROM Size (Code + RO Data + RW Data)      50488 (  49.30kB)

==============================================================================

