Component: ARM Compiler 5.06 update 7 (build 960) Tool: armlink [4d3601]

==============================================================================

Section Cross References

    startup_stm32h723xx.o(STACK) refers (Special) to heapauxi.o(.text) for __use_two_region_memory
    startup_stm32h723xx.o(HEAP) refers (Special) to heapauxi.o(.text) for __use_two_region_memory
    startup_stm32h723xx.o(RESET) refers (Special) to heapauxi.o(.text) for __use_two_region_memory
    startup_stm32h723xx.o(RESET) refers to startup_stm32h723xx.o(STACK) for __initial_sp
    startup_stm32h723xx.o(RESET) refers to startup_stm32h723xx.o(.text) for Reset_Handler
    startup_stm32h723xx.o(RESET) refers to stm32h7xx_it.o(i.NMI_Handler) for NMI_Handler
    startup_stm32h723xx.o(RESET) refers to stm32h7xx_it.o(i.HardFault_Handler) for HardFault_Handler
    startup_stm32h723xx.o(RESET) refers to stm32h7xx_it.o(i.MemManage_Handler) for MemManage_Handler
    startup_stm32h723xx.o(RESET) refers to stm32h7xx_it.o(i.BusFault_Handler) for BusFault_Handler
    startup_stm32h723xx.o(RESET) refers to stm32h7xx_it.o(i.UsageFault_Handler) for UsageFault_Handler
    startup_stm32h723xx.o(RESET) refers to port.o(.emb_text) for SVC_Handler
    startup_stm32h723xx.o(RESET) refers to stm32h7xx_it.o(i.DebugMon_Handler) for DebugMon_Handler
    startup_stm32h723xx.o(RESET) refers to port.o(i.SysTick_Handler) for SysTick_Handler
    startup_stm32h723xx.o(RESET) refers to stm32h7xx_it.o(i.DMA1_Stream0_IRQHandler) for DMA1_Stream0_IRQHandler
    startup_stm32h723xx.o(RESET) refers to stm32h7xx_it.o(i.DMA1_Stream1_IRQHandler) for DMA1_Stream1_IRQHandler
    startup_stm32h723xx.o(RESET) refers to stm32h7xx_it.o(i.DMA1_Stream2_IRQHandler) for DMA1_Stream2_IRQHandler
    startup_stm32h723xx.o(RESET) refers to stm32h7xx_it.o(i.DMA1_Stream3_IRQHandler) for DMA1_Stream3_IRQHandler
    startup_stm32h723xx.o(RESET) refers to stm32h7xx_it.o(i.DMA1_Stream4_IRQHandler) for DMA1_Stream4_IRQHandler
    startup_stm32h723xx.o(RESET) refers to stm32h7xx_it.o(i.DMA1_Stream5_IRQHandler) for DMA1_Stream5_IRQHandler
    startup_stm32h723xx.o(RESET) refers to stm32h7xx_it.o(i.DMA1_Stream6_IRQHandler) for DMA1_Stream6_IRQHandler
    startup_stm32h723xx.o(RESET) refers to stm32h7xx_it.o(i.USART2_IRQHandler) for USART2_IRQHandler
    startup_stm32h723xx.o(RESET) refers to stm32h7xx_it.o(i.USART3_IRQHandler) for USART3_IRQHandler
    startup_stm32h723xx.o(RESET) refers to stm32h7xx_it.o(i.DMA1_Stream7_IRQHandler) for DMA1_Stream7_IRQHandler
    startup_stm32h723xx.o(RESET) refers to stm32h7xx_it.o(i.DMA2_Stream0_IRQHandler) for DMA2_Stream0_IRQHandler
    startup_stm32h723xx.o(RESET) refers to stm32h7xx_it.o(i.DMA2_Stream1_IRQHandler) for DMA2_Stream1_IRQHandler
    startup_stm32h723xx.o(RESET) refers to stm32h7xx_it.o(i.USART6_IRQHandler) for USART6_IRQHandler
    startup_stm32h723xx.o(RESET) refers to stm32h7xx_it.o(i.UART7_IRQHandler) for UART7_IRQHandler
    startup_stm32h723xx.o(RESET) refers to stm32h7xx_it.o(i.UART9_IRQHandler) for UART9_IRQHandler
    startup_stm32h723xx.o(RESET) refers to stm32h7xx_it.o(i.TIM23_IRQHandler) for TIM23_IRQHandler
    startup_stm32h723xx.o(.text) refers (Special) to heapauxi.o(.text) for __use_two_region_memory
    startup_stm32h723xx.o(.text) refers to system_stm32h7xx.o(i.SystemInit) for SystemInit
    startup_stm32h723xx.o(.text) refers to __main.o(!!!main) for __main
    startup_stm32h723xx.o(.text) refers to startup_stm32h723xx.o(HEAP) for Heap_Mem
    startup_stm32h723xx.o(.text) refers to startup_stm32h723xx.o(STACK) for Stack_Mem
    main.o(i.HAL_TIM_PeriodElapsedCallback) refers to stm32h7xx_hal.o(i.HAL_IncTick) for HAL_IncTick
    main.o(i.MPU_Config) refers to stm32h7xx_hal_cortex.o(i.HAL_MPU_Disable) for HAL_MPU_Disable
    main.o(i.MPU_Config) refers to stm32h7xx_hal_cortex.o(i.HAL_MPU_ConfigRegion) for HAL_MPU_ConfigRegion
    main.o(i.MPU_Config) refers to stm32h7xx_hal_cortex.o(i.HAL_MPU_Enable) for HAL_MPU_Enable
    main.o(i.SystemClock_Config) refers to rt_memclr_w.o(.text) for __aeabi_memclr4
    main.o(i.SystemClock_Config) refers to stm32h7xx_hal_pwr_ex.o(i.HAL_PWREx_ConfigSupply) for HAL_PWREx_ConfigSupply
    main.o(i.SystemClock_Config) refers to stm32h7xx_hal_rcc.o(i.HAL_RCC_OscConfig) for HAL_RCC_OscConfig
    main.o(i.SystemClock_Config) refers to main.o(i.Error_Handler) for Error_Handler
    main.o(i.SystemClock_Config) refers to stm32h7xx_hal_rcc.o(i.HAL_RCC_ClockConfig) for HAL_RCC_ClockConfig
    main.o(i.main) refers to main.o(i.MPU_Config) for MPU_Config
    main.o(i.main) refers to stm32h7xx_hal.o(i.HAL_Init) for HAL_Init
    main.o(i.main) refers to main.o(i.SystemClock_Config) for SystemClock_Config
    main.o(i.main) refers to gpio.o(i.MX_GPIO_Init) for MX_GPIO_Init
    main.o(i.main) refers to dma.o(i.MX_DMA_Init) for MX_DMA_Init
    main.o(i.main) refers to usart.o(i.MX_UART7_Init) for MX_UART7_Init
    main.o(i.main) refers to usart.o(i.MX_UART9_Init) for MX_UART9_Init
[...]
    xNextTaskUnblockTime                     0x24000050   Data           4  tasks.o(.data)
    xIdleTaskHandle                          0x24000054   Data           4  tasks.o(.data)
    uxSchedulerSuspended                     0x24000058   Data           4  tasks.o(.data)
    .data                                    0x2400005c   Section       32  heap_4.o(.data)
    xStart                                   0x2400005c   Data           8  heap_4.o(.data)
    pxEnd                                    0x24000064   Data           4  heap_4.o(.data)
    xFreeBytesRemaining                      0x24000068   Data           4  heap_4.o(.data)
    xMinimumEverFreeBytesRemaining           0x2400006c   Data           4  heap_4.o(.data)
    xNumberOfSuccessfulAllocations           0x24000070   Data           4  heap_4.o(.data)
    xNumberOfSuccessfulFrees                 0x24000074   Data           4  heap_4.o(.data)
    xBlockAllocatedBit                       0x24000078   Data           4  heap_4.o(.data)
    .data                                    0x2400007c   Section       12  port.o(.data)
    uxCriticalNesting                        0x2400007c   Data           4  port.o(.data)
    ucMaxSysCallPriority                     0x24000080   Data           1  port.o(.data)
    ulMaxPRIGROUPValue                       0x24000084   Data           4  port.o(.data)
    .data                                    0x24000088   Section       48  robot_map.o(.data)
    .data                                    0x240000b8   Section       60  app_robot.o(.data)
    g_interp_ctx_idx                         0x240000b8   Data           1  app_robot.o(.data)
    g_interp_dt_ms                           0x240000bc   Data           4  app_robot.o(.data)
    last_tick                                0x240000c0   Data           4  app_robot.o(.data)
    duration_ms                              0x240000c4   Data          48  app_robot.o(.data)
    .bss                                     0x240000f4   Section      608  freertos.o(.bss)
    xIdleTaskTCBBuffer                       0x24000100   Data          84  freertos.o(.bss)
    xIdleStack                               0x24000154   Data         512  freertos.o(.bss)
    .bss                                     0x24000354   Section     1940  usart.o(.bss)
    .bss                                     0x24000ae8   Section       76  stm32h7xx_hal_timebase_tim.o(.bss)
    .bss                                     0x24000b34   Section      600  m8010.o(.bss)
    .bss                                     0x24000d8c   Section       72  vofa.o(.bss)
    .bss                                     0x24000dd4   Section      240  tasks.o(.bss)
    pxReadyTasksLists                        0x24000dd4   Data         140  tasks.o(.bss)
    xDelayedTaskList1                        0x24000e60   Data          20  tasks.o(.bss)
    xDelayedTaskList2                        0x24000e74   Data          20  tasks.o(.bss)
    xPendingReadyList                        0x24000e88   Data          20  tasks.o(.bss)
    xTasksWaitingTermination                 0x24000e9c   Data          20  tasks.o(.bss)
    xSuspendedTaskList                       0x24000eb0   Data          20  tasks.o(.bss)
    .bss                                     0x24000ec4   Section     1500  robot_map.o(.bss)
    .bss                                     0x240014a0   Section      364  app_robot.o(.bss)
    g_smoothed_angle                         0x24001500   Data          48  app_robot.o(.bss)
    start_angle                              0x24001570   Data          48  app_robot.o(.bss)
    end_angle                                0x240015a0   Data          48  app_robot.o(.bss)
    elapsed_ms                               0x240015d0   Data          48  app_robot.o(.bss)
    inited                                   0x24001600   Data          12  app_robot.o(.bss)
    .bss                                     0x2400160c   Section       48  gait.o(.bss)
    .bss                                     0x2400163c   Section       96  libspace.o(.bss)
    HEAP                                     0x240016a0   Section      512  startup_stm32h723xx.o(HEAP)
    Heap_Mem                                 0x240016a0   Data         512  startup_stm32h723xx.o(HEAP)
    STACK                                    0x240018a0   Section     1024  startup_stm32h723xx.o(STACK)
    Stack_Mem                                0x240018a0   Data        1024  startup_stm32h723xx.o(STACK)
    __initial_sp                             0x24001ca0   Data           0  startup_stm32h723xx.o(STACK)

    Global Symbols

    Symbol Name                              Value     Ov Type        Size  Object(Section)

    BuildAttributes$$THM_ISAv4$E$P$D$K$B$S$7EM$VFPv5_D16$PE$PLD8$A:L22UL41UL21$X:L11$S22US41US21$IEEE1$IW$USESV6$~STKCKD$USESV7$~SHL$OTIME$ROPI$IEEEX$EBA8$UX$STANDARDLIB$REQ8$PRES8$EABIv2 0x00000000   Number         0  anon$$obj.o ABSOLUTE
    __ARM_use_no_argv                        0x00000000   Number         0  main.o ABSOLUTE
    __ARM_exceptions_init                     - Undefined Weak Reference
    __alloca_initialize                       - Undefined Weak Reference
    __arm_fini_                               - Undefined Weak Reference
    __arm_preinit_                            - Undefined Weak Reference
    __cpp_initialize__aeabi_                  - Undefined Weak Reference
    __cxa_finalize                            - Undefined Weak Reference
    __rt_locale                               - Undefined Weak Reference
    __sigvec_lookup                           - Undefined Weak Reference
    _atexit_init                              - Undefined Weak Reference
    _call_atexit_fns                          - Undefined Weak Reference
    _clock_init                               - Undefined Weak Reference
    _fp_trap_init                             - Undefined Weak Reference
    _fp_trap_shutdown                         - Undefined Weak Reference
    _get_lc_collate                           - Undefined Weak Reference
    _get_lc_ctype                             - Undefined Weak Reference
    _get_lc_monetary                          - Undefined Weak Reference
    _get_lc_numeric                           - Undefined Weak Reference
    _get_lc_time                              - Undefined Weak Reference
    _getenv_init                              - Undefined Weak Reference
    _handle_redirection                       - Undefined Weak Reference
    _init_alloc                               - Undefined Weak Reference
    _init_user_alloc                          - Undefined Weak Reference
    _initio                                   - Undefined Weak Reference
    _rand_init                                - Undefined Weak Reference
    _signal_finish                            - Undefined Weak Reference
    _signal_init                              - Undefined Weak Reference
    _terminate_alloc                          - Undefined Weak Reference
    _terminate_user_alloc                     - Undefined Weak Reference
    _terminateio                              - Undefined Weak Reference
    __Vectors_Size                           0x000002cc   Number         0  startup_stm32h723xx.o ABSOLUTE
    __Vectors                                0x08000000   Data           4  startup_stm32h723xx.o(RESET)
    __Vectors_End                            0x080002cc   Data           0  startup_stm32h723xx.o(RESET)
    __main                                   0x080002cd   Thumb Code     8  __main.o(!!!main)
    __scatterload                            0x080002d5   Thumb Code     0  __scatter.o(!!!scatter)
    __scatterload_rt2                        0x080002d5   Thumb Code    44  __scatter.o(!!!scatter)
    __scatterload_rt2_thumb_only             0x080002d5   Thumb Code     0  __scatter.o(!!!scatter)
    __scatterload_null                       0x080002e3   Thumb Code     0  __scatter.o(!!!scatter)
    __scatterload_copy                       0x08000309   Thumb Code    26  __scatter_copy.o(!!handler_copy)
    __scatterload_zeroinit                   0x08000325   Thumb Code    28  __scatter_zi.o(!!handler_zi)
    __rt_lib_init                            0x08000341   Thumb Code     0  libinit.o(.ARM.Collect$$libinit$$00000000)
    __rt_lib_init_fp_1                       0x08000343   Thumb Code     0  libinit2.o(.ARM.Collect$$libinit$$00000001)
    __rt_lib_init_alloca_1                   0x08000347   Thumb Code     0  libinit2.o(.ARM.Collect$$libinit$$0000002E)
    __rt_lib_init_argv_1                     0x08000347   Thumb Code     0  libinit2.o(.ARM.Collect$$libinit$$0000002C)
    __rt_lib_init_atexit_1                   0x08000347   Thumb Code     0  libinit2.o(.ARM.Collect$$libinit$$0000001B)
    __rt_lib_init_clock_1                    0x08000347   Thumb Code     0  libinit2.o(.ARM.Collect$$libinit$$00000021)
    __rt_lib_init_cpp_1                      0x08000347   Thumb Code     0  libinit2.o(.ARM.Collect$$libinit$$00000032)
    __rt_lib_init_exceptions_1               0x08000347   Thumb Code     0  libinit2.o(.ARM.Collect$$libinit$$00000030)
    __rt_lib_init_fp_trap_1                  0x08000347   Thumb Code     0  libinit2.o(.ARM.Collect$$libinit$$0000001F)
    __rt_lib_init_getenv_1                   0x08000347   Thumb Code     0  libinit2.o(.ARM.Collect$$libinit$$00000023)
    __rt_lib_init_heap_1                     0x08000347   Thumb Code     0  libinit2.o(.ARM.Collect$$libinit$$0000000A)
    __rt_lib_init_lc_collate_1               0x08000347   Thumb Code     0  libinit2.o(.ARM.Collect$$libinit$$00000011)
    __rt_lib_init_lc_ctype_1                 0x08000347   Thumb Code     0  libinit2.o(.ARM.Collect$$libinit$$00000013)
    __rt_lib_init_lc_monetary_1              0x08000347   Thumb Code     0  libinit2.o(.ARM.Collect$$libinit$$00000015)
    __rt_lib_init_lc_numeric_1               0x08000347   Thumb Code     0  libinit2.o(.ARM.Collect$$libinit$$00000017)
    __rt_lib_init_lc_time_1                  0x08000347   Thumb Code     0  libinit2.o(.ARM.Collect$$libinit$$00000019)
    __rt_lib_init_preinit_1                  0x08000347   Thumb Code     0  libinit2.o(.ARM.Collect$$libinit$$00000004)
    __rt_lib_init_rand_1                     0x08000347   Thumb Code     0  libinit2.o(.ARM.Collect$$libinit$$0000000E)
    __rt_lib_init_return                     0x08000347   Thumb Code     0  libinit2.o(.ARM.Collect$$libinit$$00000033)
    __rt_lib_init_signal_1                   0x08000347   Thumb Code     0  libinit2.o(.ARM.Collect$$libinit$$0000001D)
    __rt_lib_init_stdio_1                    0x08000347   Thumb Code     0  libinit2.o(.ARM.Collect$$libinit$$00000025)
    __rt_lib_init_user_alloc_1               0x08000347   Thumb Code     0  libinit2.o(.ARM.Collect$$libinit$$0000000C)
    __rt_lib_shutdown                        0x08000349   Thumb Code     0  libshutdown.o(.ARM.Collect$$libshutdown$$00000000)
    __rt_lib_shutdown_cpp_1                  0x0800034b   Thumb Code     0  libshutdown2.o(.ARM.Collect$$libshutdown$$00000004)
    __rt_lib_shutdown_fini_1                 0x0800034b   Thumb Code     0  libshutdown2.o(.ARM.Collect$$libshutdown$$00000002)
    __rt_lib_shutdown_fp_trap_1              0x0800034b   Thumb Code     0  libshutdown2.o(.ARM.Collect$$libshutdown$$00000009)
    __rt_lib_shutdown_heap_1                 0x0800034b   Thumb Code     0  libshutdown2.o(.ARM.Collect$$libshutdown$$00000011)
    __rt_lib_shutdown_return                 0x0800034b   Thumb Code     0  libshutdown2.o(.ARM.Collect$$libshutdown$$00000012)
    __rt_lib_shutdown_signal_1               0x0800034b   Thumb Code     0  libshutdown2.o(.ARM.Collect$$libshutdown$$0000000C)
    __rt_lib_shutdown_stdio_1                0x0800034b   Thumb Code     0  libshutdown2.o(.ARM.Collect$$libshutdown$$00000006)
    __rt_lib_shutdown_user_alloc_1           0x0800034b   Thumb Code     0  libshutdown2.o(.ARM.Collect$$libshutdown$$0000000E)
    __rt_entry                               0x0800034d   Thumb Code     0  __rtentry.o(.ARM.Collect$$rtentry$$00000000)
    __rt_entry_presh_1                       0x0800034d   Thumb Code     0  __rtentry2.o(.ARM.Collect$$rtentry$$00000002)
    __rt_entry_sh                            0x0800034d   Thumb Code     0  __rtentry4.o(.ARM.Collect$$rtentry$$00000004)
    __rt_entry_li                            0x08000353   Thumb Code     0  __rtentry2.o(.ARM.Collect$$rtentry$$0000000A)
    __rt_entry_postsh_1                      0x08000353   Thumb Code     0  __rtentry2.o(.ARM.Collect$$rtentry$$00000009)
    __rt_entry_main                          0x08000357   Thumb Code     0  __rtentry2.o(.ARM.Collect$$rtentry$$0000000D)
    __rt_entry_postli_1                      0x08000357   Thumb Code     0  __rtentry2.o(.ARM.Collect$$rtentry$$0000000C)
    __rt_exit                                0x0800035f   Thumb Code     0  rtexit.o(.ARM.Collect$$rtexit$$00000000)
    __rt_exit_ls                             0x08000361   Thumb Code     0  rtexit2.o(.ARM.Collect$$rtexit$$00000003)
    __rt_exit_prels_1                        0x08000361   Thumb Code     0  rtexit2.o(.ARM.Collect$$rtexit$$00000002)
    __rt_exit_exit                           0x08000365   Thumb Code     0  rtexit2.o(.ARM.Collect$$rtexit$$00000004)
    SVC_Handler                              0x0800036d   Thumb Code    28  port.o(.emb_text)
    __asm___6_port_c_39a90d8d__prvStartFirstTask 0x0800038d   Thumb Code    36  port.o(.emb_text)
    __asm___6_port_c_39a90d8d__prvEnableVFP  0x080003b5   Thumb Code    16  port.o(.emb_text)
    PendSV_Handler                           0x080003c9   Thumb Code    88  port.o(.emb_text)
    vPortGetIPSR                             0x08000425   Thumb Code     6  port.o(.emb_text)
    Reset_Handler                            0x0800042d   Thumb Code     8  startup_stm32h723xx.o(.text)
    ADC3_IRQHandler                          0x08000447   Thumb Code     0  startup_stm32h723xx.o(.text)
    ADC_IRQHandler                           0x08000447   Thumb Code     0  startup_stm32h723xx.o(.text)
    BDMA_Channel0_IRQHandler                 0x08000447   Thumb Code     0  startup_stm32h723xx.o(.text)
    BDMA_Channel1_IRQHandler                 0x08000447   Thumb Code     0  startup_stm32h723xx.o(.text)
    BDMA_Channel2_IRQHandler                 0x08000447   Thumb Code     0  startup_stm32h723xx.o(.text)
    BDMA_Channel3_IRQHandler                 0x08000447   Thumb Code     0  startup_stm32h723xx.o(.text)
    BDMA_Channel4_IRQHandler                 0x08000447   Thumb Code     0  startup_stm32h723xx.o(.text)
    BDMA_Channel5_IRQHandler                 0x08000447   Thumb Code     0  startup_stm32h723xx.o(.text)
    BDMA_Channel6_IRQHandler                 0x08000447   Thumb Code     0  startup_stm32h723xx.o(.text)
    BDMA_Channel7_IRQHandler                 0x08000447   Thumb Code     0  startup_stm32h723xx.o(.text)
    CEC_IRQHandler                           0x08000447   Thumb Code     0  startup_stm32h723xx.o(.text)
    COMP1_IRQHandler                         0x08000447   Thumb Code     0  startup_stm32h723xx.o(.text)
    CORDIC_IRQHandler                        0x08000447   Thumb Code     0  startup_stm32h723xx.o(.text)
    CRS_IRQHandler                           0x08000447   Thumb Code     0  startup_stm32h723xx.o(.text)
    DCMI_PSSI_IRQHandler                     0x08000447   Thumb Code     0  startup_stm32h723xx.o(.text)
    DFSDM1_FLT0_IRQHandler                   0x08000447   Thumb Code     0  startup_stm32h723xx.o(.text)
    DFSDM1_FLT1_IRQHandler                   0x08000447   Thumb Code     0  startup_stm32h723xx.o(.text)
    DFSDM1_FLT2_IRQHandler                   0x08000447   Thumb Code     0  startup_stm32h723xx.o(.text)
    DFSDM1_FLT3_IRQHandler                   0x08000447   Thumb Code     0  startup_stm32h723xx.o(.text)
    DMA2D_IRQHandler                         0x08000447   Thumb Code     0  startup_stm32h723xx.o(.text)
    DMA2_Stream2_IRQHandler                  0x08000447   Thumb Code     0  startup_stm32h723xx.o(.text)
    DMA2_Stream3_IRQHandler                  0x08000447   Thumb Code     0  startup_stm32h723xx.o(.text)
    DMA2_Stream4_IRQHandler                  0x08000447   Thumb Code     0  startup_stm32h723xx.o(.text)
    DMA2_Stream5_IRQHandler                  0x08000447   Thumb Code     0  startup_stm32h723xx.o(.text)
    DMA2_Stream6_IRQHandler                  0x08000447   Thumb Code     0  startup_stm32h723xx.o(.text)
    DMA2_Stream7_IRQHandler                  0x08000447   Thumb Code     0  startup_stm32h723xx.o(.text)
    DMAMUX1_OVR_IRQHandler                   0x08000447   Thumb Code     0  startup_stm32h723xx.o(.text)
    DMAMUX2_OVR_IRQHandler                   0x08000447   Thumb Code     0  startup_stm32h723xx.o(.text)
    DTS_IRQHandler                           0x08000447   Thumb Code     0  startup_stm32h723xx.o(.text)
    ECC_IRQHandler                           0x08000447   Thumb Code     0  startup_stm32h723xx.o(.text)
    ETH_IRQHandler                           0x08000447   Thumb Code     0  startup_stm32h723xx.o(.text)
    ETH_WKUP_IRQHandler                      0x08000447   Thumb Code     0  startup_stm32h723xx.o(.text)
    EXTI0_IRQHandler                         0x08000447   Thumb Code     0  startup_stm32h723xx.o(.text)
    EXTI15_10_IRQHandler                     0x08000447   Thumb Code     0  startup_stm32h723xx.o(.text)
    EXTI1_IRQHandler                         0x08000447   Thumb Code     0  startup_stm32h723xx.o(.text)
    EXTI2_IRQHandler                         0x08000447   Thumb Code     0  startup_stm32h723xx.o(.text)
    EXTI3_IRQHandler                         0x08000447   Thumb Code     0  startup_stm32h723xx.o(.text)
    EXTI4_IRQHandler                         0x08000447   Thumb Code     0  startup_stm32h723xx.o(.text)
    EXTI9_5_IRQHandler                       0x08000447   Thumb Code     0  startup_stm32h723xx.o(.text)
    FDCAN1_IT0_IRQHandler                    0x08000447   Thumb Code     0  startup_stm32h723xx.o(.text)
    FDCAN1_IT1_IRQHandler                    0x08000447   Thumb Code     0  startup_stm32h723xx.o(.text)
    FDCAN2_IT0_IRQHandler                    0x08000447   Thumb Code     0  startup_stm32h723xx.o(.text)
    FDCAN2_IT1_IRQHandler                    0x08000447   Thumb Code     0  startup_stm32h723xx.o(.text)
    FDCAN3_IT0_IRQHandler                    0x08000447   Thumb Code     0  startup_stm32h723xx.o(.text)
    FDCAN3_IT1_IRQHandler                    0x08000447   Thumb Code     0  startup_stm32h723xx.o(.text)
    FDCAN_CAL_IRQHandler                     0x08000447   Thumb Code     0  startup_stm32h723xx.o(.text)
    FLASH_IRQHandler                         0x08000447   Thumb Code     0  startup_stm32h723xx.o(.text)
    FMAC_IRQHandler                          0x08000447   Thumb Code     0  startup_stm32h723xx.o(.text)
    FMC_IRQHandler                           0x08000447   Thumb Code     0  startup_stm32h723xx.o(.text)
    FPU_IRQHandler                           0x08000447   Thumb Code     0  startup_stm32h723xx.o(.text)
    HSEM1_IRQHandler                         0x08000447   Thumb Code     0  startup_stm32h723xx.o(.text)
    I2C1_ER_IRQHandler                       0x08000447   Thumb Code     0  startup_stm32h723xx.o(.text)
    I2C1_EV_IRQHandler                       0x08000447   Thumb Code     0  startup_stm32h723xx.o(.text)
    I2C2_ER_IRQHandler                       0x08000447   Thumb Code     0  startup_stm32h723xx.o(.text)
    I2C2_EV_IRQHandler                       0x08000447   Thumb Code     0  startup_stm32h723xx.o(.text)
    I2C3_ER_IRQHandler                       0x08000447   Thumb Code     0  startup_stm32h723xx.o(.text)
    I2C3_EV_IRQHandler                       0x08000447   Thumb Code     0  startup_stm32h723xx.o(.text)
    I2C4_ER_IRQHandler                       0x08000447   Thumb Code     0  startup_stm32h723xx.o(.text)
    I2C4_EV_IRQHandler                       0x08000447   Thumb Code     0  startup_stm32h723xx.o(.text)
    I2C5_ER_IRQHandler                       0x08000447   Thumb Code     0  startup_stm32h723xx.o(.text)
    I2C5_EV_IRQHandler                       0x08000447   Thumb Code     0  startup_stm32h723xx.o(.text)
    LPTIM1_IRQHandler                        0x08000447   Thumb Code     0  startup_stm32h723xx.o(.text)
    LPTIM2_IRQHandler                        0x08000447   Thumb Code     0  startup_stm32h723xx.o(.text)
    LPTIM3_IRQHandler                        0x08000447   Thumb Code     0  startup_stm32h723xx.o(.text)
    LPTIM4_IRQHandler                        0x08000447   Thumb Code     0  startup_stm32h723xx.o(.text)
    LPTIM5_IRQHandler                        0x08000447   Thumb Code     0  startup_stm32h723xx.o(.text)
    LPUART1_IRQHandler                       0x08000447   Thumb Code     0  startup_stm32h723xx.o(.text)
    LTDC_ER_IRQHandler                       0x08000447   Thumb Code     0  startup_stm32h723xx.o(.text)
    LTDC_IRQHandler                          0x08000447   Thumb Code     0  startup_stm32h723xx.o(.text)
    MDIOS_IRQHandler                         0x08000447   Thumb Code     0  startup_stm32h723xx.o(.text)
    MDIOS_WKUP_IRQHandler                    0x08000447   Thumb Code     0  startup_stm32h723xx.o(.text)
    MDMA_IRQHandler                          0x08000447   Thumb Code     0  startup_stm32h723xx.o(.text)
    OCTOSPI1_IRQHandler                      0x08000447   Thumb Code     0  startup_stm32h723xx.o(.text)
    OCTOSPI2_IRQHandler                      0x08000447   Thumb Code     0  startup_stm32h723xx.o(.text)
    OTG_HS_EP1_IN_IRQHandler                 0x08000447   Thumb Code     0  startup_stm32h723xx.o(.text)
    OTG_HS_EP1_OUT_IRQHandler                0x08000447   Thumb Code     0  startup_stm32h723xx.o(.text)
    OTG_HS_IRQHandler                        0x08000447   Thumb Code     0  startup_stm32h723xx.o(.text)
    OTG_HS_WKUP_IRQHandler                   0x08000447   Thumb Code     0  startup_stm32h723xx.o(.text)
    PVD_AVD_IRQHandler                       0x08000447   Thumb Code     0  startup_stm32h723xx.o(.text)
    RCC_IRQHandler                           0x08000447   Thumb Code     0  startup_stm32h723xx.o(.text)
    RNG_IRQHandler                           0x08000447   Thumb Code     0  startup_stm32h723xx.o(.text)
    RTC_Alarm_IRQHandler                     0x08000447   Thumb Code     0  startup_stm32h723xx.o(.text)
    RTC_WKUP_IRQHandler                      0x08000447   Thumb Code     0  startup_stm32h723xx.o(.text)
    SAI1_IRQHandler                          0x08000447   Thumb Code     0  startup_stm32h723xx.o(.text)
    SAI4_IRQHandler                          0x08000447   Thumb Code     0  startup_stm32h723xx.o(.text)
    SDMMC1_IRQHandler                        0x08000447   Thumb Code     0  startup_stm32h723xx.o(.text)
    SDMMC2_IRQHandler                        0x08000447   Thumb Code     0  startup_stm32h723xx.o(.text)
    SPDIF_RX_IRQHandler                      0x08000447   Thumb Code     0  startup_stm32h723xx.o(.text)
    SPI1_IRQHandler                          0x08000447   Thumb Code     0  startup_stm32h723xx.o(.text)
    SPI2_IRQHandler                          0x08000447   Thumb Code     0  startup_stm32h723xx.o(.text)
    SPI3_IRQHandler                          0x08000447   Thumb Code     0  startup_stm32h723xx.o(.text)
    SPI4_IRQHandler                          0x08000447   Thumb Code     0  startup_stm32h723xx.o(.text)
    SPI5_IRQHandler                          0x08000447   Thumb Code     0  startup_stm32h723xx.o(.text)
    SPI6_IRQHandler                          0x08000447   Thumb Code     0  startup_stm32h723xx.o(.text)
    SWPMI1_IRQHandler                        0x08000447   Thumb Code     0  startup_stm32h723xx.o(.text)
    TAMP_STAMP_IRQHandler                    0x08000447   Thumb Code     0  startup_stm32h723xx.o(.text)
    TIM15_IRQHandler                         0x08000447   Thumb Code     0  startup_stm32h723xx.o(.text)
    TIM16_IRQHandler                         0x08000447   Thumb Code     0  startup_stm32h723xx.o(.text)
    TIM17_IRQHandler                         0x08000447   Thumb Code     0  startup_stm32h723xx.o(.text)
    TIM1_BRK_IRQHandler                      0x08000447   Thumb Code     0  startup_stm32h723xx.o(.text)
    TIM1_CC_IRQHandler                       0x08000447   Thumb Code     0  startup_stm32h723xx.o(.text)
    TIM1_TRG_COM_IRQHandler                  0x08000447   Thumb Code     0  startup_stm32h723xx.o(.text)
    TIM1_UP_IRQHandler                       0x08000447   Thumb Code     0  startup_stm32h723xx.o(.text)
    TIM24_IRQHandler                         0x08000447   Thumb Code     0  startup_stm32h723xx.o(.text)
    TIM2_IRQHandler                          0x08000447   Thumb Code     0  startup_stm32h723xx.o(.text)
    TIM3_IRQHandler                          0x08000447   Thumb Code     0  startup_stm32h723xx.o(.text)
    TIM4_IRQHandler                          0x08000447   Thumb Code     0  startup_stm32h723xx.o(.text)
    TIM5_IRQHandler                          0x08000447   Thumb Code     0  startup_stm32h723xx.o(.text)
    TIM6_DAC_IRQHandler                      0x08000447   Thumb Code     0  startup_stm32h723xx.o(.text)
    TIM7_IRQHandler                          0x08000447   Thumb Code     0  startup_stm32h723xx.o(.text)
    TIM8_BRK_TIM12_IRQHandler                0x08000447   Thumb Code     0  startup_stm32h723xx.o(.text)
    TIM8_CC_IRQHandler                       0x08000447   Thumb Code     0  startup_stm32h723xx.o(.text)
    TIM8_TRG_COM_TIM14_IRQHandler            0x08000447   Thumb Code     0  startup_stm32h723xx.o(.text)
    TIM8_UP_TIM13_IRQHandler                 0x08000447   Thumb Code     0  startup_stm32h723xx.o(.text)
    UART4_IRQHandler                         0x08000447   Thumb Code     0  startup_stm32h723xx.o(.text)
    UART5_IRQHandler                         0x08000447   Thumb Code     0  startup_stm32h723xx.o(.text)
    UART8_IRQHandler                         0x08000447   Thumb Code     0  startup_stm32h723xx.o(.text)
    USART10_IRQHandler                       0x08000447   Thumb Code     0  startup_stm32h723xx.o(.text)
    USART1_IRQHandler                        0x08000447   Thumb Code     0  startup_stm32h723xx.o(.text)
    WAKEUP_PIN_IRQHandler                    0x08000447   Thumb Code     0  startup_stm32h723xx.o(.text)
    WWDG_IRQHandler                          0x08000447   Thumb Code     0  startup_stm32h723xx.o(.text)
    __user_initial_stackheap                 0x08000449   Thumb Code     0  startup_stm32h723xx.o(.text)
    __aeabi_uldivmod                         0x0800046d   Thumb Code     0  lludivv7m.o(.text)
    _ll_udiv                                 0x0800046d   Thumb Code   238  lludivv7m.o(.text)
    __aeabi_memcpy4                          0x0800055b   Thumb Code     0  rt_memcpy_w.o(.text)
    __aeabi_memcpy8                          0x0800055b   Thumb Code     0  rt_memcpy_w.o(.text)
    __rt_memcpy_w                            0x0800055b   Thumb Code   100  rt_memcpy_w.o(.text)
    _memcpy_lastbytes_aligned                0x080005a3   Thumb Code     0  rt_memcpy_w.o(.text)
    __aeabi_memclr4                          0x080005bf   Thumb Code     0  rt_memclr_w.o(.text)
    __aeabi_memclr8                          0x080005bf   Thumb Code     0  rt_memclr_w.o(.text)
    __rt_memclr_w                            0x080005bf   Thumb Code    78  rt_memclr_w.o(.text)
    _memset_w                                0x080005c3   Thumb Code     0  rt_memclr_w.o(.text)
    __use_two_region_memory                  0x0800060d   Thumb Code     2  heapauxi.o(.text)
    __rt_heap_escrow$2region                 0x0800060f   Thumb Code     2  heapauxi.o(.text)
    __rt_heap_expand$2region                 0x08000611   Thumb Code     2  heapauxi.o(.text)
    __read_errno                             0x08000613   Thumb Code    10  _rserrno.o(.text)
    __set_errno                              0x0800061d   Thumb Code    12  _rserrno.o(.text)
    __aeabi_errno_addr                       0x08000629   Thumb Code     8  rt_errno_addr_intlibspace.o(.text)
    __errno$intlibspace                      0x08000629   Thumb Code     0  rt_errno_addr_intlibspace.o(.text)
    __rt_errno_addr$intlibspace              0x08000629   Thumb Code     0  rt_errno_addr_intlibspace.o(.text)
    __user_libspace                          0x08000631   Thumb Code     8  libspace.o(.text)
    __user_perproc_libspace                  0x08000631   Thumb Code     0  libspace.o(.text)
    __user_perthread_libspace                0x08000631   Thumb Code     0  libspace.o(.text)
    __user_setup_stackheap                   0x08000639   Thumb Code    74  sys_stackheap_outer.o(.text)
    exit                                     0x08000683   Thumb Code    18  exit.o(.text)
    _sys_exit                                0x08000695   Thumb Code     8  sys_exit.o(.text)
    __I$use$semihosting                      0x080006a1   Thumb Code     0  use_no_semi.o(.text)
    __use_no_semihosting_swi                 0x080006a1   Thumb Code     2  use_no_semi.o(.text)
    __semihosting_library_function           0x080006a3   Thumb Code     0  indicate_semi.o(.text)
    App_Robot_Init                           0x080006a5   Thumb Code    30  app_robot.o(i.App_Robot_Init)
    App_Robot_Loop1ms                        0x080006d1   Thumb Code    42  app_robot.o(i.App_Robot_Loop1ms)
    App_all_motor_claculate                  0x0800070d   Thumb Code   206  app_robot.o(i.App_all_motor_claculate)
    App_motor_angle_calculate                0x080007e1   Thumb Code   566  app_robot.o(i.App_motor_angle_calculate)
    App_target_relative_to_absolute          0x08000a4d   Thumb Code    40  app_robot.o(i.App_target_relative_to_absolute)
    App_vofa_Send                            0x08000a75   Thumb Code    80  app_robot.o(i.App_vofa_Send)
    BusFault_Handler                         0x08000add   Thumb Code     4  stm32h7xx_it.o(i.BusFault_Handler)
    DMA1_Stream0_IRQHandler                  0x08000ae1   Thumb Code    10  stm32h7xx_it.o(i.DMA1_Stream0_IRQHandler)
    DMA1_Stream1_IRQHandler                  0x08000af1   Thumb Code    10  stm32h7xx_it.o(i.DMA1_Stream1_IRQHandler)
    DMA1_Stream2_IRQHandler                  0x08000b01   Thumb Code    10  stm32h7xx_it.o(i.DMA1_Stream2_IRQHandler)
    DMA1_Stream3_IRQHandler                  0x08000b11   Thumb Code    10  stm32h7xx_it.o(i.DMA1_Stream3_IRQHandler)
    DMA1_Stream4_IRQHandler                  0x08000b21   Thumb Code    10  stm32h7xx_it.o(i.DMA1_Stream4_IRQHandler)
    DMA1_Stream5_IRQHandler                  0x08000b31   Thumb Code    10  stm32h7xx_it.o(i.DMA1_Stream5_IRQHandler)
    DMA1_Stream6_IRQHandler                  0x08000b41   Thumb Code    10  stm32h7xx_it.o(i.DMA1_Stream6_IRQHandler)
    DMA1_Stream7_IRQHandler                  0x08000b51   Thumb Code    10  stm32h7xx_it.o(i.DMA1_Stream7_IRQHandler)
    DMA2_Stream0_IRQHandler                  0x08000b61   Thumb Code    10  stm32h7xx_it.o(i.DMA2_Stream0_IRQHandler)
    DMA2_Stream1_IRQHandler                  0x08000b71   Thumb Code    10  stm32h7xx_it.o(i.DMA2_Stream1_IRQHandler)
    DebugMon_Handler                         0x080010ed   Thumb Code     2  stm32h7xx_it.o(i.DebugMon_Handler)
    Error_Handler                            0x080010ef   Thumb Code     6  main.o(i.Error_Handler)
    Gait_SetLegFootTargetM                   0x080010f5   Thumb Code    52  gait.o(i.Gait_SetLegFootTargetM)
    Gait_UpdateTargetAngleFromFootTarget     0x0800112d   Thumb Code   132  gait.o(i.Gait_UpdateTargetAngleFromFootTarget)
    HAL_DMA_Abort                            0x080011b5   Thumb Code  1236  stm32h7xx_hal_dma.o(i.HAL_DMA_Abort)
    HAL_DMA_Abort_IT                         0x08001691   Thumb Code   906  stm32h7xx_hal_dma.o(i.HAL_DMA_Abort_IT)
    HAL_DMA_IRQHandler                       0x08001a29   Thumb Code  2798  stm32h7xx_hal_dma.o(i.HAL_DMA_IRQHandler)
    HAL_DMA_Init                             0x08002521   Thumb Code  1292  stm32h7xx_hal_dma.o(i.HAL_DMA_Init)
    HAL_DMA_Start_IT                         0x08002a35   Thumb Code   980  stm32h7xx_hal_dma.o(i.HAL_DMA_Start_IT)
    HAL_GPIO_Init                            0x08002e15   Thumb Code   446  stm32h7xx_hal_gpio.o(i.HAL_GPIO_Init)
    HAL_GPIO_WritePin                        0x08003005   Thumb Code    12  stm32h7xx_hal_gpio.o(i.HAL_GPIO_WritePin)
    HAL_GetTick                              0x08003011   Thumb Code     6  stm32h7xx_hal.o(i.HAL_GetTick)
    HAL_IncTick                              0x0800301d   Thumb Code    16  stm32h7xx_hal.o(i.HAL_IncTick)
    HAL_Init                                 0x08003035   Thumb Code    80  stm32h7xx_hal.o(i.HAL_Init)
    HAL_InitTick                             0x08003095   Thumb Code   128  stm32h7xx_hal_timebase_tim.o(i.HAL_InitTick)
    HAL_MPU_ConfigRegion                     0x08003129   Thumb Code    86  stm32h7xx_hal_cortex.o(i.HAL_MPU_ConfigRegion)
    HAL_MPU_Disable                          0x08003185   Thumb Code    38  stm32h7xx_hal_cortex.o(i.HAL_MPU_Disable)
    HAL_MPU_Enable                           0x080031b1   Thumb Code    58  stm32h7xx_hal_cortex.o(i.HAL_MPU_Enable)
    HAL_MspInit                              0x080031f1   Thumb Code    42  stm32h7xx_hal_msp.o(i.HAL_MspInit)
    HAL_NVIC_EnableIRQ                       0x08003221   Thumb Code    40  stm32h7xx_hal_cortex.o(i.HAL_NVIC_EnableIRQ)
    HAL_NVIC_SetPriority                     0x08003249   Thumb Code   122  stm32h7xx_hal_cortex.o(i.HAL_NVIC_SetPriority)
    HAL_NVIC_SetPriorityGrouping             0x080032c5   Thumb Code    32  stm32h7xx_hal_cortex.o(i.HAL_NVIC_SetPriorityGrouping)
    HAL_PWREx_ConfigSupply                   0x080032ed   Thumb Code    90  stm32h7xx_hal_pwr_ex.o(i.HAL_PWREx_ConfigSupply)
    HAL_RCCEx_GetD3PCLK1Freq                 0x0800334d   Thumb Code    26  stm32h7xx_hal_rcc_ex.o(i.HAL_RCCEx_GetD3PCLK1Freq)
    HAL_RCCEx_GetPLL2ClockFreq               0x08003371   Thumb Code   536  stm32h7xx_hal_rcc_ex.o(i.HAL_RCCEx_GetPLL2ClockFreq)
    HAL_RCCEx_GetPLL3ClockFreq               0x080035a1   Thumb Code   536  stm32h7xx_hal_rcc_ex.o(i.HAL_RCCEx_GetPLL3ClockFreq)
    HAL_RCCEx_PeriphCLKConfig                0x080037d1   Thumb Code  3272  stm32h7xx_hal_rcc_ex.o(i.HAL_RCCEx_PeriphCLKConfig)
    HAL_RCC_ClockConfig                      0x08004499   Thumb Code   774  stm32h7xx_hal_rcc.o(i.HAL_RCC_ClockConfig)
    HAL_RCC_GetClockConfig                   0x080047b9   Thumb Code    98  stm32h7xx_hal_rcc.o(i.HAL_RCC_GetClockConfig)
    HAL_RCC_GetHCLKFreq                      0x08004825   Thumb Code    60  stm32h7xx_hal_rcc.o(i.HAL_RCC_GetHCLKFreq)
    HAL_RCC_GetPCLK1Freq                     0x08004871   Thumb Code    26  stm32h7xx_hal_rcc.o(i.HAL_RCC_GetPCLK1Freq)
    HAL_RCC_GetPCLK2Freq                     0x08004895   Thumb Code    26  stm32h7xx_hal_rcc.o(i.HAL_RCC_GetPCLK2Freq)
    HAL_RCC_GetSysClockFreq                  0x080048b9   Thumb Code   524  stm32h7xx_hal_rcc.o(i.HAL_RCC_GetSysClockFreq)
    HAL_RCC_OscConfig                        0x08004ae5   Thumb Code  1874  stm32h7xx_hal_rcc.o(i.HAL_RCC_OscConfig)
    HAL_TIMEx_Break2Callback                 0x08005241   Thumb Code     2  stm32h7xx_hal_tim_ex.o(i.HAL_TIMEx_Break2Callback)
    HAL_TIMEx_BreakCallback                  0x08005243   Thumb Code     2  stm32h7xx_hal_tim_ex.o(i.HAL_TIMEx_BreakCallback)
    HAL_TIMEx_CommutCallback                 0x08005245   Thumb Code     2  stm32h7xx_hal_tim_ex.o(i.HAL_TIMEx_CommutCallback)
    HAL_TIM_Base_Init                        0x08005247   Thumb Code   110  stm32h7xx_hal_tim.o(i.HAL_TIM_Base_Init)
    HAL_TIM_Base_MspInit                     0x080052b5   Thumb Code     2  stm32h7xx_hal_tim.o(i.HAL_TIM_Base_MspInit)
    HAL_TIM_Base_Start_IT                    0x080052b9   Thumb Code   162  stm32h7xx_hal_tim.o(i.HAL_TIM_Base_Start_IT)
    HAL_TIM_IC_CaptureCallback               0x08005385   Thumb Code     2  stm32h7xx_hal_tim.o(i.HAL_TIM_IC_CaptureCallback)
    HAL_TIM_IRQHandler                       0x08005387   Thumb Code   408  stm32h7xx_hal_tim.o(i.HAL_TIM_IRQHandler)
    HAL_TIM_OC_DelayElapsedCallback          0x0800551f   Thumb Code     2  stm32h7xx_hal_tim.o(i.HAL_TIM_OC_DelayElapsedCallback)
    HAL_TIM_PWM_PulseFinishedCallback        0x08005521   Thumb Code     2  stm32h7xx_hal_tim.o(i.HAL_TIM_PWM_PulseFinishedCallback)
    HAL_TIM_PeriodElapsedCallback            0x08005525   Thumb Code    18  main.o(i.HAL_TIM_PeriodElapsedCallback)
    HAL_TIM_TriggerCallback                  0x0800553d   Thumb Code     2  stm32h7xx_hal_tim.o(i.HAL_TIM_TriggerCallback)
    HAL_UARTEx_DisableFifoMode               0x0800553f   Thumb Code    78  stm32h7xx_hal_uart_ex.o(i.HAL_UARTEx_DisableFifoMode)
    HAL_UARTEx_RxEventCallback               0x0800558d   Thumb Code     2  rx_callback.o(i.HAL_UARTEx_RxEventCallback)
    HAL_UARTEx_RxFifoFullCallback            0x0800558f   Thumb Code     2  stm32h7xx_hal_uart_ex.o(i.HAL_UARTEx_RxFifoFullCallback)
    HAL_UARTEx_SetRxFifoThreshold            0x08005591   Thumb Code    94  stm32h7xx_hal_uart_ex.o(i.HAL_UARTEx_SetRxFifoThreshold)
    HAL_UARTEx_SetTxFifoThreshold            0x080055ef   Thumb Code    94  stm32h7xx_hal_uart_ex.o(i.HAL_UARTEx_SetTxFifoThreshold)
    HAL_UARTEx_TxFifoEmptyCallback           0x0800564d   Thumb Code     2  stm32h7xx_hal_uart_ex.o(i.HAL_UARTEx_TxFifoEmptyCallback)
    HAL_UARTEx_WakeupCallback                0x0800564f   Thumb Code     2  stm32h7xx_hal_uart_ex.o(i.HAL_UARTEx_WakeupCallback)
    HAL_UART_ErrorCallback                   0x08005651   Thumb Code     2  rx_callback.o(i.HAL_UART_ErrorCallback)
    HAL_UART_IRQHandler                      0x08005655   Thumb Code  1172  stm32h7xx_hal_uart.o(i.HAL_UART_IRQHandler)
    HAL_UART_Init                            0x08005ae9   Thumb Code   120  stm32h7xx_hal_uart.o(i.HAL_UART_Init)
    HAL_UART_MspInit                         0x08005b61   Thumb Code  1384  usart.o(i.HAL_UART_MspInit)
    HAL_UART_Receive                         0x080060e1   Thumb Code   274  stm32h7xx_hal_uart.o(i.HAL_UART_Receive)
    HAL_UART_Transmit                        0x080061f3   Thumb Code   194  stm32h7xx_hal_uart.o(i.HAL_UART_Transmit)
    HAL_UART_Transmit_DMA                    0x080062b5   Thumb Code   148  stm32h7xx_hal_uart.o(i.HAL_UART_Transmit_DMA)
    HAL_UART_TxCpltCallback                  0x08006355   Thumb Code     2  stm32h7xx_hal_uart.o(i.HAL_UART_TxCpltCallback)
    HAL_UART_TxHalfCpltCallback              0x08006357   Thumb Code     2  stm32h7xx_hal_uart.o(i.HAL_UART_TxHalfCpltCallback)
    HardFault_Handler                        0x08006359   Thumb Code     4  stm32h7xx_it.o(i.HardFault_Handler)
    MX_DMA_Init                              0x080063b5   Thumb Code   218  dma.o(i.MX_DMA_Init)
    MX_FREERTOS_Init                         0x08006495   Thumb Code    78  freertos.o(i.MX_FREERTOS_Init)
    MX_GPIO_Init                             0x080064f5   Thumb Code   336  gpio.o(i.MX_GPIO_Init)
    MX_UART7_Init                            0x08006659   Thumb Code    96  usart.o(i.MX_UART7_Init)
    MX_UART9_Init                            0x080066c5   Thumb Code    96  usart.o(i.MX_UART9_Init)
    MX_USART2_UART_Init                      0x08006731   Thumb Code    96  usart.o(i.MX_USART2_UART_Init)
    MX_USART3_UART_Init                      0x0800679d   Thumb Code    96  usart.o(i.MX_USART3_UART_Init)
    MX_USART6_UART_Init                      0x08006809   Thumb Code    98  usart.o(i.MX_USART6_UART_Init)
    MemManage_Handler                        0x08006875   Thumb Code     4  stm32h7xx_it.o(i.MemManage_Handler)
    NMI_Handler                              0x08006879   Thumb Code     4  stm32h7xx_it.o(i.NMI_Handler)
    RobotMap_Init                            0x08006b45   Thumb Code   220  robot_map.o(i.RobotMap_Init)
    RobotMap_InitLegRealSize                 0x08006c2d   Thumb Code    28  robot_map.o(i.RobotMap_InitLegRealSize)
    SysTick_Handler                          0x08006c59   Thumb Code    46  port.o(i.SysTick_Handler)
    SystemClock_Config                       0x08006c8d   Thumb Code   180  main.o(i.SystemClock_Config)
    SystemInit                               0x08006d45   Thumb Code   192  system_stm32h7xx.o(i.SystemInit)
    TIM23_IRQHandler                         0x08006e25   Thumb Code    10  stm32h7xx_it.o(i.TIM23_IRQHandler)
    TIM_Base_SetConfig                       0x08006e35   Thumb Code   198  stm32h7xx_hal_tim.o(i.TIM_Base_SetConfig)
    UART7_IRQHandler                         0x08006f25   Thumb Code    10  stm32h7xx_it.o(i.UART7_IRQHandler)
    UART9_IRQHandler                         0x08006f35   Thumb Code    10  stm32h7xx_it.o(i.UART9_IRQHandler)
    UART_AdvFeatureConfig                    0x08006f9d   Thumb Code   248  stm32h7xx_hal_uart.o(i.UART_AdvFeatureConfig)
    UART_CheckIdleState                      0x08007095   Thumb Code   234  stm32h7xx_hal_uart.o(i.UART_CheckIdleState)
    UART_SetConfig                           0x08007335   Thumb Code  1558  stm32h7xx_hal_uart.o(i.UART_SetConfig)
    UART_WaitOnFlagUntilTimeout              0x0800795d   Thumb Code   172  stm32h7xx_hal_uart.o(i.UART_WaitOnFlagUntilTimeout)
    USART2_IRQHandler                        0x08007a09   Thumb Code    10  stm32h7xx_it.o(i.USART2_IRQHandler)
    USART3_IRQHandler                        0x08007a19   Thumb Code    10  stm32h7xx_it.o(i.USART3_IRQHandler)
    USART6_IRQHandler                        0x08007a29   Thumb Code    10  stm32h7xx_it.o(i.USART6_IRQHandler)
    UsageFault_Handler                       0x08007a39   Thumb Code     4  stm32h7xx_it.o(i.UsageFault_Handler)
    VOFA_JF_DMA_Init                         0x08007a3d   Thumb Code    24  vofa.o(i.VOFA_JF_DMA_Init)
    VOFA_JF_DMA_Send                         0x08007a55   Thumb Code    80  vofa.o(i.VOFA_JF_DMA_Send)
    __ARM_fpclassify                         0x08007aa9   Thumb Code    48  fpclassify.o(i.__ARM_fpclassify)
    __ARM_fpclassifyf                        0x08007ad9   Thumb Code    38  fpclassifyf.o(i.__ARM_fpclassifyf)
    __hardfp_acosf                           0x08007b39   Thumb Code   234  acosf.o(i.__hardfp_acosf)
    __hardfp_atan2f                          0x08007c5d   Thumb Code   594  atan2f.o(i.__hardfp_atan2f)
    __hardfp_cos                             0x08007f11   Thumb Code   158  cos.o(i.__hardfp_cos)
    __hardfp_sin                             0x08007fc1   Thumb Code   158  sin.o(i.__hardfp_sin)
    __hardfp_sqrtf                           0x08008071   Thumb Code    58  sqrtf.o(i.__hardfp_sqrtf)
    __ieee754_rem_pio2                       0x080080b1   Thumb Code   646  rred.o(i.__ieee754_rem_pio2)
    __kernel_cos                             0x080083c1   Thumb Code   182  cos_i.o(i.__kernel_cos)
    __kernel_poly                            0x080084a1   Thumb Code   112  poly.o(i.__kernel_poly)
    __kernel_sin                             0x08008511   Thumb Code   144  sin_i.o(i.__kernel_sin)
    __mathlib_dbl_invalid                    0x080085b9   Thumb Code    10  dunder.o(i.__mathlib_dbl_invalid)
    __mathlib_dbl_underflow                  0x080085d1   Thumb Code    10  dunder.o(i.__mathlib_dbl_underflow)
    __mathlib_flt_infnan                     0x080085e9   Thumb Code     6  funder.o(i.__mathlib_flt_infnan)
    __mathlib_flt_infnan2                    0x080085ef   Thumb Code     6  funder.o(i.__mathlib_flt_infnan2)
    __mathlib_flt_invalid                    0x080085f5   Thumb Code    10  funder.o(i.__mathlib_flt_invalid)
    __mathlib_flt_underflow                  0x08008605   Thumb Code    10  funder.o(i.__mathlib_flt_underflow)
    calculate                                0x080086ed   Thumb Code    10  freertos.o(i.calculate)
    cmd_init                                 0x080086f9   Thumb Code   164  m8010.o(i.cmd_init)
    cmd_single_test_init                     0x080087a5   Thumb Code   182  m8010.o(i.cmd_single_test_init)
    crc_ccitt                                0x0800886d   Thumb Code    34  m8010.o(i.crc_ccitt)
    crc_ccitt_byte                           0x08008891   Thumb Code    20  m8010.o(i.crc_ccitt_byte)
    extract_data                             0x080088a9   Thumb Code   248  m8010.o(i.extract_data)
    fabs                                     0x080089ad   Thumb Code    24  fabs.o(i.fabs)
    gait_inverse_kinematics_core             0x080089c5   Thumb Code   444  gait.o(i.gait_inverse_kinematics_core)
    main                                     0x08008b89   Thumb Code    56  main.o(i.main)
    modify_data                              0x08008bd1   Thumb Code   522  m8010.o(i.modify_data)
    motor                                    0x08008e0d   Thumb Code    46  freertos.o(i.motor)
    osDelay                                  0x08008e41   Thumb Code    24  cmsis_os.o(i.osDelay)
    osKernelStart                            0x08008e59   Thumb Code    10  cmsis_os.o(i.osKernelStart)
    osThreadCreate                           0x08008e63   Thumb Code    94  cmsis_os.o(i.osThreadCreate)
    pvPortMalloc                             0x08009341   Thumb Code   306  heap_4.o(i.pvPortMalloc)
    pxPortInitialiseStack                    0x0800948d   Thumb Code    38  port.o(i.pxPortInitialiseStack)
    send_data_all                            0x080094b9   Thumb Code   220  m8010.o(i.send_data_all)
    set_cmd_pos_by_index                     0x08009599   Thumb Code    54  m8010.o(i.set_cmd_pos_by_index)
    sqrtf                                    0x080095d5   Thumb Code    62  sqrtf.o(i.sqrtf)
    uxListRemove                             0x08009613   Thumb Code    40  list.o(i.uxListRemove)
    vApplicationGetIdleTaskMemory            0x0800963d   Thumb Code    14  freertos.o(i.vApplicationGetIdleTaskMemory)
    vListInitialise                          0x08009655   Thumb Code    26  list.o(i.vListInitialise)
    vListInitialiseItem                      0x0800966f   Thumb Code     6  list.o(i.vListInitialiseItem)
    vListInsert                              0x08009675   Thumb Code    52  list.o(i.vListInsert)
    vListInsertEnd                           0x080096a9   Thumb Code    24  list.o(i.vListInsertEnd)
    vPortEnterCritical                       0x080096c1   Thumb Code    76  port.o(i.vPortEnterCritical)
    vPortExitCritical                        0x08009715   Thumb Code    56  port.o(i.vPortExitCritical)
    vPortFree                                0x08009751   Thumb Code   150  heap_4.o(i.vPortFree)
    vPortSetupTimerInterrupt                 0x080097f5   Thumb Code    36  port.o(i.vPortSetupTimerInterrupt)
    vTaskDelay                               0x0800981d   Thumb Code    82  tasks.o(i.vTaskDelay)
    vTaskStartScheduler                      0x08009879   Thumb Code   146  tasks.o(i.vTaskStartScheduler)
    vTaskSuspendAll                          0x08009929   Thumb Code    12  tasks.o(i.vTaskSuspendAll)
    vTaskSwitchContext                       0x08009939   Thumb Code   118  tasks.o(i.vTaskSwitchContext)
    vofa                                     0x080099c5   Thumb Code    14  freertos.o(i.vofa)
    xPortStartScheduler                      0x080099d5   Thumb Code   330  port.o(i.xPortStartScheduler)
    xTaskCreate                              0x08009b3d   Thumb Code   100  tasks.o(i.xTaskCreate)
    xTaskCreateStatic                        0x08009ba1   Thumb Code   186  tasks.o(i.xTaskCreateStatic)
    xTaskIncrementTick                       0x08009c5d   Thumb Code   282  tasks.o(i.xTaskIncrementTick)
    xTaskResumeAll                           0x08009da5   Thumb Code   224  tasks.o(i.xTaskResumeAll)
    _fp_init                                 0x08009ea9   Thumb Code    10  fpinit.o(x$fpl$fpinit)
    __fplib_config_fpu_vfp                   0x08009eb1   Thumb Code     0  fpinit.o(x$fpl$fpinit)
    __fplib_config_pureend_doubles           0x08009eb1   Thumb Code     0  fpinit.o(x$fpl$fpinit)
    __I$use$fp                               0x08009eb2   Number         0  usenofp.o(x$fpl$usenofp)
    UARTPrescTable                           0x08009f10   Data          24  stm32h7xx_hal_uart.o(.constdata)
    D1CorePrescTable                         0x08009f38   Data          16  system_stm32h7xx.o(.constdata)
    crc_ccitt_table                          0x08009f48   Data         512  m8010.o(.constdata)
    Region$$Table$$Base                      0x0800a2c4   Number         0  anon$$obj.o(Region$$Table)
    Region$$Table$$Limit                     0x0800a2f4   Number         0  anon$$obj.o(Region$$Table)
    defaultTaskHandle                        0x24000000   Data           4  freertos.o(.data)
    myTask02Handle                           0x24000004   Data           4  freertos.o(.data)
    myTask03Handle                           0x24000008   Data           4  freertos.o(.data)
    uwTick                                   0x2400000c   Data           4  stm32h7xx_hal.o(.data)
    uwTickPrio                               0x24000010   Data           4  stm32h7xx_hal.o(.data)
    uwTickFreq                               0x24000014   Data           1  stm32h7xx_hal.o(.data)
    SystemCoreClock                          0x24000018   Data           4  system_stm32h7xx.o(.data)
    SystemD2Clock                            0x2400001c   Data           4  system_stm32h7xx.o(.data)
    pxCurrentTCB                             0x24000020   Data           4  tasks.o(.data)
    sign                                     0x24000088   Data          48  robot_map.o(.data)
    test_angle                               0x240000f4   Data          12  freertos.o(.bss)
    huart7                                   0x24000354   Data         148  usart.o(.bss)
    huart9                                   0x240003e8   Data         148  usart.o(.bss)
    huart2                                   0x2400047c   Data         148  usart.o(.bss)
    huart3                                   0x24000510   Data         148  usart.o(.bss)
    huart6                                   0x240005a4   Data         148  usart.o(.bss)
    hdma_uart7_rx                            0x24000638   Data         120  usart.o(.bss)
    hdma_uart7_tx                            0x240006b0   Data         120  usart.o(.bss)
    hdma_uart9_rx                            0x24000728   Data         120  usart.o(.bss)
    hdma_uart9_tx                            0x240007a0   Data         120  usart.o(.bss)
    hdma_usart2_rx                           0x24000818   Data         120  usart.o(.bss)
    hdma_usart2_tx                           0x24000890   Data         120  usart.o(.bss)
    hdma_usart3_rx                           0x24000908   Data         120  usart.o(.bss)
    hdma_usart3_tx                           0x24000980   Data         120  usart.o(.bss)
    hdma_usart6_rx                           0x240009f8   Data         120  usart.o(.bss)
    hdma_usart6_tx                           0x24000a70   Data         120  usart.o(.bss)
    htim23                                   0x24000ae8   Data          76  stm32h7xx_hal_timebase_tim.o(.bss)
    cmd                                      0x24000b34   Data         528  m8010.o(.bss)
    recv                                     0x24000d44   Data          72  m8010.o(.bss)
    hvofa                                    0x24000d8c   Data          72  vofa.o(.bss)
    legs                                     0x24000ec4   Data        1488  robot_map.o(.bss)
    leg_real_size                            0x24001494   Data          12  robot_map.o(.bss)
    Target_Angle                             0x240014a0   Data          48  app_robot.o(.bss)
    current_angle_rel                        0x240014d0   Data          48  app_robot.o(.bss)
    ch                                       0x24001530   Data          64  app_robot.o(.bss)
    g_foot_target_m                          0x2400160c   Data          48  gait.o(.bss)
    __libspace_start                         0x2400163c   Data          96  libspace.o(.bss)
    __temporary_stack_top$libspace           0x2400169c   Data           0  libspace.o(.bss)



==============================================================================

Memory Map of the image

  Image Entry point : 0x080002cd

  Load Region LR_IROM1 (Base: 0x08000000, Size: 0x0000a3e8, Max: 0x00100000, ABSOLUTE)

    Execution Region ER_IROM1 (Exec base: 0x08000000, Load base: 0x08000000, Size: 0x0000a2f4, Max: 0x00100000, ABSOLUTE)

    Exec Addr    Load Addr    Size         Type   Attr      Idx    E Section Name        Object

    0x08000000   0x08000000   0x000002cc   Data   RO            3    RESET               startup_stm32h723xx.o
    0x080002cc   0x080002cc   0x00000008   Code   RO         6455  * !!!main             c_w.l(__main.o)
    0x080002d4   0x080002d4   0x00000034   Code   RO         6775    !!!scatter          c_w.l(__scatter.o)
    0x08000308   0x08000308   0x0000001a   Code   RO         6777    !!handler_copy      c_w.l(__scatter_copy.o)
    0x08000322   0x08000322   0x00000002   PAD
    0x08000324   0x08000324   0x0000001c   Code   RO         6779    !!handler_zi        c_w.l(__scatter_zi.o)
    0x08000340   0x08000340   0x00000002   Code   RO         6646    .ARM.Collect$$libinit$$00000000  c_w.l(libinit.o)
    0x08000342   0x08000342   0x00000004   Code   RO         6655    .ARM.Collect$$libinit$$00000001  c_w.l(libinit2.o)
    0x08000346   0x08000346   0x00000000   Code   RO         6658    .ARM.Collect$$libinit$$00000004  c_w.l(libinit2.o)
    0x08000346   0x08000346   0x00000000   Code   RO         6661    .ARM.Collect$$libinit$$0000000A  c_w.l(libinit2.o)
    0x08000346   0x08000346   0x00000000   Code   RO         6663    .ARM.Collect$$libinit$$0000000C  c_w.l(libinit2.o)
    0x08000346   0x08000346   0x00000000   Code   RO         6665    .ARM.Collect$$libinit$$0000000E  c_w.l(libinit2.o)
    0x08000346   0x08000346   0x00000000   Code   RO         6668    .ARM.Collect$$libinit$$00000011  c_w.l(libinit2.o)
    0x08000346   0x08000346   0x00000000   Code   RO         6670    .ARM.Collect$$libinit$$00000013  c_w.l(libinit2.o)
    0x08000346   0x08000346   0x00000000   Code   RO         6672    .ARM.Collect$$libinit$$00000015  c_w.l(libinit2.o)
    0x08000346   0x08000346   0x00000000   Code   RO         6674    .ARM.Collect$$libinit$$00000017  c_w.l(libinit2.o)
    0x08000346   0x08000346   0x00000000   Code   RO         6676    .ARM.Collect$$libinit$$00000019  c_w.l(libinit2.o)
    0x08000346   0x08000346   0x00000000   Code   RO         6678    .ARM.Collect$$libinit$$0000001B  c_w.l(libinit2.o)
    0x08000346   0x08000346   0x00000000   Code   RO         6680    .ARM.Collect$$libinit$$0000001D  c_w.l(libinit2.o)
    0x08000346   0x08000346   0x00000000   Code   RO         6682    .ARM.Collect$$libinit$$0000001F  c_w.l(libinit2.o)
    0x08000346   0x08000346   0x00000000   Code   RO         6684    .ARM.Collect$$libinit$$00000021  c_w.l(libinit2.o)
    0x08000346   0x08000346   0x00000000   Code   RO         6686    .ARM.Collect$$libinit$$00000023  c_w.l(libinit2.o)
    0x08000346   0x08000346   0x00000000   Code   RO         6688    .ARM.Collect$$libinit$$00000025  c_w.l(libinit2.o)
    0x08000346   0x08000346   0x00000000   Code   RO         6692    .ARM.Collect$$libinit$$0000002C  c_w.l(libinit2.o)
    0x08000346   0x08000346   0x00000000   Code   RO         6694    .ARM.Collect$$libinit$$0000002E  c_w.l(libinit2.o)
    0x08000346   0x08000346   0x00000000   Code   RO         6696    .ARM.Collect$$libinit$$00000030  c_w.l(libinit2.o)
    0x08000346   0x08000346   0x00000000   Code   RO         6698    .ARM.Collect$$libinit$$00000032  c_w.l(libinit2.o)
    0x08000346   0x08000346   0x00000002   Code   RO         6699    .ARM.Collect$$libinit$$00000033  c_w.l(libinit2.o)
    0x08000348   0x08000348   0x00000002   Code   RO         6730    .ARM.Collect$$libshutdown$$00000000  c_w.l(libshutdown.o)
    0x0800034a   0x0800034a   0x00000000   Code   RO         6756    .ARM.Collect$$libshutdown$$00000002  c_w.l(libshutdown2.o)
    0x0800034a   0x0800034a   0x00000000   Code   RO         6758    .ARM.Collect$$libshutdown$$00000004  c_w.l(libshutdown2.o)
    0x0800034a   0x0800034a   0x00000000   Code   RO         6760    .ARM.Collect$$libshutdown$$00000006  c_w.l(libshutdown2.o)
    0x0800034a   0x0800034a   0x00000000   Code   RO         6763    .ARM.Collect$$libshutdown$$00000009  c_w.l(libshutdown2.o)
    0x0800034a   0x0800034a   0x00000000   Code   RO         6766    .ARM.Collect$$libshutdown$$0000000C  c_w.l(libshutdown2.o)
    0x0800034a   0x0800034a   0x00000000   Code   RO         6768    .ARM.Collect$$libshutdown$$0000000E  c_w.l(libshutdown2.o)
    0x0800034a   0x0800034a   0x00000000   Code   RO         6771    .ARM.Collect$$libshutdown$$00000011  c_w.l(libshutdown2.o)
    0x0800034a   0x0800034a   0x00000002   Code   RO         6772    .ARM.Collect$$libshutdown$$00000012  c_w.l(libshutdown2.o)
    0x0800034c   0x0800034c   0x00000000   Code   RO         6541    .ARM.Collect$$rtentry$$00000000  c_w.l(__rtentry.o)
    0x0800034c   0x0800034c   0x00000000   Code   RO         6599    .ARM.Collect$$rtentry$$00000002  c_w.l(__rtentry2.o)
    0x0800034c   0x0800034c   0x00000006   Code   RO         6611    .ARM.Collect$$rtentry$$00000004  c_w.l(__rtentry4.o)
    0x08000352   0x08000352   0x00000000   Code   RO         6601    .ARM.Collect$$rtentry$$00000009  c_w.l(__rtentry2.o)
    0x08000352   0x08000352   0x00000004   Code   RO         6602    .ARM.Collect$$rtentry$$0000000A  c_w.l(__rtentry2.o)
    0x08000356   0x08000356   0x00000000   Code   RO         6604    .ARM.Collect$$rtentry$$0000000C  c_w.l(__rtentry2.o)
    0x08000356   0x08000356   0x00000008   Code   RO         6605    .ARM.Collect$$rtentry$$0000000D  c_w.l(__rtentry2.o)
    0x0800035e   0x0800035e   0x00000002   Code   RO         6647    .ARM.Collect$$rtexit$$00000000  c_w.l(rtexit.o)
    0x08000360   0x08000360   0x00000000   Code   RO         6703    .ARM.Collect$$rtexit$$00000002  c_w.l(rtexit2.o)
    0x08000360   0x08000360   0x00000004   Code   RO         6704    .ARM.Collect$$rtexit$$00000003  c_w.l(rtexit2.o)
    0x08000364   0x08000364   0x00000006   Code   RO         6705    .ARM.Collect$$rtexit$$00000004  c_w.l(rtexit2.o)
    0x0800036a   0x0800036a   0x00000002   PAD
    0x0800036c   0x0800036c   0x000000be   Code   RO         6178    .emb_text           port.o
    0x0800042a   0x0800042a   0x00000002   PAD
    0x0800042c   0x0800042c   0x00000040   Code   RO            4    .text               startup_stm32h723xx.o
    0x0800046c   0x0800046c   0x000000ee   Code   RO         6443    .text               c_w.l(lludivv7m.o)
    0x0800055a   0x0800055a   0x00000064   Code   RO         6447    .text               c_w.l(rt_memcpy_w.o)
    0x080005be   0x080005be   0x0000004e   Code   RO         6451    .text               c_w.l(rt_memclr_w.o)
    0x0800060c   0x0800060c   0x00000006   Code   RO         6453    .text               c_w.l(heapauxi.o)
    0x08000612   0x08000612   0x00000016   Code   RO         6546    .text               c_w.l(_rserrno.o)
    0x08000628   0x08000628   0x00000008   Code   RO         6618    .text               c_w.l(rt_errno_addr_intlibspace.o)
    0x08000630   0x08000630   0x00000008   Code   RO         6630    .text               c_w.l(libspace.o)
    0x08000638   0x08000638   0x0000004a   Code   RO         6633    .text               c_w.l(sys_stackheap_outer.o)
    0x08000682   0x08000682   0x00000012   Code   RO         6635    .text               c_w.l(exit.o)
    0x08000694   0x08000694   0x0000000c   Code   RO         6700    .text               c_w.l(sys_exit.o)
    0x080006a0   0x080006a0   0x00000002   Code   RO         6719    .text               c_w.l(use_no_semi.o)
    0x080006a2   0x080006a2   0x00000000   Code   RO         6721    .text               c_w.l(indicate_semi.o)
    0x080006a2   0x080006a2   0x00000002   PAD
    0x080006a4   0x080006a4   0x0000002c   Code   RO         6299    i.App_Robot_Init    app_robot.o
    0x080006d0   0x080006d0   0x0000003c   Code   RO         6300    i.App_Robot_Loop1ms  app_robot.o
    0x0800070c   0x0800070c   0x000000d4   Code   RO         6301    i.App_all_motor_claculate  app_robot.o
    0x080007e0   0x080007e0   0x0000026c   Code   RO         6302    i.App_motor_angle_calculate  app_robot.o
    0x08000a4c   0x08000a4c   0x00000028   Code   RO         6303    i.App_target_relative_to_absolute  app_robot.o
    0x08000a74   0x08000a74   0x00000068   Code   RO         6304    i.App_vofa_Send     app_robot.o
    0x08000adc   0x08000adc   0x00000004   Code   RO          446    i.BusFault_Handler  stm32h7xx_it.o
    0x08000ae0   0x08000ae0   0x00000010   Code   RO          447    i.DMA1_Stream0_IRQHandler  stm32h7xx_it.o
    0x08000af0   0x08000af0   0x00000010   Code   RO          448    i.DMA1_Stream1_IRQHandler  stm32h7xx_it.o
    0x08000b00   0x08000b00   0x00000010   Code   RO          449    i.DMA1_Stream2_IRQHandler  stm32h7xx_it.o
    0x08000b10   0x08000b10   0x00000010   Code   RO          450    i.DMA1_Stream3_IRQHandler  stm32h7xx_it.o
    0x08000b20   0x08000b20   0x00000010   Code   RO          451    i.DMA1_Stream4_IRQHandler  stm32h7xx_it.o
    0x08000b30   0x08000b30   0x00000010   Code   RO          452    i.DMA1_Stream5_IRQHandler  stm32h7xx_it.o
    0x08000b40   0x08000b40   0x00000010   Code   RO          453    i.DMA1_Stream6_IRQHandler  stm32h7xx_it.o
    0x08000b50   0x08000b50   0x00000010   Code   RO          454    i.DMA1_Stream7_IRQHandler  stm32h7xx_it.o
    0x08000b60   0x08000b60   0x00000010   Code   RO          455    i.DMA2_Stream0_IRQHandler  stm32h7xx_it.o
    0x08000b70   0x08000b70   0x00000010   Code   RO          456    i.DMA2_Stream1_IRQHandler  stm32h7xx_it.o
    0x08000b80   0x08000b80   0x000000ec   Code   RO         1541    i.DMA_CalcBaseAndBitshift  stm32h7xx_hal_dma.o
    0x08000c6c   0x08000c6c   0x000000c4   Code   RO         1542    i.DMA_CalcDMAMUXChannelBaseAndMask  stm32h7xx_hal_dma.o
    0x08000d30   0x08000d30   0x00000098   Code   RO         1543    i.DMA_CalcDMAMUXRequestGenBaseAndMask  stm32h7xx_hal_dma.o
    0x08000dc8   0x08000dc8   0x000000ae   Code   RO         1544    i.DMA_CheckFifoParam  stm32h7xx_hal_dma.o
    0x08000e76   0x08000e76   0x00000002   PAD
    0x08000e78   0x08000e78   0x00000274   Code   RO         1545    i.DMA_SetConfig     stm32h7xx_hal_dma.o
    0x080010ec   0x080010ec   0x00000002   Code   RO          457    i.DebugMon_Handler  stm32h7xx_it.o
    0x080010ee   0x080010ee   0x00000006   Code   RO           13    i.Error_Handler     main.o
    0x080010f4   0x080010f4   0x00000038   Code   RO         6384    i.Gait_SetLegFootTargetM  gait.o
    0x0800112c   0x0800112c   0x00000088   Code   RO         6385    i.Gait_UpdateTargetAngleFromFootTarget  gait.o
    0x080011b4   0x080011b4   0x000004dc   Code   RO         1546    i.HAL_DMA_Abort     stm32h7xx_hal_dma.o
    0x08001690   0x08001690   0x00000398   Code   RO         1547    i.HAL_DMA_Abort_IT  stm32h7xx_hal_dma.o
    0x08001a28   0x08001a28   0x00000af8   Code   RO         1551    i.HAL_DMA_IRQHandler  stm32h7xx_hal_dma.o
    0x08002520   0x08002520   0x00000514   Code   RO         1552    i.HAL_DMA_Init      stm32h7xx_hal_dma.o
    0x08002a34   0x08002a34   0x000003e0   Code   RO         1556    i.HAL_DMA_Start_IT  stm32h7xx_hal_dma.o
    0x08002e14   0x08002e14   0x000001f0   Code   RO         1394    i.HAL_GPIO_Init     stm32h7xx_hal_gpio.o
    0x08003004   0x08003004   0x0000000c   Code   RO         1398    i.HAL_GPIO_WritePin  stm32h7xx_hal_gpio.o
    0x08003010   0x08003010   0x0000000c   Code   RO         2259    i.HAL_GetTick       stm32h7xx_hal.o
    0x0800301c   0x0800301c   0x00000018   Code   RO         2265    i.HAL_IncTick       stm32h7xx_hal.o
    0x08003034   0x08003034   0x00000060   Code   RO         2266    i.HAL_Init          stm32h7xx_hal.o
    0x08003094   0x08003094   0x00000094   Code   RO          624    i.HAL_InitTick      stm32h7xx_hal_timebase_tim.o
    0x08003128   0x08003128   0x0000005c   Code   RO          664    i.HAL_MPU_ConfigRegion  stm32h7xx_hal_cortex.o
    0x08003184   0x08003184   0x0000002c   Code   RO          665    i.HAL_MPU_Disable   stm32h7xx_hal_cortex.o
    0x080031b0   0x080031b0   0x00000040   Code   RO          667    i.HAL_MPU_Enable    stm32h7xx_hal_cortex.o
    0x080031f0   0x080031f0   0x00000030   Code   RO          600    i.HAL_MspInit       stm32h7xx_hal_msp.o
    0x08003220   0x08003220   0x00000028   Code   RO          671    i.HAL_NVIC_EnableIRQ  stm32h7xx_hal_cortex.o
    0x08003248   0x08003248   0x0000007a   Code   RO          677    i.HAL_NVIC_SetPriority  stm32h7xx_hal_cortex.o
    0x080032c2   0x080032c2   0x00000002   PAD
    0x080032c4   0x080032c4   0x00000028   Code   RO          678    i.HAL_NVIC_SetPriorityGrouping  stm32h7xx_hal_cortex.o
    0x080032ec   0x080032ec   0x00000060   Code   RO         1995    i.HAL_PWREx_ConfigSupply  stm32h7xx_hal_pwr_ex.o
    0x0800334c   0x0800334c   0x00000024   Code   RO          937    i.HAL_RCCEx_GetD3PCLK1Freq  stm32h7xx_hal_rcc_ex.o
    0x08003370   0x08003370   0x00000230   Code   RO          939    i.HAL_RCCEx_GetPLL2ClockFreq  stm32h7xx_hal_rcc_ex.o
    0x080035a0   0x080035a0   0x00000230   Code   RO          940    i.HAL_RCCEx_GetPLL3ClockFreq  stm32h7xx_hal_rcc_ex.o
    0x080037d0   0x080037d0   0x00000cc8   Code   RO          946    i.HAL_RCCEx_PeriphCLKConfig  stm32h7xx_hal_rcc_ex.o
    0x08004498   0x08004498   0x00000320   Code   RO          822    i.HAL_RCC_ClockConfig  stm32h7xx_hal_rcc.o
    0x080047b8   0x080047b8   0x0000006c   Code   RO          826    i.HAL_RCC_GetClockConfig  stm32h7xx_hal_rcc.o
    0x08004824   0x08004824   0x0000004c   Code   RO          827    i.HAL_RCC_GetHCLKFreq  stm32h7xx_hal_rcc.o
    0x08004870   0x08004870   0x00000024   Code   RO          829    i.HAL_RCC_GetPCLK1Freq  stm32h7xx_hal_rcc.o
    0x08004894   0x08004894   0x00000024   Code   RO          830    i.HAL_RCC_GetPCLK2Freq  stm32h7xx_hal_rcc.o
    0x080048b8   0x080048b8   0x0000022c   Code   RO          831    i.HAL_RCC_GetSysClockFreq  stm32h7xx_hal_rcc.o
    0x08004ae4   0x08004ae4   0x0000075c   Code   RO          834    i.HAL_RCC_OscConfig  stm32h7xx_hal_rcc.o
    0x08005240   0x08005240   0x00000002   Code   RO         3909    i.HAL_TIMEx_Break2Callback  stm32h7xx_hal_tim_ex.o
    0x08005242   0x08005242   0x00000002   Code   RO         3910    i.HAL_TIMEx_BreakCallback  stm32h7xx_hal_tim_ex.o
    0x08005244   0x08005244   0x00000002   Code   RO         3911    i.HAL_TIMEx_CommutCallback  stm32h7xx_hal_tim_ex.o
    0x08005246   0x08005246   0x0000006e   Code   RO         3184    i.HAL_TIM_Base_Init  stm32h7xx_hal_tim.o
    0x080052b4   0x080052b4   0x00000002   Code   RO         3186    i.HAL_TIM_Base_MspInit  stm32h7xx_hal_tim.o
    0x080052b6   0x080052b6   0x00000002   PAD
    0x080052b8   0x080052b8   0x000000cc   Code   RO         3189    i.HAL_TIM_Base_Start_IT  stm32h7xx_hal_tim.o
    0x08005384   0x08005384   0x00000002   Code   RO         3218    i.HAL_TIM_IC_CaptureCallback  stm32h7xx_hal_tim.o
    0x08005386   0x08005386   0x00000198   Code   RO         3232    i.HAL_TIM_IRQHandler  stm32h7xx_hal_tim.o
    0x0800551e   0x0800551e   0x00000002   Code   RO         3235    i.HAL_TIM_OC_DelayElapsedCallback  stm32h7xx_hal_tim.o
    0x08005520   0x08005520   0x00000002   Code   RO         3262    i.HAL_TIM_PWM_PulseFinishedCallback  stm32h7xx_hal_tim.o
    0x08005522   0x08005522   0x00000002   PAD
    0x08005524   0x08005524   0x00000018   Code   RO           14    i.HAL_TIM_PeriodElapsedCallback  main.o
    0x0800553c   0x0800553c   0x00000002   Code   RO         3275    i.HAL_TIM_TriggerCallback  stm32h7xx_hal_tim.o
    0x0800553e   0x0800553e   0x0000004e   Code   RO         4637    i.HAL_UARTEx_DisableFifoMode  stm32h7xx_hal_uart_ex.o
    0x0800558c   0x0800558c   0x00000002   Code   RO         4876    i.HAL_UARTEx_RxEventCallback  rx_callback.o
    0x0800558e   0x0800558e   0x00000002   Code   RO         4645    i.HAL_UARTEx_RxFifoFullCallback  stm32h7xx_hal_uart_ex.o
    0x08005590   0x08005590   0x0000005e   Code   RO         4646    i.HAL_UARTEx_SetRxFifoThreshold  stm32h7xx_hal_uart_ex.o
    0x080055ee   0x080055ee   0x0000005e   Code   RO         4647    i.HAL_UARTEx_SetTxFifoThreshold  stm32h7xx_hal_uart_ex.o
    0x0800564c   0x0800564c   0x00000002   Code   RO         4649    i.HAL_UARTEx_TxFifoEmptyCallback  stm32h7xx_hal_uart_ex.o
    0x0800564e   0x0800564e   0x00000002   Code   RO         4650    i.HAL_UARTEx_WakeupCallback  stm32h7xx_hal_uart_ex.o
    0x08005650   0x08005650   0x00000002   Code   RO         4877    i.HAL_UART_ErrorCallback  rx_callback.o
    0x08005652   0x08005652   0x00000002   PAD
    0x08005654   0x08005654   0x00000494   Code   RO         4240    i.HAL_UART_IRQHandler  stm32h7xx_hal_uart.o
    0x08005ae8   0x08005ae8   0x00000078   Code   RO         4241    i.HAL_UART_Init     stm32h7xx_hal_uart.o
    0x08005b60   0x08005b60   0x00000580   Code   RO          381    i.HAL_UART_MspInit  usart.o
    0x080060e0   0x080060e0   0x00000112   Code   RO         4244    i.HAL_UART_Receive  stm32h7xx_hal_uart.o
    0x080061f2   0x080061f2   0x000000c2   Code   RO         4250    i.HAL_UART_Transmit  stm32h7xx_hal_uart.o
    0x080062b4   0x080062b4   0x000000a0   Code   RO         4251    i.HAL_UART_Transmit_DMA  stm32h7xx_hal_uart.o
    0x08006354   0x08006354   0x00000002   Code   RO         4253    i.HAL_UART_TxCpltCallback  stm32h7xx_hal_uart.o
    0x08006356   0x08006356   0x00000002   Code   RO         4254    i.HAL_UART_TxHalfCpltCallback  stm32h7xx_hal_uart.o
    0x08006358   0x08006358   0x00000004   Code   RO          458    i.HardFault_Handler  stm32h7xx_it.o
    0x0800635c   0x0800635c   0x00000056   Code   RO           15    i.MPU_Config        main.o
    0x080063b2   0x080063b2   0x00000002   PAD
    0x080063b4   0x080063b4   0x000000e0   Code   RO          338    i.MX_DMA_Init       dma.o
    0x08006494   0x08006494   0x00000060   Code   RO          268    i.MX_FREERTOS_Init  freertos.o
    0x080064f4   0x080064f4   0x00000164   Code   RO          244    i.MX_GPIO_Init      gpio.o
    0x08006658   0x08006658   0x0000006c   Code   RO          382    i.MX_UART7_Init     usart.o
    0x080066c4   0x080066c4   0x0000006c   Code   RO          383    i.MX_UART9_Init     usart.o
    0x08006730   0x08006730   0x0000006c   Code   RO          384    i.MX_USART2_UART_Init  usart.o
    0x0800679c   0x0800679c   0x0000006c   Code   RO          385    i.MX_USART3_UART_Init  usart.o
    0x08006808   0x08006808   0x0000006c   Code   RO          386    i.MX_USART6_UART_Init  usart.o
    0x08006874   0x08006874   0x00000004   Code   RO          459    i.MemManage_Handler  stm32h7xx_it.o
    0x08006878   0x08006878   0x00000004   Code   RO          460    i.NMI_Handler       stm32h7xx_it.o
    0x0800687c   0x0800687c   0x00000164   Code   RO          949    i.RCCEx_PLL2_Config  stm32h7xx_hal_rcc_ex.o
    0x080069e0   0x080069e0   0x00000164   Code   RO          950    i.RCCEx_PLL3_Config  stm32h7xx_hal_rcc_ex.o
    0x08006b44   0x08006b44   0x000000e8   Code   RO         6258    i.RobotMap_Init     robot_map.o
    0x08006c2c   0x08006c2c   0x0000002c   Code   RO         6259    i.RobotMap_InitLegRealSize  robot_map.o
    0x08006c58   0x08006c58   0x00000034   Code   RO         6179    i.SysTick_Handler   port.o
    0x08006c8c   0x08006c8c   0x000000b8   Code   RO           16    i.SystemClock_Config  main.o
    0x08006d44   0x08006d44   0x000000e0   Code   RO         4761    i.SystemInit        system_stm32h7xx.o
    0x08006e24   0x08006e24   0x00000010   Code   RO          461    i.TIM23_IRQHandler  stm32h7xx_it.o
    0x08006e34   0x08006e34   0x000000f0   Code   RO         3277    i.TIM_Base_SetConfig  stm32h7xx_hal_tim.o
    0x08006f24   0x08006f24   0x00000010   Code   RO          462    i.UART7_IRQHandler  stm32h7xx_it.o
    0x08006f34   0x08006f34   0x00000010   Code   RO          463    i.UART9_IRQHandler  stm32h7xx_it.o
    0x08006f44   0x08006f44   0x00000058   Code   RO         4651    i.UARTEx_SetNbDataToProcess  stm32h7xx_hal_uart_ex.o
    0x08006f9c   0x08006f9c   0x000000f8   Code   RO         4255    i.UART_AdvFeatureConfig  stm32h7xx_hal_uart.o
    0x08007094   0x08007094   0x000000ea   Code   RO         4256    i.UART_CheckIdleState  stm32h7xx_hal_uart.o
    0x0800717e   0x0800717e   0x00000018   Code   RO         4257    i.UART_DMAAbortOnError  stm32h7xx_hal_uart.o
    0x08007196   0x08007196   0x0000005e   Code   RO         4258    i.UART_DMAError     stm32h7xx_hal_uart.o
    0x080071f4   0x080071f4   0x00000054   Code   RO         4263    i.UART_DMATransmitCplt  stm32h7xx_hal_uart.o
    0x08007248   0x08007248   0x0000000e   Code   RO         4265    i.UART_DMATxHalfCplt  stm32h7xx_hal_uart.o
    0x08007256   0x08007256   0x00000002   PAD
    0x08007258   0x08007258   0x0000006c   Code   RO         4267    i.UART_EndRxTransfer  stm32h7xx_hal_uart.o
    0x080072c4   0x080072c4   0x00000030   Code   RO         4268    i.UART_EndTransmit_IT  stm32h7xx_hal_uart.o
    0x080072f4   0x080072f4   0x00000040   Code   RO         4269    i.UART_EndTxTransfer  stm32h7xx_hal_uart.o
    0x08007334   0x08007334   0x00000628   Code   RO         4274    i.UART_SetConfig    stm32h7xx_hal_uart.o
    0x0800795c   0x0800795c   0x000000ac   Code   RO         4281    i.UART_WaitOnFlagUntilTimeout  stm32h7xx_hal_uart.o
    0x08007a08   0x08007a08   0x00000010   Code   RO          464    i.USART2_IRQHandler  stm32h7xx_it.o
    0x08007a18   0x08007a18   0x00000010   Code   RO          465    i.USART3_IRQHandler  stm32h7xx_it.o
    0x08007a28   0x08007a28   0x00000010   Code   RO          466    i.USART6_IRQHandler  stm32h7xx_it.o
    0x08007a38   0x08007a38   0x00000004   Code   RO          467    i.UsageFault_Handler  stm32h7xx_it.o
    0x08007a3c   0x08007a3c   0x00000018   Code   RO         4909    i.VOFA_JF_DMA_Init  vofa.o
    0x08007a54   0x08007a54   0x00000054   Code   RO         4910    i.VOFA_JF_DMA_Send  vofa.o
    0x08007aa8   0x08007aa8   0x00000030   Code   RO         6626    i.__ARM_fpclassify  m_wv.l(fpclassify.o)
    0x08007ad8   0x08007ad8   0x00000026   Code   RO         6568    i.__ARM_fpclassifyf  m_wv.l(fpclassifyf.o)
    0x08007afe   0x08007afe   0x00000002   PAD
    0x08007b00   0x08007b00   0x00000010   Code   RO          684    i.__NVIC_GetPriorityGrouping  stm32h7xx_hal_cortex.o
    0x08007b10   0x08007b10   0x00000028   Code   RO          685    i.__NVIC_SetPriority  stm32h7xx_hal_cortex.o
    0x08007b38   0x08007b38   0x00000124   Code   RO         6457    i.__hardfp_acosf    m_wv.l(acosf.o)
    0x08007c5c   0x08007c5c   0x000002b4   Code   RO         6469    i.__hardfp_atan2f   m_wv.l(atan2f.o)
    0x08007f10   0x08007f10   0x000000b0   Code   RO         6481    i.__hardfp_cos      m_wv.l(cos.o)
    0x08007fc0   0x08007fc0   0x000000b0   Code   RO         6505    i.__hardfp_sin      m_wv.l(sin.o)
    0x08008070   0x08008070   0x0000003a   Code   RO         6529    i.__hardfp_sqrtf    m_wv.l(sqrtf.o)
    0x080080aa   0x080080aa   0x00000006   PAD
    0x080080b0   0x080080b0   0x00000310   Code   RO         6584    i.__ieee754_rem_pio2  m_wv.l(rred.o)
    0x080083c0   0x080083c0   0x000000e0   Code   RO         6551    i.__kernel_cos      m_wv.l(cos_i.o)
    0x080084a0   0x080084a0   0x00000070   Code   RO         6628    i.__kernel_poly     m_wv.l(poly.o)
    0x08008510   0x08008510   0x000000a8   Code   RO         6592    i.__kernel_sin      m_wv.l(sin_i.o)
    0x080085b8   0x080085b8   0x00000018   Code   RO         6557    i.__mathlib_dbl_invalid  m_wv.l(dunder.o)
    0x080085d0   0x080085d0   0x00000018   Code   RO         6560    i.__mathlib_dbl_underflow  m_wv.l(dunder.o)
    0x080085e8   0x080085e8   0x00000006   Code   RO         6571    i.__mathlib_flt_infnan  m_wv.l(funder.o)
    0x080085ee   0x080085ee   0x00000006   Code   RO         6572    i.__mathlib_flt_infnan2  m_wv.l(funder.o)
    0x080085f4   0x080085f4   0x00000010   Code   RO         6573    i.__mathlib_flt_invalid  m_wv.l(funder.o)
    0x08008604   0x08008604   0x00000010   Code   RO         6576    i.__mathlib_flt_underflow  m_wv.l(funder.o)
    0x08008614   0x08008614   0x0000002a   Code   RO         6305    i.app_clampf        app_robot.o
    0x0800863e   0x0800863e   0x00000002   PAD
    0x08008640   0x08008640   0x00000054   Code   RO         6306    i.app_get_current_angle_from_posrel  app_robot.o
    0x08008694   0x08008694   0x00000040   Code   RO         6307    i.app_get_real_dt_ms  app_robot.o
    0x080086d4   0x080086d4   0x00000018   Code   RO         6308    i.app_interp_set_ctx  app_robot.o
    0x080086ec   0x080086ec   0x0000000a   Code   RO          269    i.calculate         freertos.o
    0x080086f6   0x080086f6   0x00000002   PAD
    0x080086f8   0x080086f8   0x000000ac   Code   RO         4797    i.cmd_init          m8010.o
    0x080087a4   0x080087a4   0x000000c8   Code   RO         4798    i.cmd_single_test_init  m8010.o
    0x0800886c   0x0800886c   0x00000022   Code   RO         4799    i.crc_ccitt         m8010.o
    0x0800888e   0x0800888e   0x00000002   PAD
    0x08008890   0x08008890   0x00000018   Code   RO         4800    i.crc_ccitt_byte    m8010.o
    0x080088a8   0x080088a8   0x00000104   Code   RO         4801    i.extract_data      m8010.o
    0x080089ac   0x080089ac   0x00000018   Code   RO         6622    i.fabs              m_wv.l(fabs.o)
    0x080089c4   0x080089c4   0x000001c4   Code   RO         6386    i.gait_inverse_kinematics_core  gait.o
    0x08008b88   0x08008b88   0x00000038   Code   RO           17    i.main              main.o
    0x08008bc0   0x08008bc0   0x0000000e   Code   RO         5744    i.makeFreeRtosPriority  cmsis_os.o
    0x08008bce   0x08008bce   0x00000002   PAD
    0x08008bd0   0x08008bd0   0x0000023c   Code   RO         4802    i.modify_data       m8010.o
    0x08008e0c   0x08008e0c   0x00000034   Code   RO          270    i.motor             freertos.o
    0x08008e40   0x08008e40   0x00000018   Code   RO         5746    i.osDelay           cmsis_os.o
    0x08008e58   0x08008e58   0x0000000a   Code   RO         5749    i.osKernelStart     cmsis_os.o
    0x08008e62   0x08008e62   0x0000005e   Code   RO         5783    i.osThreadCreate    cmsis_os.o
    0x08008ec0   0x08008ec0   0x00000098   Code   RO         5415    i.prvAddCurrentTaskToDelayedList  tasks.o
    0x08008f58   0x08008f58   0x000000b4   Code   RO         5416    i.prvAddNewTaskToReadyList  tasks.o
    0x0800900c   0x0800900c   0x00000048   Code   RO         5417    i.prvCheckTasksWaitingTermination  tasks.o
    0x08009054   0x08009054   0x00000050   Code   RO         5418    i.prvDeleteTCB      tasks.o
    0x080090a4   0x080090a4   0x0000007c   Code   RO         6111    i.prvHeapInit       heap_4.o
    0x08009120   0x08009120   0x00000028   Code   RO         5419    i.prvIdleTask       tasks.o
    0x08009148   0x08009148   0x000000b4   Code   RO         5420    i.prvInitialiseNewTask  tasks.o
    0x080091fc   0x080091fc   0x00000068   Code   RO         5421    i.prvInitialiseTaskLists  tasks.o
    0x08009264   0x08009264   0x00000068   Code   RO         6112    i.prvInsertBlockIntoFreeList  heap_4.o
    0x080092cc   0x080092cc   0x00000034   Code   RO         5422    i.prvResetNextTaskUnblockTime  tasks.o
    0x08009300   0x08009300   0x00000040   Code   RO         6180    i.prvTaskExitError  port.o
    0x08009340   0x08009340   0x0000014c   Code   RO         6113    i.pvPortMalloc      heap_4.o
    0x0800948c   0x0800948c   0x0000002c   Code   RO         6181    i.pxPortInitialiseStack  port.o
    0x080094b8   0x080094b8   0x000000e0   Code   RO         4803    i.send_data_all     m8010.o
    0x08009598   0x08009598   0x0000003c   Code   RO         4804    i.set_cmd_pos_by_index  m8010.o
    0x080095d4   0x080095d4   0x0000003e   Code   RO         6531    i.sqrtf             m_wv.l(sqrtf.o)
    0x08009612   0x08009612   0x00000028   Code   RO         5044    i.uxListRemove      list.o
    0x0800963a   0x0800963a   0x00000002   PAD
    0x0800963c   0x0800963c   0x00000018   Code   RO          271    i.vApplicationGetIdleTaskMemory  freertos.o
    0x08009654   0x08009654   0x0000001a   Code   RO         5045    i.vListInitialise   list.o
    0x0800966e   0x0800966e   0x00000006   Code   RO         5046    i.vListInitialiseItem  list.o
    0x08009674   0x08009674   0x00000034   Code   RO         5047    i.vListInsert       list.o
    0x080096a8   0x080096a8   0x00000018   Code   RO         5048    i.vListInsertEnd    list.o
    0x080096c0   0x080096c0   0x00000054   Code   RO         6183    i.vPortEnterCritical  port.o
    0x08009714   0x08009714   0x0000003c   Code   RO         6184    i.vPortExitCritical  port.o
    0x08009750   0x08009750   0x000000a4   Code   RO         6114    i.vPortFree         heap_4.o
    0x080097f4   0x080097f4   0x00000028   Code   RO         6185    i.vPortSetupTimerInterrupt  port.o
    0x0800981c   0x0800981c   0x0000005c   Code   RO         5431    i.vTaskDelay        tasks.o
    0x08009878   0x08009878   0x000000b0   Code   RO         5444    i.vTaskStartScheduler  tasks.o
    0x08009928   0x08009928   0x00000010   Code   RO         5446    i.vTaskSuspendAll   tasks.o
    0x08009938   0x08009938   0x0000008c   Code   RO         5447    i.vTaskSwitchContext  tasks.o
    0x080099c4   0x080099c4   0x0000000e   Code   RO          272    i.vofa              freertos.o
    0x080099d2   0x080099d2   0x00000002   PAD
    0x080099d4   0x080099d4   0x00000168   Code   RO         6187    i.xPortStartScheduler  port.o
    0x08009b3c   0x08009b3c   0x00000064   Code   RO         5450    i.xTaskCreate       tasks.o
    0x08009ba0   0x08009ba0   0x000000ba   Code   RO         5451    i.xTaskCreateStatic  tasks.o
    0x08009c5a   0x08009c5a   0x00000002   PAD
    0x08009c5c   0x08009c5c   0x00000148   Code   RO         5458    i.xTaskIncrementTick  tasks.o
    0x08009da4   0x08009da4   0x00000104   Code   RO         5464    i.xTaskResumeAll    tasks.o
    0x08009ea8   0x08009ea8   0x0000000a   Code   RO         6715    x$fpl$fpinit        fz_wv.l(fpinit.o)
    0x08009eb2   0x08009eb2   0x00000000   Code   RO         6550    x$fpl$usenofp       fz_wv.l(usenofp.o)
    0x08009eb2   0x08009eb2   0x00000002   PAD
    0x08009eb4   0x08009eb4   0x00000054   Data   RO          274    .constdata          freertos.o
    0x08009f08   0x08009f08   0x00000008   Data   RO         1558    .constdata          stm32h7xx_hal_dma.o
    0x08009f10   0x08009f10   0x00000018   Data   RO         4282    .constdata          stm32h7xx_hal_uart.o
    0x08009f28   0x08009f28   0x00000010   Data   RO         4653    .constdata          stm32h7xx_hal_uart_ex.o
    0x08009f38   0x08009f38   0x00000010   Data   RO         4762    .constdata          system_stm32h7xx.o
    0x08009f48   0x08009f48   0x00000200   Data   RO         4806    .constdata          m8010.o
    0x0800a148   0x0800a148   0x00000004   Data   RO         4912    .constdata          vofa.o
    0x0800a14c   0x0800a14c   0x00000034   Data   RO         6261    .constdata          robot_map.o
    0x0800a180   0x0800a180   0x00000030   Data   RO         6552    .constdata          m_wv.l(cos_i.o)
    0x0800a1b0   0x0800a1b0   0x000000c8   Data   RO         6586    .constdata          m_wv.l(rred.o)
    0x0800a278   0x0800a278   0x00000028   Data   RO         6593    .constdata          m_wv.l(sin_i.o)
    0x0800a2a0   0x0800a2a0   0x00000024   Data   RO          275    .conststring        freertos.o
    0x0800a2c4   0x0800a2c4   0x00000030   Data   RO         6773    Region$$Table       anon$$obj.o


    Execution Region RW_IRAM1 (Exec base: 0x20000000, Load base: 0x0800a2f4, Size: 0x00003c00, Max: 0x00020000, ABSOLUTE)

    Exec Addr    Load Addr    Size         Type   Attr      Idx    E Section Name        Object

    0x20000000        -       0x00003c00   Zero   RW         6119    .bss                heap_4.o


    Execution Region RW_IRAM2 (Exec base: 0x24000000, Load base: 0x0800a2f4, Size: 0x00001ca0, Max: 0x00020000, ABSOLUTE)

    Exec Addr    Load Addr    Size         Type   Attr      Idx    E Section Name        Object

    0x24000000   0x0800a2f4   0x0000000c   Data   RW          276    .data               freertos.o
    0x2400000c   0x0800a300   0x00000009   Data   RW         2290    .data               stm32h7xx_hal.o
    0x24000015   0x0800a309   0x00000003   PAD
    0x24000018   0x0800a30c   0x00000008   Data   RW         4763    .data               system_stm32h7xx.o
    0x24000020   0x0800a314   0x0000003c   Data   RW         5467    .data               tasks.o
    0x2400005c   0x0800a350   0x00000020   Data   RW         6120    .data               heap_4.o
    0x2400007c   0x0800a370   0x0000000c   Data   RW         6188    .data               port.o
    0x24000088   0x0800a37c   0x00000030   Data   RW         6262    .data               robot_map.o
    0x240000b8   0x0800a3ac   0x0000003c   Data   RW         6310    .data               app_robot.o
    0x240000f4        -       0x00000260   Zero   RW          273    .bss                freertos.o
    0x24000354        -       0x00000794   Zero   RW          387    .bss                usart.o
    0x24000ae8        -       0x0000004c   Zero   RW          627    .bss                stm32h7xx_hal_timebase_tim.o
    0x24000b34        -       0x00000258   Zero   RW         4805    .bss                m8010.o
    0x24000d8c        -       0x00000048   Zero   RW         4911    .bss                vofa.o
    0x24000dd4        -       0x000000f0   Zero   RW         5466    .bss                tasks.o
    0x24000ec4        -       0x000005dc   Zero   RW         6260    .bss                robot_map.o
    0x240014a0        -       0x0000016c   Zero   RW         6309    .bss                app_robot.o
    0x2400160c        -       0x00000030   Zero   RW         6390    .bss                gait.o
    0x2400163c        -       0x00000060   Zero   RW         6631    .bss                c_w.l(libspace.o)
    0x2400169c   0x0800a3e8   0x00000004   PAD
    0x240016a0        -       0x00000200   Zero   RW            2    HEAP                startup_stm32h723xx.o
    0x240018a0        -       0x00000400   Zero   RW            1    STACK               startup_stm32h723xx.o


==============================================================================

Image component sizes


      Code (inc. data)   RO Data    RW Data    ZI Data      Debug   Object Name

      1294        130          0         60        364      12680   app_robot.o
       142          0          0          0          0      22979   cmsis_os.o
       224          6          0          0          0        958   dma.o
         0          0          0          0          0      15352   event_groups.o
       196         34        120         12        608       3747   freertos.o
       644         16          0          0         48       3993   gait.o
       356         20          0          0          0       1223   gpio.o
       724         74          0         32      15360       7419   heap_4.o
       148          0          0          0          0       3586   list.o
      1546        102        512          0        600       7274   m8010.o
       356         10          0          0          0    1210489   main.o
       894         78          0         12          0      11076   port.o
       276         28         52         48       1500       4021   robot_map.o
         4          0          0          0          0       1434   rx_callback.o
        64         26        716          0       1536        828   startup_stm32h723xx.o
       132         30          0          9          0      22250   stm32h7xx_hal.o
       458         40          0          0          0      41368   stm32h7xx_hal_cortex.o
      8650        164          8          0          0      13258   stm32h7xx_hal_dma.o
       508         50          0          0          0       2180   stm32h7xx_hal_gpio.o
        48          6          0          0          0        910   stm32h7xx_hal_msp.o
        96          6          0          0          0        757   stm32h7xx_hal_pwr_ex.o
      3496        120          0          0          0       7477   stm32h7xx_hal_rcc.o
      5140        112          0          0          0       7233   stm32h7xx_hal_rcc_ex.o
       972         84          0          0          0       6642   stm32h7xx_hal_tim.o
         6          0          0          0          0       2284   stm32h7xx_hal_tim_ex.o
       148         20          0          0         76       1560   stm32h7xx_hal_timebase_tim.o
      4590        166         24          0          0      35491   stm32h7xx_hal_uart.o
       360         10         16          0          0       5438   stm32h7xx_hal_uart_ex.o
       278         96          0          0          0      10534   stm32h7xx_it.o
         0          0          0          0          0        384   stream_buffer.o
       224         32         16          8          0       1346   system_stm32h7xx.o
      2158        270          0         60        240      20261   tasks.o
      1948        156          0          0       1940       5580   usart.o
       108          4          4          0         72       2454   vofa.o

    ----------------------------------------------------------------------
     36218       1890       1516        244      22344    1494466   Object Totals
         0          0         48          0          0          0   (incl. Generated)
        30          0          0          3          0          0   (incl. Padding)

    ----------------------------------------------------------------------

      Code (inc. data)   RO Data    RW Data    ZI Data      Debug   Library Member Name

         8          0          0          0          0         68   __main.o
         0          0          0          0          0          0   __rtentry.o
        12          0          0          0          0          0   __rtentry2.o
         6          0          0          0          0          0   __rtentry4.o
        52          8          0          0          0          0   __scatter.o
        26          0          0          0          0          0   __scatter_copy.o
        28          0          0          0          0          0   __scatter_zi.o
        22          0          0          0          0        100   _rserrno.o
        18          0          0          0          0         80   exit.o
         6          0          0          0          0        152   heapauxi.o
         0          0          0          0          0          0   indicate_semi.o
         2          0          0          0          0          0   libinit.o
         6          0          0          0          0          0   libinit2.o
         2          0          0          0          0          0   libshutdown.o
         2          0          0          0          0          0   libshutdown2.o
         8          4          0          0         96         68   libspace.o
       238          0          0          0          0        100   lludivv7m.o
         8          4          0          0          0         68   rt_errno_addr_intlibspace.o
        78          0          0          0          0         80   rt_memclr_w.o
       100          0          0          0          0         80   rt_memcpy_w.o
         2          0          0          0          0          0   rtexit.o
        10          0          0          0          0          0   rtexit2.o
        12          4          0          0          0         68   sys_exit.o
        74          0          0          0          0         80   sys_stackheap_outer.o
         2          0          0          0          0         68   use_no_semi.o
        10          0          0          0          0        116   fpinit.o
         0          0          0          0          0          0   usenofp.o
       292         58          0          0          0        176   acosf.o
       692         98          0          0          0        208   atan2f.o
       176         18          0          0          0        156   cos.o
       224         42         48          0          0        184   cos_i.o
        48         28          0          0          0        232   dunder.o
        24          0          0          0          0        124   fabs.o
        48          0          0          0          0        124   fpclassify.o
        38          0          0          0          0        116   fpclassifyf.o
        44         12          0          0          0        464   funder.o
       112          0          0          0          0        116   poly.o
       784        138        200          0          0        172   rred.o
       176         18          0          0          0        160   sin.o
       168         24         40          0          0        196   sin_i.o
       120          0          0          0          0        272   sqrtf.o

    ----------------------------------------------------------------------
      3694        456        288          0        100       3828   Library Totals
        16          0          0          0          4          0   (incl. Padding)

    ----------------------------------------------------------------------

      Code (inc. data)   RO Data    RW Data    ZI Data      Debug   Library Name

       722         20          0          0         96       1012   c_w.l
        10          0          0          0          0        116   fz_wv.l
      2946        436        288          0          0       2700   m_wv.l

    ----------------------------------------------------------------------
      3694        456        288          0        100       3828   Library Totals

    ----------------------------------------------------------------------

==============================================================================


      Code (inc. data)   RO Data    RW Data    ZI Data      Debug   

     39912       2346       1804        244      22444    1479078   Grand Totals
     39912       2346       1804        244      22444    1479078   ELF Image Totals
     39912       2346       1804        244          0          0   ROM Totals

==============================================================================

    Total RO  Size (Code + RO Data)                41716 (  40.74kB)
    Total RW  Size (RW Data + ZI Data)             22688 (  22.16kB)
    Total ROM Size (Code + RO Data + RW Data)      41960 (  40.98kB)

==============================================================================

